Check tests/save_cas_test.ts
Check tests/project_save_protocol_test.ts
Check tests/io_failure_recovery_test.ts
running 2 tests from ./tests/save_cas_test.ts
folder.append rejects a stale project.save and accepts the fresh baseline ... ok (124ms)
snapshot.create stores the caller copy without changing the CAS baseline ... ok (130ms)
running 3 tests from ./tests/project_save_protocol_test.ts
project.read_state stays pure and open_state returns the active lease ... ok (33ms)
bound project saves return compact ack and unchanged saves perform zero writes ... ok (49ms)
project.save rejects stale lease and wrong owner before changing canonical ... ok (24ms)
running 12 tests from ./tests/io_failure_recovery_test.ts
committed recovery journals are suppressed without deleting the journal ... ok (34ms)
project.open_state returns the filtered recovery journal with its canonical snapshot ... ok (31ms)
bound recovery clear removes only the visible journal and leaves Canonical unchanged ... ok (38ms)
canonical mutation receipt is detached while command context keeps its live project reference ... ok (47ms)
recovery journal with matching revision but different body stays visible ... ok (28ms)
backup symlink failure leaves Canonical unchanged and is not retryable ... ok (33ms)
a bound save after lease closure is not marked retryable ... ok (18ms)
canonical I/O counters are opt-in and show no-op versus committed writes ... ok (48ms)
DesktopService no-op project.save skips recovery, canonical, and search-index writes ... ok (19ms)
transient pre-promotion failure is retryable only after disk proves no commit ... ok (39ms)
lost rename acknowledgement is verified as committed and cleanup failure warns ... ok (44ms)
asset rename preserves target bytes when canonical commit outcome is uncertain ... ok (37ms)

ok | 17 passed | 0 failed (936ms)
