Check tests/browser_session_lock_test.ts
running 4 tests from ./tests/browser_session_lock_test.ts
browser session reads and writes do not adopt external Canonical state ... FAILED (48ms)
browser session identical serialization performs no sidecar replacement ... FAILED (1ms)
browser session save waits for a lock held by another Deno process ... FAILED (43ms)
browser session load waits for a lock held by another Deno process ... FAILED (135ms)

 ERRORS

browser session reads and writes do not adopt external Canonical state => ./tests/browser_session_lock_test.ts:10:6
error: Error: browser session load/save must not adopt a newer disk fingerprint into the active Canonical baseline
  if (!condition) throw new Error(message);
                        ^
    at assert (file:///private/tmp/workbench-deno-t4-baseline-7ec5571/tests/browser_session_lock_test.ts:5:25)
    at file:///private/tmp/workbench-deno-t4-baseline-7ec5571/tests/browser_session_lock_test.ts:43:5

browser session identical serialization performs no sidecar replacement => ./tests/browser_session_lock_test.ts:57:6
error: Error: same serialized session must keep the same sidecar inode
  if (!condition) throw new Error(message);
                        ^
    at assert (file:///private/tmp/workbench-deno-t4-baseline-7ec5571/tests/browser_session_lock_test.ts:5:25)
    at file:///private/tmp/workbench-deno-t4-baseline-7ec5571/tests/browser_session_lock_test.ts:70:5

browser session save waits for a lock held by another Deno process => ./tests/browser_session_lock_test.ts:94:6
error: Error: a second process must wait while the exclusive session lock is held
  if (!condition) throw new Error(message);
                        ^
    at assert (file:///private/tmp/workbench-deno-t4-baseline-7ec5571/tests/browser_session_lock_test.ts:5:25)
    at file:///private/tmp/workbench-deno-t4-baseline-7ec5571/tests/browser_session_lock_test.ts:140:5

browser session load waits for a lock held by another Deno process => ./tests/browser_session_lock_test.ts:173:6
error: Error: a read must wait while another process holds the exclusive session lock
  if (!condition) throw new Error(message);
                        ^
    at assert (file:///private/tmp/workbench-deno-t4-baseline-7ec5571/tests/browser_session_lock_test.ts:5:25)
    at file:///private/tmp/workbench-deno-t4-baseline-7ec5571/tests/browser_session_lock_test.ts:226:5

 FAILURES

browser session reads and writes do not adopt external Canonical state => ./tests/browser_session_lock_test.ts:10:6
browser session identical serialization performs no sidecar replacement => ./tests/browser_session_lock_test.ts:57:6
browser session save waits for a lock held by another Deno process => ./tests/browser_session_lock_test.ts:94:6
browser session load waits for a lock held by another Deno process => ./tests/browser_session_lock_test.ts:173:6

FAILED | 0 passed | 4 failed (232ms)

error: Test failed
