$ deno check scripts/dev_server.ts src/service/desktop.ts src/service/import_export.ts src/service/commands.ts tests/import_export_test.ts
CHECK_EXIT=0
$ deno test --allow-all tests/import_export_test.ts
running 27 tests from ./tests/import_export_test.ts
Markdown/TXT import is preview-first and content stays out of the course map ... ok (3ms)
course structure import creates CourseSeed/BlueprintDraft only ... ok (692µs)
asset import shows checksum duplicates and never executes scripts ... ok (1ms)
Word and PDF are explicit unsupported adapters ... ok (139µs)
Markdown and clean semantic HTML exports are deterministic ... ok (14ms)
paged HTML preflight freezes ordered pages and requires every warning acknowledgement ... ok (3ms)
browser PDF cannot silently ignore a requested output page size ... ok (408µs)
legacy single-section grids keep their section geometry; mixed coordinates require pagination ... ok (411µs)
preflight separates warnings from blocking layout/assets issues ... ok (1ms)
full project export excludes private conversation data and PDF is readable ... ok (11ms)
manual publication adapter records a user-facing publication ... ok (1ms)
desktop command boundary exposes preview, preflight, and export ... ok (53ms)
folder preview skips circular links and keeps long Unicode names portable ... ok (2ms)
blocking preflight cannot be bypassed and unsafe HTML asset paths are rejected ... ok (6ms)
multi-page image export emits stable files per LayoutSection ... ok (963µs)
full project preflight rejects asset symlinks that escape the project root ... ok (1ms)
export refuses a symlink at the final output target ... ok (1ms)
publish projection keeps scope/order/layout and omits workflow placeholders ... ok (4ms)
static web package is portable and copies only referenced assets ... ok (19ms)
full project export streams 256MiB with a measured bounded buffer ... ok (687ms)
export rejects same-size source changes despite restored mtime ... ok (19ms)
concurrent exports share the two-stream process budget ... ok (168ms)
staged download holds one measured server chunk and release frees it ... ok (70ms)
browser export downloads staged bytes over HTTP and release or shutdown closes them ... ok (457ms)
late export promotion failure restores every preexisting target ... ok (31ms)
preflight warns about media downgrade and failure leaves no partial artifact ... ok (1ms)
desktop confirmation installs a confirmed project import ... ok (31ms)

ok | 27 passed | 0 failed (1s)

TEST_EXIT=0
