{
  "root": "/tmp/workbench-io-ui-native-final/small",
  "canonical": {
    "size": 74813,
    "sha256": "7e0dbf219386d1ea23a6e1e46a97c2dc4c2fc33a51ff86b10cb0baecfe0e1384",
    "project_id": "aaaaaaaa-aaaa-4aaa-8aaa-aaaaaaaaaaaa",
    "title": "External canonical title QA",
    "validation_issues": 0,
    "stages": 2,
    "content_items": 4,
    "blocks": 22,
    "assets": 8
  },
  "lease": {
    "path": "/tmp/workbench-io-ui-native-final/small/.workspace/project.lock",
    "pid": 18646,
    "host": "localhost",
    "app_instance_id": "app-p18646-1791255702343-0-1566519f95591738eb3cd6c03cecb027226bc3383a9abca3",
    "opened_at": "2026-10-06T03:01:42.347Z",
    "heartbeat": "2026-10-06T03:03:47.564Z",
    "lease_generation_stored_in_lock": false
  },
  "physical_assets": [
    {
      "id": "00000000-0000-4000-8000-00000000001c",
      "storage_path": "assets/fixture-000.png",
      "size": 1488,
      "sha256": "0c479466fd0ea052ca693290293b423068552c091e37922de3944ce7eefdf0d3",
      "canonical_checksum": "0c479466fd0ea052ca693290293b423068552c091e37922de3944ce7eefdf0d3",
      "hash_matches": true
    },
    {
      "id": "00000000-0000-4000-8000-00000000001d",
      "storage_path": "assets/fixture-001.png",
      "size": 1482,
      "sha256": "3cced520167601a8cde0af73da82fa6a035f11e14976d3a19733701546d8078e",
      "canonical_checksum": "3cced520167601a8cde0af73da82fa6a035f11e14976d3a19733701546d8078e",
      "hash_matches": true
    },
    {
      "id": "00000000-0000-4000-8000-00000000001e",
      "storage_path": "assets/fixture-002.png",
      "size": 1503,
      "sha256": "e4943822009bebf60c212569ecad21c1fd176fbfb26552974c3e565a931b35aa",
      "canonical_checksum": "e4943822009bebf60c212569ecad21c1fd176fbfb26552974c3e565a931b35aa",
      "hash_matches": true
    },
    {
      "id": "00000000-0000-4000-8000-00000000001f",
      "storage_path": "assets/fixture-003.png",
      "size": 1519,
      "sha256": "96530624979bf1be2732b5a9b2da93536da71ee9f0cdd99abded5346600dbd80",
      "canonical_checksum": "96530624979bf1be2732b5a9b2da93536da71ee9f0cdd99abded5346600dbd80",
      "hash_matches": true
    },
    {
      "id": "00000000-0000-4000-8000-000000000020",
      "storage_path": "assets/fixture-00.gif",
      "size": 7493,
      "sha256": "eacfdc6858d34f7c3c299ed7fa75a2a9145981098c24b3900986957b9e94c0d2",
      "canonical_checksum": "eacfdc6858d34f7c3c299ed7fa75a2a9145981098c24b3900986957b9e94c0d2",
      "hash_matches": true
    },
    {
      "id": "00000000-0000-4000-8000-000000000021",
      "storage_path": "assets/fixture-00.mp4",
      "size": 8748,
      "sha256": "697f1b863079014da64bc345296d4671197a4d921341bf11ef71c26dc21cf7c6",
      "canonical_checksum": "697f1b863079014da64bc345296d4671197a4d921341bf11ef71c26dc21cf7c6",
      "hash_matches": true
    },
    {
      "id": "c58ea591-c559-46a7-bc1f-51a0a469396d",
      "storage_path": "assets/e7e4ed03-300c-4145-9d97-c3f8b9066fc7-workbench-io-ui-markdown-final.md",
      "size": 122,
      "sha256": "bb42001daa09abdc0e81897d5f3abc8c1b512c71f81777ecdb482f7aae419fe6",
      "canonical_checksum": "bb42001daa09abdc0e81897d5f3abc8c1b512c71f81777ecdb482f7aae419fe6",
      "hash_matches": true
    },
    {
      "id": "d5849787-a165-4c39-ba3b-b401bc4945f5",
      "storage_path": "assets/7cd8406e-81ab-4270-acc8-ceb54649c601-QA inbox triage item: retain thi.txt",
      "size": 49,
      "sha256": "e54c217894764ab188d0ddd0b25b2374617abc0b9bb46748fecf92b614f2c164",
      "canonical_checksum": "e54c217894764ab188d0ddd0b25b2374617abc0b9bb46748fecf92b614f2c164",
      "hash_matches": true
    }
  ]
}
