running 6 tests from ./tests/import_preview_lifecycle_test.ts
pending import previews are capped and can be released ... ok (86ms)
file previews keep no media payload and cap summaries at 512 KiB ... ok (3ms)
confirm rejects a source changed under the same size, mtime and identity ... ok (5ms)
expired previews are pruned while an active confirmation stays pinned ... ok (55ms)
twenty preview release cycles and service close leave no cached records ... ok (143ms)
twenty active confirmation cancels abort before canonical commit ... ok (99ms)
running 21 tests from ./tests/import_export_test.ts
Markdown/TXT import is preview-first and content stays out of the course map ... ok (3ms)
course structure import creates CourseSeed/BlueprintDraft only ... ok (795µs)
asset import shows checksum duplicates and never executes scripts ... ok (1ms)
Word and PDF are explicit unsupported adapters ... ok (158µs)
Markdown and clean semantic HTML exports are deterministic ... ok (15ms)
paged HTML preflight freezes ordered pages and requires every warning acknowledgement ... ok (5ms)
browser PDF cannot silently ignore a requested output page size ... ok (522µs)
legacy single-section grids keep their section geometry; mixed coordinates require pagination ... ok (782µs)
preflight separates warnings from blocking layout/assets issues ... ok (1ms)
full project export excludes private conversation data and PDF is readable ... ok (3ms)
manual publication adapter records a user-facing publication ... ok (1ms)
desktop command boundary exposes preview, preflight, and export ... ok (53ms)
folder preview skips circular links and keeps long Unicode names portable ... ok (3ms)
blocking preflight cannot be bypassed and unsafe HTML asset paths are rejected ... ok (7ms)
multi-page image export emits stable files per LayoutSection ... ok (1ms)
full project preflight rejects asset symlinks that escape the project root ... ok (1ms)
export refuses a symlink at the final output target ... ok (1ms)
publish projection keeps scope/order/layout and omits workflow placeholders ... ok (7ms)
static web package is portable and copies only referenced assets ... ok (3ms)
preflight warns about media downgrade and failure leaves no partial artifact ... ok (1ms)
desktop confirmation installs a confirmed project import ... ok (51ms)
running 1 test from ./tests/project_read_state_test.ts
project.read_state returns the canonical fingerprint without opening or writing ... ok (17ms)

ok | 28 passed | 0 failed (798ms)

