Check tests/import_export_test.ts
Check tests/service_test.ts
Check tests/project_save_protocol_test.ts
running 30 tests from ./tests/import_export_test.ts
Markdown/TXT import is preview-first and content stays out of the course map ... ok (2ms)
course structure import creates CourseSeed/BlueprintDraft only ... ok (460µs)
asset import shows checksum duplicates and never executes scripts ... ok (1ms)
incomplete import rollback retains recovery backups through outer cleanup ... ok (27ms)
incomplete import rollback exposes a safe recovery path through CommandBus ... ok (51ms)
Word and PDF are explicit unsupported adapters ... ok (192µs)
Markdown and clean semantic HTML exports are deterministic ... ok (12ms)
paged HTML preflight freezes ordered pages and requires every warning acknowledgement ... ok (3ms)
browser PDF cannot silently ignore a requested output page size ... ok (423µs)
legacy single-section grids keep their section geometry; mixed coordinates require pagination ... ok (456µs)
preflight separates warnings from blocking layout/assets issues ... ok (767µs)
full project export excludes private conversation data and PDF is readable ... ok (2ms)
manual publication adapter records a user-facing publication ... ok (904µs)
desktop command boundary exposes preview, preflight, and export ... ok (60ms)
folder preview skips circular links and keeps long Unicode names portable ... ok (1ms)
blocking preflight cannot be bypassed and unsafe HTML asset paths are rejected ... ok (7ms)
multi-page image export emits stable files per LayoutSection ... ok (1ms)
full project preflight rejects asset symlinks that escape the project root ... ok (873µs)
export refuses a symlink at the final output target ... ok (951µs)
publish projection keeps scope/order/layout and omits workflow placeholders ... ok (4ms)
static web package is portable and copies only referenced assets ... ok (17ms)
full project export streams 256MiB with a measured bounded buffer ... ok (749ms)
export rejects same-size source changes despite restored mtime ... ok (22ms)
concurrent exports share the two-stream process budget ... ok (163ms)
staged download holds one measured server chunk and release frees it ... ok (127ms)
release during a successful open closes the unregistered download handle ... ok (211ms)
browser export downloads staged bytes over HTTP and release or shutdown closes them ... ok (473ms)
late export promotion failure restores every preexisting target ... ok (32ms)
preflight warns about media downgrade and failure leaves no partial artifact ... ok (1ms)
desktop confirmation installs a confirmed project import ... ok (57ms)
running 22 tests from ./tests/service_test.ts
high-level command bus rejects raw bridge operations and isolates handler failures ... ok (1ms)
desktop save accepts the bridge project envelope ... ok (60ms)
domain, derived and UI event channels stay separate ... ok (172µs)
same-type domain event recursion is suppressed ... ok (59µs)
job can be cancelled and reports status ... ok (567µs)
project storage uses recovery journal, lock and persistent snapshots ... ok (140ms)
external modification blocks manual save and autosave until reload or merge resolution ... ok (82ms)
active project lock blocks a second editor ... ok (6ms)
writable storage APIs require an owned project lock ... ok (393µs)
project file paths reject traversal before filesystem access ... ok (6ms)
project file paths reject symlink escapes ... ok (5ms)
project root symlinks are rejected ... ok (522µs)
permission path checks reject symlink escapes ... ok (501µs)
permission path checks reject a symlink project root ... ok (338µs)
stale takeover cannot be overwritten by the old heartbeat ... ok (17ms)
malformed stale locks remain recoverable ... ok (22ms)
fresh malformed locks remain protected and invalid heartbeat uses mtime ... ok (17ms)
failed migration keeps the original canonical file ... ok (6ms)
read-only storage never leaves a snapshot side effect ... ok (19ms)
rejected credentials never enter the recovery journal ... ok (7ms)
secret-bearing canonical files are rejected on load ... ok (1ms)
secrets, unsafe HTML and export-only sensitive fields are excluded ... ok (4ms)
running 3 tests from ./tests/project_save_protocol_test.ts
project.read_state stays pure and open_state returns the active lease ... ok (34ms)
bound project saves return compact ack and unchanged saves perform zero writes ... ok (48ms)
project.save rejects stale lease and wrong owner before changing canonical ... ok (23ms)

ok | 55 passed | 0 failed (2s)

