DENO REGISTRY AVAILABILITY GREEN
Source: baseline pin plus focused local Deno registry fix
Command: deno test -A tests/project_registry_test.ts
TEST_EXIT=0

running 15 tests from ./tests/project_registry_test.ts
a recorded project is written with only the §4.1 fields ... ok (4ms)
an open that reports no location refreshes the row instead of erasing it ... ok (123µs)
a brand-new row with no location is refused ... ok (204µs)
the same id at two live folders asks the user rather than merging ... ok (71µs)
reopening a moved project follows the id to the new folder ... ok (43µs)
relocating refuses a folder whose id does not match ... ok (232µs)
relocating onto the stored path keeps the row rather than deleting it ... ok (50µs)
a folder recorded under a new id retires the row that claimed it ... ok (47µs)
removing a row deletes the row and nothing else ... ok (2ms)
removeRows without a path removes every row for that id ... ok (50µs)
a damaged registry reads as empty and keeps the file for diagnosis ... ok (952µs)
closed project roots stay available while bare folders do not ... ok (13ms)
registryProjectAvailable rejects paths it must not trust ... ok (1ms)
a row that is not a row is dropped rather than echoed ... ok (145µs)
rows sort newest first with the id as a stable tiebreak ... ok (46µs)

ok | 15 passed | 0 failed (27ms)
