DENO FINAL CHECK
Source pin: 7555f02fdbdad1c3aa558b2b85e3cfe6fb8fa3be
Command: deno task check
EXIT=0

Task check deno check app/constants.js app/boot.js app/main.js app/recovery.js app/persistence.js app/authoring.js app/canvas.js app/views.js app/markdown.js app/ai.js src/domain/index.ts src/ui/model.ts src/ui/contracts.ts tests/core_test.ts tests/ui_test.ts tests/workbench_ui_test.ts tests/service_test.ts tests/import_export_test.ts tests/t04_scan_test.ts tests/t04_explorer_test.ts tests/t04_mapping_test.ts tests/t04_adoption_test.ts tests/acceptance_test.ts tests/completeness_test.ts tests/native_boundary_test.ts tests/recovery_ui_test.ts tests/persistence_scheduler_test.ts tests/browser_session_test.ts tests/browser_session_generation_test.ts tests/asset_preview_batch_test.ts tests/authoring_test.ts tests/authoring_ui_test.ts tests/markdown_test.ts tests/markdown_image_refs_test.ts tests/video_frame_test.ts tests/native_boot_test.ts tests/ai_workflow_test.ts tests/ai_transport_test.ts tests/ai_ui_test.ts tests/ai_provider_config_test.ts tests/ai_subscription_stages_test.ts tests/grid_pointer_test.ts tests/asset_thumbnail_test.ts tests/dogfooding_test.ts tests/asset_batch_import_test.ts tests/editor_compile_test.ts tests/smart_project_inspect_test.ts tests/smart_open_routing_test.ts tests/descendant_media_scan_test.ts tests/descendant_media_adoption_test.ts tests/asset_physical_rename_test.ts tests/smart_open_adoption_backup_test.ts tests/media_preview_stability_test.ts tests/project_registry_test.ts tests/registry_launcher_test.ts tests/document_import_dialog_test.ts tests/project_save_protocol_test.ts tests/project_read_state_test.ts tests/snapshot_persistence_test.ts tests/browser_session_lock_test.ts tests/import_preview_lifecycle_test.ts tests/io_failure_recovery_test.ts scripts/dev_server.ts
Check app/constants.js
Check app/boot.js
Check app/main.js
Check app/recovery.js
Check app/persistence.js
Check app/authoring.js
Check app/canvas.js
Check app/views.js
Check app/markdown.js
Check app/ai.js
Check src/domain/index.ts
Check src/ui/model.ts
Check src/ui/contracts.ts
Check tests/core_test.ts
Check tests/ui_test.ts
Check tests/workbench_ui_test.ts
Check tests/service_test.ts
Check tests/import_export_test.ts
Check tests/t04_scan_test.ts
Check tests/t04_explorer_test.ts
Check tests/t04_mapping_test.ts
Check tests/t04_adoption_test.ts
Check tests/acceptance_test.ts
Check tests/completeness_test.ts
Check tests/native_boundary_test.ts
Check tests/recovery_ui_test.ts
Check tests/persistence_scheduler_test.ts
Check tests/browser_session_test.ts
Check tests/browser_session_generation_test.ts
Check tests/asset_preview_batch_test.ts
Check tests/authoring_test.ts
Check tests/authoring_ui_test.ts
Check tests/markdown_test.ts
Check tests/markdown_image_refs_test.ts
Check tests/video_frame_test.ts
Check tests/native_boot_test.ts
Check tests/ai_workflow_test.ts
Check tests/ai_transport_test.ts
Check tests/ai_ui_test.ts
Check tests/ai_provider_config_test.ts
Check tests/ai_subscription_stages_test.ts
Check tests/grid_pointer_test.ts
Check tests/asset_thumbnail_test.ts
Check tests/dogfooding_test.ts
Check tests/asset_batch_import_test.ts
Check tests/editor_compile_test.ts
Check tests/smart_project_inspect_test.ts
Check tests/smart_open_routing_test.ts
Check tests/descendant_media_scan_test.ts
Check tests/descendant_media_adoption_test.ts
Check tests/asset_physical_rename_test.ts
Check tests/smart_open_adoption_backup_test.ts
Check tests/media_preview_stability_test.ts
Check tests/project_registry_test.ts
Check tests/registry_launcher_test.ts
Check tests/document_import_dialog_test.ts
Check tests/project_save_protocol_test.ts
Check tests/project_read_state_test.ts
Check tests/snapshot_persistence_test.ts
Check tests/browser_session_lock_test.ts
Check tests/import_preview_lifecycle_test.ts
Check tests/io_failure_recovery_test.ts
Check scripts/dev_server.ts
