HEAD e4431d4840077b94cc87e966d44f1ecceda4b178

Source SHA256
1b7008dd970dc56437606910113702a4be37e61cde8abc8d4b7467fa9ceedd78  scripts/dev_server.ts
dd6f1495095ac1ba6b4e6cea5663efaebda08ad333894b8752bdd9599490e711  src/service/browser_session.ts
f06e732a7aa9996162afc68040a1eb0c5d7c6a929da0de3c7c0d16b613c91bf2  src/service/commands.ts
c27ff22fcf3b927ffc54b0362147951ef3658c94009fe971595d8a3ae72624d4  src/service/desktop.ts
3bab32bc9ff27fdf4d003e256e2ceee91a95ff7479870a0babd526d87c9868cc  src/service/folder_adoption.ts
02d8dc8f78c0de89f44b24c9d41b1349c78297305862bf1bd0a7d31fcf30a8f3  src/service/import_export.ts
da690fed0fbe02d0f8b0f1c7d98a006dc61f845c6c0d33f5b03ada41f0cf83a3  src/service/storage.ts
8eb0592f15936e5d167b5e63c248fa7463e1e82ec39ddfbbddc1f79128ca1f91  tests/asset_preview_batch_test.ts
5d2b37b4e4efdf25fc59aa1b743f8d52c8364c047d542e8a76541be754e8f2dc  tests/browser_session_generation_test.ts
7f6f42b092d21ad3f0990d6c0e228f6b9a03ad95b7712ddca706d75ddb708641  tests/import_export_test.ts
e62290cc3e238864adc8dab9b65466d3906e2d5883d80d18eb987ba99d2eacce  tests/import_preview_lifecycle_test.ts
3a730537a99c933c3ab9205d8d88423b26eab96e21af01189b50e427153969c7  tests/io_failure_recovery_test.ts
d0969833f47f53a8cabe15c4815ef52dd39734474f043b2253beb05f24f38e63  tests/project_save_protocol_test.ts
e55a231f213cd4206a676bd3bbe155b2ea6c8a431b03a59e2f7bf429ebbd67f5  tests/service_test.ts
ee67190cbe6a53ce1c0e8c0d1705b7e122ed1339e596420e854a43984a4695b3  tests/snapshot_persistence_test.ts
Task check deno check app/constants.js app/boot.js app/main.js app/recovery.js app/persistence.js app/authoring.js app/canvas.js app/views.js app/markdown.js app/ai.js src/domain/index.ts src/ui/model.ts src/ui/contracts.ts tests/core_test.ts tests/ui_test.ts tests/workbench_ui_test.ts tests/service_test.ts tests/import_export_test.ts tests/t04_scan_test.ts tests/t04_explorer_test.ts tests/t04_mapping_test.ts tests/t04_adoption_test.ts tests/acceptance_test.ts tests/completeness_test.ts tests/native_boundary_test.ts tests/recovery_ui_test.ts tests/persistence_scheduler_test.ts tests/browser_session_test.ts tests/browser_session_generation_test.ts tests/asset_preview_batch_test.ts tests/authoring_test.ts tests/authoring_ui_test.ts tests/markdown_test.ts tests/markdown_image_refs_test.ts tests/video_frame_test.ts tests/native_boot_test.ts tests/ai_workflow_test.ts tests/ai_transport_test.ts tests/ai_ui_test.ts tests/ai_provider_config_test.ts tests/ai_subscription_stages_test.ts tests/grid_pointer_test.ts tests/asset_thumbnail_test.ts tests/dogfooding_test.ts tests/asset_batch_import_test.ts tests/editor_compile_test.ts tests/smart_project_inspect_test.ts tests/smart_open_routing_test.ts tests/descendant_media_scan_test.ts tests/descendant_media_adoption_test.ts tests/asset_physical_rename_test.ts tests/smart_open_adoption_backup_test.ts tests/media_preview_stability_test.ts tests/project_registry_test.ts tests/registry_launcher_test.ts tests/document_import_dialog_test.ts tests/project_save_protocol_test.ts tests/project_read_state_test.ts tests/snapshot_persistence_test.ts tests/browser_session_lock_test.ts tests/import_preview_lifecycle_test.ts tests/io_failure_recovery_test.ts scripts/dev_server.ts
Check app/constants.js
Check app/boot.js
Check app/main.js
Check app/recovery.js
Check app/persistence.js
Check app/authoring.js
Check app/canvas.js
Check app/views.js
Check app/markdown.js
Check app/ai.js
Check src/domain/index.ts
Check src/ui/model.ts
Check src/ui/contracts.ts
Check tests/core_test.ts
Check tests/ui_test.ts
Check tests/workbench_ui_test.ts
Check tests/service_test.ts
Check tests/import_export_test.ts
Check tests/t04_scan_test.ts
Check tests/t04_explorer_test.ts
Check tests/t04_mapping_test.ts
Check tests/t04_adoption_test.ts
Check tests/acceptance_test.ts
Check tests/completeness_test.ts
Check tests/native_boundary_test.ts
Check tests/recovery_ui_test.ts
Check tests/persistence_scheduler_test.ts
Check tests/browser_session_test.ts
Check tests/browser_session_generation_test.ts
Check tests/asset_preview_batch_test.ts
Check tests/authoring_test.ts
Check tests/authoring_ui_test.ts
Check tests/markdown_test.ts
Check tests/markdown_image_refs_test.ts
Check tests/video_frame_test.ts
Check tests/native_boot_test.ts
Check tests/ai_workflow_test.ts
Check tests/ai_transport_test.ts
Check tests/ai_ui_test.ts
Check tests/ai_provider_config_test.ts
Check tests/ai_subscription_stages_test.ts
Check tests/grid_pointer_test.ts
Check tests/asset_thumbnail_test.ts
Check tests/dogfooding_test.ts
Check tests/asset_batch_import_test.ts
Check tests/editor_compile_test.ts
Check tests/smart_project_inspect_test.ts
Check tests/smart_open_routing_test.ts
Check tests/descendant_media_scan_test.ts
Check tests/descendant_media_adoption_test.ts
Check tests/asset_physical_rename_test.ts
Check tests/smart_open_adoption_backup_test.ts
Check tests/media_preview_stability_test.ts
Check tests/project_registry_test.ts
Check tests/registry_launcher_test.ts
Check tests/document_import_dialog_test.ts
Check tests/project_save_protocol_test.ts
Check tests/project_read_state_test.ts
Check tests/snapshot_persistence_test.ts
Check tests/browser_session_lock_test.ts
Check tests/import_preview_lifecycle_test.ts
Check tests/io_failure_recovery_test.ts
Check scripts/dev_server.ts

DENO_TASK_CHECK_EXIT=0
