Check tests/dogfooding_test.ts
Check tests/editor_compile_test.ts
Check tests/workbench_ui_test.ts
running 28 tests from ./tests/dogfooding_test.ts
the project picker opens A, B, and A again without going silent ... ok (64ms)
empty folder open explains missing project.json and next steps ... ok (31ms)
invalid project JSON open explains damage instead of opaque-only copy ... ok (31ms)
malformed project payload open explains structure, not opaque-only copy ... ok (30ms)
autosave refreshes the chrome without rebuilding the editor ... ok (50ms)
an in-flight IME composition is never rebuilt underneath ... ok (38ms)
a render keeps the scroll position of the editor panes ... ok (32ms)
a click inside a dialog does not close it, a click on the backdrop does ... ok (34ms)
hint text never reaches canonical content ... ok (30ms)
a new block is selected and the properties panel opens without stealing focus ... ok (26ms)
the render that creates a block already shows 属性 ... ok (33ms)
every overlay hands the caret to its field when it opens ... ok (44ms)
blur into an action keeps the editor and action alive until click dispatch ... ok (34ms)
pointerdown preserves an action through native blur without relatedTarget ... ok (35ms)
pointer cancellation releases a deferred editor blur without running the action ... ok (34ms)
blur away from an action still commits the pending editor change ... ok (34ms)
the course title edits inline and survives a reload ... ok (28ms)
a real click on the course title opens the inline editor and it stays open ... ok (32ms)
changing the requirement type in 属性 keeps every projection in agreement ... ok (26ms)
the preview draws the real grid geometry and lists unplaced content ... ok (28ms)
preview markup carries grid position, span, section and unplaced content ... ok (61ms)
P2-3 Flow reordering writes the one canonical block order ... ok (26ms)
P2-4 a grid block lands on the first free cell and can be moved deliberately ... ok (28ms)
P2-2 and P2-4 markup matches the interaction model it promises ... ok (27ms)
modal keyboard trap wraps Tab, skips hidden controls and Escape restores its trigger ... ok (31ms)
mapping confirmation restores focus after its async document scan is escaped ... ok (35ms)
Escape safely dismisses rename, locked-project and duplicate-project dialogs ... ok (33ms)
a single lesson reports gaps instead of a made-up percentage ... ok (25ms)
running 21 tests from ./tests/editor_compile_test.ts
**你好** becomes bold text with the markers gone ... ok (570µs)
each first-class inline mark compiles at its closing token ... ok (160µs)
compiling leaves the caret exactly where the user was typing ... ok (195µs)
text around a compiled run keeps its spaces ... ok (69µs)
unfinished or degenerate syntax is left alone ... ok (104µs)
typing **bold** after text never reads the tail of ** as emphasis ... ok (511µs)
a selection the editor does not own never rewrites the block ... ok (137µs)
focusTextOffset puts the caret back after a converting render ... ok (244µs)
a lone inline code span becomes a code block, nothing else does ... ok (17ms)
heading, quote and divider syntax convert to their block types ... ok (1ms)
canonical escaping never hides the syntax the user typed ... ok (1ms)
a fenced body keeps its literal backslashes through conversion ... ok (207µs)
conversion refuses ambiguous structures and enables typed list rendering ... ok (3ms)
conversion never rewrites a block that is already in that shape ... ok (91µs)
divider, media and placeholder blocks are not conversion inputs ... ok (42µs)
the block UI has no B/I/S buttons and no Markdown source surface ... ok (3ms)
chrome stays in the markup so the stylesheet can overlay it ... ok (1ms)
the stylesheet hides block chrome by default and reveals it as an overlay ... ok (941µs)
typing ## 标题 converts the block and costs exactly one Undo step ... ok (36ms)
typed Markdown lists keep paragraph storage, render as lists and stay undoable ... ok (28ms)
a conversion with no text change still lands as one entry ... ok (28ms)
running 5 tests from ./tests/workbench_ui_test.ts
Workbench shell keeps one collapse control per local sidebar ... ok (2ms)
left nav lists 工作台 between 课程地图 and 收件箱 as a real open-workbench entry ... ok (1ms)
shared controls align core workbench surfaces without losing compact exceptions ... ok (1ms)
returning to the launcher keeps the project and continue position intact ... ok (46ms)
user-facing copy explains safety, continuation, and next actions ... ok (2ms)

ok | 54 passed | 0 failed (1s)
