Date UTC: 2026-10-06T01:41:38Z
Source HEAD: 2a93b32bd4acdac4da7141a736f884d49582f960
Command: deno test -A tests/ui_test.ts tests/media_preview_stability_test.ts tests/recovery_ui_test.ts tests/dogfooding_test.ts

running 6 tests from ./tests/ui_test.ts
Grid movement snaps to integer tracks and stays inside the grid ... ok (292µs)
Export preflight reports content/layout gaps without blocking export ... ok (87µs)
Canonical payload is newline-terminated and independent of UI state ... ok (134µs)
Desktop shell restores persisted state and supports palette keyboard actions ... ok (8ms)
requirement panel CSS forbids horizontal scroll ... ok (820µs)
version history rows keep notes readable beside the restore action ... ok (610µs)
running 13 tests from ./tests/media_preview_stability_test.ts
scrolling a 120-card library top → bottom → top never regresses a loaded preview ... ok (752ms)
a burst of newly visible cards keeps the load queue bounded and drops doomed reads ... ok (119ms)
holding the byte budget drops a painted card only after repainting it ... ok (75ms)
a card the byte budget took over says 已释放 and returns on the user's retry ... ok (150ms)
reading a preview does not reorder the eviction queue ... ok (463µs)
a late response is discarded instead of writing over newer state ... ok (59ms)
a card the user is pressing keeps its identity and takes the click across the storm ... ok (593ms)
a superseded attempt for one key cannot write over the newer preview ... ok (161ms)
a library larger than the entry ceiling releases painted cards only after repainting them, and never re-arms one ... ok (583ms)
a re-render re-arms no load for a card that already has a ready preview ... ok (494ms)
every preview state paints the same frame box, with no per-state geometry ... ok (10ms)
the 重试预览 button the real patch paints is bound by the real binder and takes the click ... ok (403ms)
batched media errors settle visibly and typed images never decode as text ... ok (2ms)
running 13 tests from ./tests/recovery_ui_test.ts
UI recovery queue serializes saves and survives a failed task ... ok (253µs)
UI surfaces backend recovery warnings from import results ... ok (285µs)
native project transitions keep A to B to A reader positions and session identities ... ok (26ms)
native failed transitions keep the old session for missing, invalid, and locked targets ... ok (13ms)
WorkbenchStore flush retries a mutation that lands during save ... ok (365ms)
WorkbenchStore surfaces autosave conflicts and reload establishes a usable state ... ok (12ms)
pending recovery keeps canonical data until restore snapshots it ... ok (12ms)
browser startup keeps the recovery journal returned with open state ... ok (10ms)
native startup clears a persisted project path when opening loses its lease ... ok (10ms)
native project switching rolls back the target when the old lease cannot close ... ok (12ms)
native open releases a provisional lease when project data is malformed ... ok (12ms)
native open does not close a lease when project_open rejects ... ok (14ms)
native open keeps a null project result unleased ... ok (10ms)
running 23 tests from ./tests/dogfooding_test.ts
the project picker opens A, B, and A again without going silent ... ok (17ms)
empty folder open explains missing project.json and next steps ... ok (6ms)
invalid project JSON open explains damage instead of opaque-only copy ... ok (9ms)
malformed project payload open explains structure, not opaque-only copy ... ok (7ms)
autosave refreshes the chrome without rebuilding the editor ... ok (21ms)
an in-flight IME composition is never rebuilt underneath ... ok (13ms)
a render keeps the scroll position of the editor panes ... ok (11ms)
a click inside a dialog does not close it, a click on the backdrop does ... ok (12ms)
hint text never reaches canonical content ... ok (7ms)
a new block is selected and the properties panel opens without stealing focus ... ok (6ms)
the render that creates a block already shows 属性 ... ok (11ms)
every overlay hands the caret to its field when it opens ... ok (23ms)
the course title edits inline and survives a reload ... ok (9ms)
a real click on the course title opens the inline editor and it stays open ... ok (11ms)
changing the requirement type in 属性 keeps every projection in agreement ... ok (7ms)
the preview draws the real grid geometry and lists unplaced content ... ok (8ms)
preview markup carries grid position, span, section and unplaced content ... ok (24ms)
P2-3 Flow reordering writes the one canonical block order ... ok (6ms)
P2-4 a grid block lands on the first free cell and can be moved deliberately ... ok (7ms)
P2-2 and P2-4 markup matches the interaction model it promises ... ok (8ms)
modal keyboard trap wraps Tab, skips hidden controls and Escape restores its trigger ... ok (10ms)
Escape safely dismisses rename, locked-project and duplicate-project dialogs ... ok (11ms)
a single lesson reports gaps instead of a made-up percentage ... ok (6ms)

ok | 55 passed | 0 failed (4s)

