date: 2026-10-06T01:20:09Z
head: 8dba0b214c4fbdfcb93603b07bfd81bb4b7647cb
command: deno test -A tests/ui_test.ts tests/media_preview_stability_test.ts
deno 2.9.5 (stable, release, aarch64-apple-darwin)
v8 15.0.245.2-rusty
typescript 6.0.3
running 6 tests from ./tests/ui_test.ts
Grid movement snaps to integer tracks and stays inside the grid ... ok (319µs)
Export preflight reports content/layout gaps without blocking export ... ok (76µs)
Canonical payload is newline-terminated and independent of UI state ... ok (118µs)
Desktop shell restores persisted state and supports palette keyboard actions ... ok (10ms)
requirement panel CSS forbids horizontal scroll ... ok (793µs)
version history rows keep notes readable beside the restore action ... ok (548µs)
running 13 tests from ./tests/media_preview_stability_test.ts
scrolling a 120-card library top → bottom → top never regresses a loaded preview ... ok (774ms)
a burst of newly visible cards keeps the load queue bounded and drops doomed reads ... ok (125ms)
holding the byte budget drops a painted card only after repainting it ... ok (76ms)
a card the byte budget took over says 已释放 and returns on the user's retry ... ok (153ms)
reading a preview does not reorder the eviction queue ... ok (263µs)
a late response is discarded instead of writing over newer state ... ok (59ms)
a card the user is pressing keeps its identity and takes the click across the storm ... ok (593ms)
a superseded attempt for one key cannot write over the newer preview ... ok (168ms)
a library larger than the entry ceiling releases painted cards only after repainting them, and never re-arms one ... ok (565ms)
a re-render re-arms no load for a card that already has a ready preview ... ok (489ms)
every preview state paints the same frame box, with no per-state geometry ... ok (3ms)
the 重试预览 button the real patch paints is bound by the real binder and takes the click ... ok (374ms)
batched media errors settle visibly and typed images never decode as text ... ok (2ms)

ok | 19 passed | 0 failed (3s)

exit: 0
