Check tests/native_boot_test.ts
running 23 tests from ./tests/native_boot_test.ts
native launch opens the --project-dir project and persists it ... ok (24ms)
opening a project retains recovery_journal from its open-state acknowledgment ... ok (23ms)
a late native open-state reply cannot relabel the active bridge directory ... ok (9ms)
URL project_dir preserves a legitimate trailing space ... ok (9ms)
failed A-to-B switch restores A's opened lease before the next save ... ok (13ms)
a late save acknowledgement cannot replace a newer accepted project baseline ... ok (9ms)
native Bridge saves use monotonic numeric revisions and stale acknowledgements stay dirty ... ok (733ms)
snapshot history only shows a matching persisted create acknowledgement ... ok (20ms)
snapshot restore adopts the committed project without a duplicate save ... ok (15ms)
native close immediately flushes and releases the committed project session ... ok (26ms)
native close keeps a leased project open when flush is blocked by external changes ... ok (29ms)
native rich-editor duplicate input does not revise or queue an unchanged body ... ok (663ms)
native cold close confirms exit without saving a placeholder project ... ok (36ms)
native directory exports use folder names and report folder output ... ok (31ms)
native close waits for a first project switch before releasing its provisional lease ... ok (49ms)
native session keeps the reader position for restart ... ok (24ms)
native launch locator restores the matching persisted layout page ... ok (10ms)
native launch does not inherit a different project's reader page ... ok (9ms)
native relaunch without a launch locator reads a full session once ... ok (11ms)
native boot degrades to the launcher when the project cannot open ... ok (9ms)
a project that is only leased elsewhere keeps its resume pointer ... ok (8ms)
asset.read carries the nested input the shell expects ... ok (10ms)
native import, media, and AI bridge calls match Tauri command argument names ... ok (36ms)

ok | 23 passed | 0 failed (1s)
