running 26 tests from ./tests/dogfooding_test.ts
the project picker opens A, B, and A again without going silent ... ok (78ms)
empty folder open explains missing project.json and next steps ... ok (41ms)
invalid project JSON open explains damage instead of opaque-only copy ... ok (45ms)
malformed project payload open explains structure, not opaque-only copy ... ok (44ms)
autosave refreshes the chrome without rebuilding the editor ... ok (72ms)
an in-flight IME composition is never rebuilt underneath ... ok (63ms)
a render keeps the scroll position of the editor panes ... ok (58ms)
a click inside a dialog does not close it, a click on the backdrop does ... ok (59ms)
hint text never reaches canonical content ... ok (57ms)
a new block is selected and the properties panel opens without stealing focus ... ok (68ms)
the render that creates a block already shows 属性 ... ok (64ms)
every overlay hands the caret to its field when it opens ... ok (72ms)
blur into an action keeps the editor and action alive until click dispatch ... ok (69ms)
blur away from an action still commits the pending editor change ... ok (69ms)
the course title edits inline and survives a reload ... ok (56ms)
a real click on the course title opens the inline editor and it stays open ... ok (71ms)
changing the requirement type in 属性 keeps every projection in agreement ... ok (64ms)
the preview draws the real grid geometry and lists unplaced content ... ok (83ms)
preview markup carries grid position, span, section and unplaced content ... ok (161ms)
P2-3 Flow reordering writes the one canonical block order ... ok (83ms)
P2-4 a grid block lands on the first free cell and can be moved deliberately ... ok (139ms)
P2-2 and P2-4 markup matches the interaction model it promises ... ok (125ms)
modal keyboard trap wraps Tab, skips hidden controls and Escape restores its trigger ... ok (1s)
mapping confirmation restores focus after its async document scan is escaped ... ok (1s)
Escape safely dismisses rename, locked-project and duplicate-project dialogs ... ok (729ms)
a single lesson reports gaps instead of a made-up percentage ... ok (267ms)

ok | 26 passed | 0 failed (5s)
