Check tests/dogfooding_test.ts
Check tests/native_boot_test.ts
running 30 tests from ./tests/dogfooding_test.ts
the project picker opens A, B, and A again without going silent ... ok (31ms)
empty folder open explains missing project.json and next steps ... ok (10ms)
invalid project JSON open explains damage instead of opaque-only copy ... ok (11ms)
malformed project payload open explains structure, not opaque-only copy ... ok (10ms)
autosave refreshes the chrome without rebuilding the editor ... ok (25ms)
an in-flight IME composition is never rebuilt underneath ... ok (18ms)
a render keeps the scroll position of the editor panes ... ok (17ms)
reader center scroll persists and restores only for its rendered tab ... ok (56ms)
a click inside a dialog does not close it, a click on the backdrop does ... ok (16ms)
hint text never reaches canonical content ... ok (12ms)
a new block is selected and the properties panel opens without stealing focus ... ok (10ms)
the render that creates a block already shows 属性 ... ok (14ms)
every overlay hands the caret to its field when it opens ... ok (23ms)
blur into an action keeps the editor and action alive until click dispatch ... ok (17ms)
pointerdown preserves an action through native blur without relatedTarget ... ok (17ms)
pointer cancellation releases a deferred editor blur without running the action ... ok (31ms)
blur away from an action still commits the pending editor change ... ok (22ms)
the course title edits inline and survives a reload ... ok (33ms)
a real click on the course title opens the inline editor and it stays open ... ok (65ms)
changing the requirement type in 属性 keeps every projection in agreement ... ok (20ms)
the preview draws the real grid geometry and lists unplaced content ... ok (37ms)
preview markup carries grid position, span, section and unplaced content ... ok (24ms)
P2-3 Flow reordering writes the one canonical block order ... ok (17ms)
P2-4 a grid block lands on the first free cell and can be moved deliberately ... ok (13ms)
P2-2 and P2-4 markup matches the interaction model it promises ... ok (11ms)
modal keyboard trap wraps Tab, skips hidden controls and Escape restores its trigger ... ok (12ms)
a failed merge preview exposes explicit keep-local without writing or crossing projects ... ok (17ms)
mapping confirmation restores focus after its async document scan is escaped ... ok (25ms)
Escape safely dismisses rename, locked-project and duplicate-project dialogs ... ok (13ms)
a single lesson reports gaps instead of a made-up percentage ... ok (7ms)
running 23 tests from ./tests/native_boot_test.ts
native launch opens the --project-dir project and persists it ... ok (20ms)
opening a project retains recovery_journal from its open-state acknowledgment ... ok (14ms)
a late native open-state reply cannot relabel the active bridge directory ... ok (8ms)
URL project_dir preserves a legitimate trailing space ... ok (9ms)
failed A-to-B switch restores A's opened lease before the next save ... ok (13ms)
a late save acknowledgement cannot replace a newer accepted project baseline ... ok (8ms)
native Bridge saves use monotonic numeric revisions and stale acknowledgements stay dirty ... ok (739ms)
snapshot history only shows a matching persisted create acknowledgement ... ok (31ms)
snapshot restore adopts the committed project without a duplicate save ... ok (19ms)
native close immediately flushes and releases the committed project session ... ok (30ms)
native close keeps a leased project open when flush is blocked by external changes ... ok (30ms)
native rich-editor duplicate input does not revise or queue an unchanged body ... ok (664ms)
native cold close confirms exit without saving a placeholder project ... ok (39ms)
native directory exports use folder names and report folder output ... ok (32ms)
native close waits for a first project switch before releasing its provisional lease ... ok (54ms)
native session keeps the reader position for restart ... ok (47ms)
native launch locator restores the matching persisted layout page ... ok (10ms)
native launch does not inherit a different project's reader page ... ok (9ms)
native relaunch without a launch locator reads a full session once ... ok (9ms)
native boot degrades to the launcher when the project cannot open ... ok (9ms)
a project that is only leased elsewhere keeps its resume pointer ... ok (9ms)
asset.read carries the nested input the shell expects ... ok (8ms)
native import, media, and AI bridge calls match Tauri command argument names ... ok (40ms)

ok | 53 passed | 0 failed (2s)
