Check tests/native_boot_test.ts
Check tests/recovery_ui_test.ts
running 22 tests from ./tests/native_boot_test.ts
native launch opens the --project-dir project and persists it ... ok (18ms)
opening a project retains recovery_journal from its open-state acknowledgment ... ok (22ms)
a late native open-state reply cannot relabel the active bridge directory ... ok (8ms)
URL project_dir preserves a legitimate trailing space ... ok (9ms)
failed A-to-B switch restores A's opened lease before the next save ... ok (13ms)
a late save acknowledgement cannot replace a newer accepted project baseline ... ok (8ms)
native Bridge saves use monotonic numeric revisions and stale acknowledgements stay dirty ... ok (739ms)
snapshot history only shows a matching persisted create acknowledgement ... ok (19ms)
snapshot restore adopts the committed project without a duplicate save ... ok (14ms)
native close immediately flushes and releases the committed project session ... ok (26ms)
native rich-editor duplicate input does not revise or queue an unchanged body ... ok (11ms)
native cold close confirms exit without saving a placeholder project ... ok (25ms)
native directory exports use folder names and report folder output ... ok (19ms)
native close waits for a first project switch before releasing its provisional lease ... ok (44ms)
native session keeps the reader position for restart ... ok (21ms)
native launch locator restores the matching persisted layout page ... ok (9ms)
native launch does not inherit a different project's reader page ... ok (8ms)
native relaunch without a launch locator reads a full session once ... ok (9ms)
native boot degrades to the launcher when the project cannot open ... ok (8ms)
a project that is only leased elsewhere keeps its resume pointer ... ok (8ms)
asset.read carries the nested input the shell expects ... ok (8ms)
native import, media, and AI bridge calls match Tauri command argument names ... ok (36ms)
running 13 tests from ./tests/recovery_ui_test.ts
UI recovery queue serializes saves and survives a failed task ... ok (290µs)
UI surfaces backend recovery warnings from import results ... ok (330µs)
native project transitions keep A to B to A reader positions and session identities ... ok (24ms)
native failed transitions keep the old session for missing, invalid, and locked targets ... ok (14ms)
WorkbenchStore flush retries a mutation that lands during save ... ok (370ms)
WorkbenchStore surfaces autosave conflicts and reload establishes a usable state ... ok (27ms)
pending recovery keeps canonical data until restore snapshots it ... ok (23ms)
browser startup keeps the recovery journal returned with open state ... ok (14ms)
native startup clears a persisted project path when opening loses its lease ... ok (12ms)
native project switching rolls back the target when the old lease cannot close ... ok (13ms)
native open releases a provisional lease when project data is malformed ... ok (11ms)
native open does not close a lease when project_open rejects ... ok (16ms)
native open keeps a null project result unleased ... ok (11ms)

ok | 35 passed | 0 failed (1s)
