{
  "captured_at": "2026-10-06T04:39:52.575Z",
  "source_pin": "7555f02fdbdad1c3aa558b2b85e3cfe6fb8fa3be",
  "canonical": {
    "root": "/tmp/workbench-io-ui-F-mapping-native-final3",
    "bytes": 16895,
    "sha256": "282046f99973cc2684813d0af5ce89c653e544a7c401d441199784450fc2df84",
    "mtime": "2026-10-06T04:38:27.423Z",
    "schema_version": "1.0.0",
    "project_id": "25f1d549-eecd-4bf8-be69-dd06b302120c",
    "title": "workbench-io-ui-F-mapping-native-final3",
    "updated_at": "2026-10-06T04:38:27.414Z",
    "domain_issues": [],
    "stages": 2,
    "content_items": 2,
    "documents": 2,
    "blocks": 7,
    "assets": 3,
    "asset_usages": 2,
    "layout_pages_field_present": true,
    "layout_pages_count": 0,
    "documents_summary": [
      {
        "id": "dd296ed8-9b46-4148-9906-e944080c3ea8",
        "content_item_id": "fc8f87ac-6ec2-45da-8dc7-8beb8db3eb8b",
        "schema_version": "1.0.0",
        "block_count": 5
      },
      {
        "id": "63053fb4-d702-433d-874f-361b355ccfb8",
        "content_item_id": "0dc5eeaa-b4fd-4e80-8e9e-c0f8a26d56b5",
        "schema_version": "1.0.0",
        "block_count": 2
      }
    ],
    "markdown_asset_mappings": [
      {
        "block_id": "9c6cc39f-5d70-4e2b-98cb-982086da86f2",
        "document_id": "dd296ed8-9b46-4148-9906-e944080c3ea8",
        "markdown_assets": [
          {
            "asset_id": "64dc7417-7cef-4201-893e-f61b201bb502",
            "href": "../02%20%E8%BF%9B%E9%98%B6%20Stage/%E5%85%B1%E4%BA%AB%20%E7%B4%A0%E6%9D%90/%E8%B7%A8%E7%9B%AE%E5%BD%95%20%E5%9B%BE%E7%89%87.png",
            "occurrence": 0
          }
        ]
      },
      {
        "block_id": "09646f1a-1454-463e-b372-e95740d28781",
        "document_id": "dd296ed8-9b46-4148-9906-e944080c3ea8",
        "markdown_assets": [
          {
            "asset_id": "34d425ff-3497-4ec1-925c-675d94294e1e",
            "href": "../02%20%E8%BF%9B%E9%98%B6%20Stage/%E5%85%B1%E4%BA%AB%20%E7%B4%A0%E6%9D%90/%E5%8A%A8%E7%94%BB%20%E5%8F%82%E8%80%83.gif",
            "occurrence": 0
          }
        ]
      }
    ],
    "managed_assets": [
      {
        "id": "64dc7417-7cef-4201-893e-f61b201bb502",
        "type": "image",
        "mime_type": "image/png",
        "filename": "跨目录 图片.png",
        "storage_path": "assets/64dc7417-7cef-4201-893e-f61b201bb502-跨目录 图片.png",
        "bytes": 1488,
        "sha256": "0c479466fd0ea052ca693290293b423068552c091e37922de3944ce7eefdf0d3",
        "canonical_checksum": "0c479466fd0ea052ca693290293b423068552c091e37922de3944ce7eefdf0d3",
        "checksum_match": true
      },
      {
        "id": "34d425ff-3497-4ec1-925c-675d94294e1e",
        "type": "gif",
        "mime_type": "image/gif",
        "filename": "动画 参考.gif",
        "storage_path": "assets/34d425ff-3497-4ec1-925c-675d94294e1e-动画 参考.gif",
        "bytes": 7493,
        "sha256": "eacfdc6858d34f7c3c299ed7fa75a2a9145981098c24b3900986957b9e94c0d2",
        "canonical_checksum": "eacfdc6858d34f7c3c299ed7fa75a2a9145981098c24b3900986957b9e94c0d2",
        "checksum_match": true
      },
      {
        "id": "a31810e7-4858-4af2-9c01-96731bb8ad35",
        "type": "video",
        "mime_type": "video/mp4",
        "filename": "演示 clip.mp4",
        "storage_path": "assets/a31810e7-4858-4af2-9c01-96731bb8ad35-演示 clip.mp4",
        "bytes": 8748,
        "sha256": "697f1b863079014da64bc345296d4671197a4d921341bf11ef71c26dc21cf7c6",
        "canonical_checksum": "697f1b863079014da64bc345296d4671197a4d921341bf11ef71c26dc21cf7c6",
        "checksum_match": true
      }
    ]
  },
  "original_source_files": [
    {
      "path": "01 基础 Stage/01 图文 与 跨目录链接 Lesson.md",
      "bytes": 500,
      "sha256": "3cc463e94c33fcc1848d980a020dfa91a06bfc6528749af24e714728ebccf448",
      "expected_sha256": "3cc463e94c33fcc1848d980a020dfa91a06bfc6528749af24e714728ebccf448",
      "regular_non_symlink": true,
      "unchanged": true
    },
    {
      "path": "01 基础 Stage/02 动图 Lesson.md",
      "bytes": 156,
      "sha256": "6d164fbbcb5d21d592aeaeb6e8fc1d488de0ce9308361910689f903b1874ec70",
      "expected_sha256": "6d164fbbcb5d21d592aeaeb6e8fc1d488de0ce9308361910689f903b1874ec70",
      "regular_non_symlink": true,
      "unchanged": true
    },
    {
      "path": "02 进阶 Stage/03 视频 Lesson.md",
      "bytes": 155,
      "sha256": "183f7b9c94e8ca4c59bc34e270761eeb06cf7ba187f394992154363619b3b26f",
      "expected_sha256": "183f7b9c94e8ca4c59bc34e270761eeb06cf7ba187f394992154363619b3b26f",
      "regular_non_symlink": true,
      "unchanged": true
    },
    {
      "path": "02 进阶 Stage/共享 素材/动画 参考.gif",
      "bytes": 7493,
      "sha256": "eacfdc6858d34f7c3c299ed7fa75a2a9145981098c24b3900986957b9e94c0d2",
      "expected_sha256": "eacfdc6858d34f7c3c299ed7fa75a2a9145981098c24b3900986957b9e94c0d2",
      "regular_non_symlink": true,
      "unchanged": true
    },
    {
      "path": "02 进阶 Stage/共享 素材/演示 clip.mp4",
      "bytes": 8748,
      "sha256": "697f1b863079014da64bc345296d4671197a4d921341bf11ef71c26dc21cf7c6",
      "expected_sha256": "697f1b863079014da64bc345296d4671197a4d921341bf11ef71c26dc21cf7c6",
      "regular_non_symlink": true,
      "unchanged": true
    },
    {
      "path": "02 进阶 Stage/共享 素材/跨目录 图片.png",
      "bytes": 1488,
      "sha256": "0c479466fd0ea052ca693290293b423068552c091e37922de3944ce7eefdf0d3",
      "expected_sha256": "0c479466fd0ea052ca693290293b423068552c091e37922de3944ce7eefdf0d3",
      "regular_non_symlink": true,
      "unchanged": true
    }
  ],
  "all_source_files_unchanged": true,
  "project_dir_lease": {
    "pid": 31657,
    "app_instance_id": "app-p31657-1791261328227-0-6940a59bc3c4c995f21aa6f4b8579dc1beffcf4ee0d2974b",
    "opened_at": "2026-10-06T04:38:27.415Z",
    "heartbeat": "2026-10-06T04:39:47.630Z"
  },
  "small_canonical_after_switch": {
    "bytes": 74845,
    "sha256": "468dc3d3ef621eab9c4d37389d61192f6147623ee25b9b5daf55a1c3e90fb171",
    "mtime": "2026-10-06T04:33:10.678Z"
  }
}
