{
  "captured_at": "2026-10-06T04:37:47.718Z",
  "source_pin": "7555f02fdbdad1c3aa558b2b85e3cfe6fb8fa3be",
  "root": "/tmp/workbench-io-ui-native-final/small",
  "canonical": {
    "bytes": 74845,
    "sha256": "468dc3d3ef621eab9c4d37389d61192f6147623ee25b9b5daf55a1c3e90fb171",
    "mtime": "2026-10-06T04:33:10.678Z",
    "project_id": "aaaaaaaa-aaaa-4aaa-8aaa-aaaaaaaaaaaa",
    "title": "External canonical title QA",
    "updated_at": "2026-10-06T04:33:10.269Z",
    "domain_issues": [],
    "stages": 2,
    "content_items": 4,
    "documents": 4,
    "blocks": 22,
    "assets": 8,
    "usages": 4,
    "edited_text_marker_present": true,
    "matching_blocks": [
      {
        "id": "00000000-0000-4000-8000-00000000000d",
        "document_id": "00000000-0000-4000-8000-000000000008",
        "content": "Local conflict draft retained for explicit resolution\\. Final3 Native autosave QA 74\\."
      }
    ]
  },
  "lease": {
    "pid": 31657,
    "app_instance_id": "app-p31657-1791261328227-0-6940a59bc3c4c995f21aa6f4b8579dc1beffcf4ee0d2974b",
    "opened_at": "2026-10-06T04:35:28.228Z",
    "heartbeat": "2026-10-06T04:37:43.655Z"
  },
  "assets": [
    {
      "path": "assets/fixture-000.png",
      "bytes": 1488,
      "sha256": "0c479466fd0ea052ca693290293b423068552c091e37922de3944ce7eefdf0d3",
      "canonical_checksum": "0c479466fd0ea052ca693290293b423068552c091e37922de3944ce7eefdf0d3",
      "matches": true
    },
    {
      "path": "assets/fixture-001.png",
      "bytes": 1482,
      "sha256": "3cced520167601a8cde0af73da82fa6a035f11e14976d3a19733701546d8078e",
      "canonical_checksum": "3cced520167601a8cde0af73da82fa6a035f11e14976d3a19733701546d8078e",
      "matches": true
    },
    {
      "path": "assets/fixture-002.png",
      "bytes": 1503,
      "sha256": "e4943822009bebf60c212569ecad21c1fd176fbfb26552974c3e565a931b35aa",
      "canonical_checksum": "e4943822009bebf60c212569ecad21c1fd176fbfb26552974c3e565a931b35aa",
      "matches": true
    },
    {
      "path": "assets/fixture-003.png",
      "bytes": 1519,
      "sha256": "96530624979bf1be2732b5a9b2da93536da71ee9f0cdd99abded5346600dbd80",
      "canonical_checksum": "96530624979bf1be2732b5a9b2da93536da71ee9f0cdd99abded5346600dbd80",
      "matches": true
    },
    {
      "path": "assets/fixture-00.gif",
      "bytes": 7493,
      "sha256": "eacfdc6858d34f7c3c299ed7fa75a2a9145981098c24b3900986957b9e94c0d2",
      "canonical_checksum": "eacfdc6858d34f7c3c299ed7fa75a2a9145981098c24b3900986957b9e94c0d2",
      "matches": true
    },
    {
      "path": "assets/fixture-00.mp4",
      "bytes": 8748,
      "sha256": "697f1b863079014da64bc345296d4671197a4d921341bf11ef71c26dc21cf7c6",
      "canonical_checksum": "697f1b863079014da64bc345296d4671197a4d921341bf11ef71c26dc21cf7c6",
      "matches": true
    },
    {
      "path": "assets/e7e4ed03-300c-4145-9d97-c3f8b9066fc7-workbench-io-ui-markdown-final.md",
      "bytes": 122,
      "sha256": "bb42001daa09abdc0e81897d5f3abc8c1b512c71f81777ecdb482f7aae419fe6",
      "canonical_checksum": "bb42001daa09abdc0e81897d5f3abc8c1b512c71f81777ecdb482f7aae419fe6",
      "matches": true
    },
    {
      "path": "assets/7cd8406e-81ab-4270-acc8-ceb54649c601-QA inbox triage item: retain thi.txt",
      "bytes": 49,
      "sha256": "e54c217894764ab188d0ddd0b25b2374617abc0b9bb46748fecf92b614f2c164",
      "canonical_checksum": "e54c217894764ab188d0ddd0b25b2374617abc0b9bb46748fecf92b614f2c164",
      "matches": true
    }
  ],
  "backup_files": {
    "project.json.bak": {
      "exists": false
    },
    ".workspace/recovery.json": {
      "exists": false
    },
    ".workspace/recovery.json.bak": {
      "exists": false
    }
  }
}
