warning: function `write_project_value_with_warning` is never used
    --> src/lib.rs:2300:4
     |
2300 | fn write_project_value_with_warning(
     |    ^^^^^^^^^^^^^^^^^^^^^^^^^^^^^^^^
     |
     = note: `#[warn(dead_code)]` (part of `#[warn(unused)]`) on by default

warning: function `write_project_value` is never used
    --> src/lib.rs:2312:4
     |
2312 | fn write_project_value(project_dir: &Path, project: &Value) -> Result<(), String> {
     |    ^^^^^^^^^^^^^^^^^^^

warning: fields `editor_generation`, `operation_id`, and `revision` are never read
    --> src/lib.rs:6271:5
     |
6270 | struct AdoptionOperationEcho {
     |        --------------------- fields in this struct
6271 |     editor_generation: u64,
     |     ^^^^^^^^^^^^^^^^^
6272 |     operation_id: String,
     |     ^^^^^^^^^^^^
6273 |     revision: u64,
     |     ^^^^^^^^
     |
     = note: `AdoptionOperationEcho` has a derived impl for the trait `Clone`, but this is intentionally ignored during dead code analysis

warning: unused import: `super::*`
 --> src/documents/docx/tests.rs:5:5
  |
5 | use super::*;
  |     ^^^^^^^^
  |
  = note: `#[warn(unused_imports)]` (part of `#[warn(unused)]`) on by default

warning: function `xml_text` is never used
  --> src/documents/fixtures.rs:54:15
   |
54 | pub(crate) fn xml_text(value: &str) -> String {
   |               ^^^^^^^^

warning: function `pdf_literal` is never used
  --> src/documents/fixtures.rs:62:15
   |
62 | pub(crate) fn pdf_literal(value: &str) -> String {
   |               ^^^^^^^^^^^

warning: `ai-course-workbench` (lib) generated 3 warnings
warning: `ai-course-workbench` (lib test) generated 6 warnings (3 duplicates) (run `cargo fix --lib -p ai-course-workbench --tests` to apply 1 suggestion)
    Finished `test` profile [unoptimized + debuginfo] target(s) in 0.51s
     Running unittests src/lib.rs (/tmp/io-ui-closure-candidate-seeded/debug/deps/ai_course_workbench_lib-7ed887973fc21486)

running 1 test

thread 'tests::folder_adopt_selected_lesson_folder_groups_checked_documents' (1234949) panicked at src/lib.rs:26033:9:
assertion `left == right` failed
  left: Null
 right: Number(17)
note: run with `RUST_BACKTRACE=1` environment variable to display a backtrace
test tests::folder_adopt_selected_lesson_folder_groups_checked_documents ... FAILED

failures:

failures:
    tests::folder_adopt_selected_lesson_folder_groups_checked_documents

test result: FAILED. 0 passed; 1 failed; 0 ignored; 0 measured; 246 filtered out; finished in 0.03s

error: test failed, to rerun pass `--lib`
