{
  "captured_at": "2026-10-06T04:41:02.998Z",
  "source_pin": "7555f02fdbdad1c3aa558b2b85e3cfe6fb8fa3be",
  "source_canonical": {
    "path": "/tmp/workbench-io-ui-F-mapping-native-final3/project.json",
    "project_id": "25f1d549-eecd-4bf8-be69-dd06b302120c",
    "title": "workbench-io-ui-F-mapping-native-final3",
    "bytes": 16895,
    "sha256": "282046f99973cc2684813d0af5ce89c653e544a7c401d441199784450fc2df84",
    "mtime": "2026-10-06T04:38:27.423Z",
    "expected_pre_export_sha256": "282046f99973cc2684813d0af5ce89c653e544a7c401d441199784450fc2df84",
    "unchanged_since_post_adopt_capture": true,
    "domain_issues": []
  },
  "export": {
    "path": "/private/tmp/workbench-io-ui-native-final/native-static-web-final3",
    "is_directory": true,
    "physical_recursive_file_count": 4,
    "total_bytes": 11821,
    "files": [
      {
        "path": "index.html",
        "bytes": 2488,
        "sha256": "6b0a14a060ed59df06c4eeacffa83d8719fc85a9fbda0bf1a3fbd806d585eba2",
        "mtime": "2026-10-06T04:39:49.905Z"
      },
      {
        "path": "manifest.json",
        "bytes": 352,
        "sha256": "3faccc6cc03a88ec11047ff755e13ec359d554b01d548279f0e7e705efdb0627",
        "mtime": "2026-10-06T04:39:49.905Z"
      },
      {
        "path": "assets/34d425ff-3497-4ec1-925c-675d94294e1e-动画 参考.gif",
        "bytes": 7493,
        "sha256": "eacfdc6858d34f7c3c299ed7fa75a2a9145981098c24b3900986957b9e94c0d2",
        "mtime": "2026-10-06T04:38:27.404Z"
      },
      {
        "path": "assets/64dc7417-7cef-4201-893e-f61b201bb502-跨目录 图片.png",
        "bytes": 1488,
        "sha256": "0c479466fd0ea052ca693290293b423068552c091e37922de3944ce7eefdf0d3",
        "mtime": "2026-10-06T04:38:27.396Z"
      }
    ],
    "manifest": {
      "assets": [
        "assets/34d425ff-3497-4ec1-925c-675d94294e1e-动画 参考.gif",
        "assets/64dc7417-7cef-4201-893e-f61b201bb502-跨目录 图片.png"
      ],
      "content_item_id": "fc8f87ac-6ec2-45da-8dc7-8beb8db3eb8b",
      "entrypoint": "index.html",
      "project_id": "25f1d549-eecd-4bf8-be69-dd06b302120c",
      "schema_version": 1,
      "scope": "lesson"
    },
    "manifest_references": [
      "assets/34d425ff-3497-4ec1-925c-675d94294e1e-动画 参考.gif",
      "assets/64dc7417-7cef-4201-893e-f61b201bb502-跨目录 图片.png"
    ],
    "referenced_assets": [
      {
        "path": "assets/34d425ff-3497-4ec1-925c-675d94294e1e-动画 参考.gif",
        "present": true,
        "bytes": 7493,
        "sha256": "eacfdc6858d34f7c3c299ed7fa75a2a9145981098c24b3900986957b9e94c0d2",
        "checksum_matches_canonical": true
      },
      {
        "path": "assets/64dc7417-7cef-4201-893e-f61b201bb502-跨目录 图片.png",
        "present": true,
        "bytes": 1488,
        "sha256": "0c479466fd0ea052ca693290293b423068552c091e37922de3944ce7eefdf0d3",
        "checksum_matches_canonical": true
      }
    ],
    "all_references_present": true,
    "all_references_match_canonical_asset_hashes": true
  }
}
