{
  "captured_at": "2026-10-06T04:37:47.748Z",
  "source_pin": "7555f02fdbdad1c3aa558b2b85e3cfe6fb8fa3be",
  "root": "/tmp/workbench-io-ui-F-mapping-native-final3",
  "project_json_present": false,
  "stage_count": 2,
  "stage_dirs": [
    {
      "path": "01 基础 Stage",
      "is_directory": true,
      "is_symlink": false
    },
    {
      "path": "02 进阶 Stage",
      "is_directory": true,
      "is_symlink": false
    }
  ],
  "markdown_count": 3,
  "media_count": 3,
  "files": [
    {
      "path": "01 基础 Stage/01 图文 与 跨目录链接 Lesson.md",
      "bytes": 500,
      "sha256": "3cc463e94c33fcc1848d980a020dfa91a06bfc6528749af24e714728ebccf448",
      "expected_sha256": "3cc463e94c33fcc1848d980a020dfa91a06bfc6528749af24e714728ebccf448",
      "is_file": true,
      "is_symlink": false,
      "matches": true
    },
    {
      "path": "01 基础 Stage/02 动图 Lesson.md",
      "bytes": 156,
      "sha256": "6d164fbbcb5d21d592aeaeb6e8fc1d488de0ce9308361910689f903b1874ec70",
      "expected_sha256": "6d164fbbcb5d21d592aeaeb6e8fc1d488de0ce9308361910689f903b1874ec70",
      "is_file": true,
      "is_symlink": false,
      "matches": true
    },
    {
      "path": "02 进阶 Stage/03 视频 Lesson.md",
      "bytes": 155,
      "sha256": "183f7b9c94e8ca4c59bc34e270761eeb06cf7ba187f394992154363619b3b26f",
      "expected_sha256": "183f7b9c94e8ca4c59bc34e270761eeb06cf7ba187f394992154363619b3b26f",
      "is_file": true,
      "is_symlink": false,
      "matches": true
    },
    {
      "path": "02 进阶 Stage/共享 素材/动画 参考.gif",
      "bytes": 7493,
      "sha256": "eacfdc6858d34f7c3c299ed7fa75a2a9145981098c24b3900986957b9e94c0d2",
      "expected_sha256": "eacfdc6858d34f7c3c299ed7fa75a2a9145981098c24b3900986957b9e94c0d2",
      "is_file": true,
      "is_symlink": false,
      "matches": true
    },
    {
      "path": "02 进阶 Stage/共享 素材/演示 clip.mp4",
      "bytes": 8748,
      "sha256": "697f1b863079014da64bc345296d4671197a4d921341bf11ef71c26dc21cf7c6",
      "expected_sha256": "697f1b863079014da64bc345296d4671197a4d921341bf11ef71c26dc21cf7c6",
      "is_file": true,
      "is_symlink": false,
      "matches": true
    },
    {
      "path": "02 进阶 Stage/共享 素材/跨目录 图片.png",
      "bytes": 1488,
      "sha256": "0c479466fd0ea052ca693290293b423068552c091e37922de3944ce7eefdf0d3",
      "expected_sha256": "0c479466fd0ea052ca693290293b423068552c091e37922de3944ce7eefdf0d3",
      "is_file": true,
      "is_symlink": false,
      "matches": true
    }
  ],
  "all_expected_files_match": true,
  "expected_manifest_hash": "5d6ccc238f3e494bcb2819575cd386e826292f80b3be4fea46161f013fc973d9"
}
