   Compiling ai-course-workbench v0.2.6 (/tmp/io-ui-closure-native-metrics-baseline/src-tauri)
warning: unused import: `super::*`
 --> src/documents/docx/tests.rs:5:5
  |
5 | use super::*;
  |     ^^^^^^^^
  |
  = note: `#[warn(unused_imports)]` (part of `#[warn(unused)]`) on by default

warning: function `xml_text` is never used
  --> src/documents/fixtures.rs:54:15
   |
54 | pub(crate) fn xml_text(value: &str) -> String {
   |               ^^^^^^^^
   |
   = note: `#[warn(dead_code)]` (part of `#[warn(unused)]`) on by default

warning: function `pdf_literal` is never used
  --> src/documents/fixtures.rs:62:15
   |
62 | pub(crate) fn pdf_literal(value: &str) -> String {
   |               ^^^^^^^^^^^

warning: `ai-course-workbench` (lib test) generated 3 warnings (run `cargo fix --lib -p ai-course-workbench --tests` to apply 1 suggestion)
    Finished `test` profile [unoptimized + debuginfo] target(s) in 8.60s
  Executable unittests src/lib.rs (/tmp/io-ui-closure-rust-baseline.Bugvel/cargo-target/debug/deps/ai_course_workbench_lib-cc28423643d1bb57)
  Executable unittests src/main.rs (/tmp/io-ui-closure-rust-baseline.Bugvel/cargo-target/debug/deps/ai_course_workbench-9a4df4ea9bb3a599)
