running 80 tests from ./tests/authoring_ui_test.ts
browser Launcher opens the created target before bound seed and blueprint writes ... ok (20ms)
project snapshots and save acknowledgements require valid fingerprints ... ok (13ms)
snapshot creation freezes the clicked revision and reports index save failure ... ok (14ms)
snapshot restore reports committed content with limited durability confirmation ... ok (12ms)
restore stops when the pending Canonical save cannot drain ... ok (11ms)
persisted snapshot load and save indicators track the project baseline ... ok (35ms)
session write failure leaves saved content intact and ignores stale project errors ... ok (25ms)
lesson creation, rename, reorder and delete keep the course consistent ... ok (19ms)
block authoring keeps text, structure and selection in sync ... ok (14ms)
selecting a placeholder opens the status right panel ... ok (12ms)
soft block selection does not call full notify() ... ok (12ms)
soft selecting a placeholder already on 状态 skips notify() ... ok (12ms)
pointer reorder session commits canonical order_index via reorderBlockTo ... ok (24ms)
Flow drop targets insert before the indicator and null appends ... ok (14ms)
Workbench exposes Flow and migrates the removed Layout route to Free Layout ... ok (18ms)
delete confirmation leaves data intact on cancel or Escape and commits once on confirm ... ok (29ms)
Free Layout page and section removal use the shared cancel, confirm, and undo path ... ok (20ms)
bindBlockDrag commits reorder from handle pointerdown/move/up ... ok (24ms)
placeholder and requirement lifecycle survives navigation ... ok (14ms)
asset authoring links blocks, usages and requirements together ... ok (16ms)
flow and grid layout edits persist on the canonical layout row ... ok (17ms)
page conversion preview is read-only and reader state falls back to a real page ... ok (14ms)
page duplication edits independent blocks and page deletion preserves content ... ok (15ms)
cross-page move rejects an occupied target atomically and accepts a free cell ... ok (15ms)
paged canvas stays finite and editor, preview, and publish show real page data ... ok (20ms)
whole-course PDF and PPTX fit preview includes every lesson page ... ok (19ms)
completion state is derived from real data and drives navigation ... ok (15ms)
browser export adapters expose the service-supported archive formats ... ok (12ms)
authoring survives serialization, reopen and inbox capture ... ok (15ms)
export preflight and every export entry point stay callable ... ok (12ms)
service export reuses its authoritative revision, projection, and warning codes ... ok (13ms)
browser export hands staged URLs to the download engine without an early release ... ok (12ms)
leaving publish invalidates an in-flight preflight response ... ok (13ms)
resolving a requirement with an asset keeps canonical consistency ... ok (15ms)
deleting a lesson keeps codes and inbox references valid ... ok (16ms)
a legacy status assignment is repaired on startup instead of blocking saves ... ok (14ms)
text edits reach history so undo can revert typing ... ok (15ms)
rich Markdown edits keep block IDs and undo one focus session ... ok (12ms)
a project replaced on disk is never overwritten under the wrong identity ... ok (13ms)
loading a project keeps its canonical identity ... ok (14ms)
a domain-valid project with an out-of-grid placement still saves ... ok (14ms)
completing a layout requirement with an asset stays consistent ... ok (22ms)
legacy status rows are repaired by the real load path ... ok (18ms)
external reload migrates the adopted project ... ok (14ms)
the browser export mirrors media resolution and never leaks filenames ... ok (23ms)
Preview counts mapped Markdown images once and explains video image references ... ok (18ms)
block palette includes + 媒体 as a peer of + 正文 ... ok (817µs)
insertAsset after the selected block creates a media block and AssetUsage ... ok (14ms)
insertAsset without selection appends a media block at the lesson end ... ok (12ms)
+ 媒体 opens the shared asset picker for position insert ... ok (12ms)
Media Library insert-asset action shares insertAsset position semantics ... ok (14ms)
requirement panel shows real anchors and type-specific actions ... ok (19ms)
renaming an asset renames the managed file and stays reversible ... ok (18ms)
an uncertain canonical mutation pauses later saves without discarding edits ... ok (18ms)
an uncertain rename can be proven, reconciled, and saved without restoring its old path ... ok (24ms)
native uncertain save proof accepts null mtime and resumes only after bound resolve ... ok (16ms)
a locked project offers safe retry and return without taking its lock ... ok (12ms)
openWorkbench returns to the current lesson editor, defaulting to 正文 ... ok (13ms)
openWorkbench restores 正文/Flow/Preview and migrates legacy Layout to Free Layout ... ok (14ms)
openWorkbench resumes the current course lesson when none is active ... ok (11ms)
stage CRUD store: add rename reorder empty delete and non-empty safety ... ok (13ms)
course map stage header exposes add rename reorder delete actions ... ok (19ms)
assetThumb gives non-blank previews for image video markdown and attachments ... ok (595µs)
cross-stage lesson move preserves references through one undo and redo ... ok (19ms)
publish check returns to the lesson editor context ... ok (15ms)
pointercancel, lost capture and Escape cancel reordering without a commit ... ok (21ms)
pointer reorder auto-scrolls at the edge before choosing its target ... ok (19ms)
asset preview drops a late read after switching projects ... ok (753µs)
asset preview exposes read failures as a cached failure state ... ok (347µs)
asset preview bounds concurrent reads and passes the byte cap ... ok (9ms)
GIF thumbnail comes from a static decoded bitmap and releases it ... ok (2ms)
closing a preview stops and resets its media elements ... ok (95µs)
video viewer reacquires a fresh source and releases stale results ... ok (12ms)
property panel follows project and stage targets instead of the active lesson ... ok (19ms)
block overflow action restores focus to the new summary unless a field was requested ... ok (14ms)
page move target renders available cells on the selected page ... ok (21ms)
continuous Grid shows no output-section editor but keeps 启用分页 reachable ... ok (18ms)
exiting pagination editing changes no page or placement data ... ok (20ms)
an active page renders exactly one visible page title ... ok (21ms)
explicit keep-local resolves a paused conflict without flushing its stale queue ... ok (12ms)

ok | 80 passed | 0 failed (1s)

