READ-ONLY NATIVE FOLDER ADOPTION — FINAL PHYSICAL PROOF AFTER FLOW UNDO/REDO
Observed after Root completed the real UI Flow move, Undo, and final Redo/save; screenshot noted by Root: native-final2-flow-move-undo-redo.png. No UI actions or writes were performed by this verifier.
Target project root: /tmp/workbench-io-ui-F-mapping-native-final
Canonical project.json: 17634 bytes; SHA-256 2dade103044d349aeb0ffb564637339db3ed4cc25507aa25b06d215e8234678e
Project id=76b79ed1-1f3e-4540-ae1f-0b30dc5d821a; title=workbench-io-ui-F-mapping-native-final; updated_at=2026-10-06T03:28:08.618Z.
Canonical counts: stages=2; lessons/content_items=2; documents=2; blocks=8; managed media assets=3; asset_usages=3.
Final Flow order in S01-01, from physical block.order_index: GIF block a61cabde-5cd2-4fa7-b820-29c252e302ad is order_index=2 (third visible row); PNG block 55d58ec3-bf68-44f4-ae28-e4c5094819a5 is order_index=3 (fourth visible row). This matches Root’s final Redo state.
Imported content and references:
  S01-01 01 图文 与 跨目录链接 Lesson; stage=01 基础 Stage; content_id=908244b2-e516-434b-b211-8d9ee3943311; document_id=99ace535-cd67-497a-bd14-dec2a9ab2ccc; blocks=5; source=01 基础 Stage/01 图文 与 跨目录链接 Lesson.md; source_sha256=3cc463e94c33fcc1848d980a020dfa91a06bfc6528749af24e714728ebccf448
    order_index=0 type=heading id=d6d12710-2a81-48e2-9441-2cfb7ec28830 asset_id=None content=第一课：跨目录图片与 GIF
    order_index=1 type=paragraph id=4824d198-c77e-441d-8190-7362ba63dd47 asset_id=None content=本课位于基础 Stage，资源来自另一个 Stage 的共享素材目录。
    order_index=2 type=paragraph id=a61cabde-5cd2-4fa7-b820-29c252e302ad asset_id=None content=![跨目录 GIF](../02%20%E8%BF%9B%E9%98%B6%20Stage/%E5%85%B1%E4%BA%AB%20%E7%B4%A0%E6%9D%90/%E5%8A%A8%E7%94%BB%20%E5%8F%82%E8%80%83.gif)
    order_index=3 type=paragraph id=55d58ec3-bf68-44f4-ae28-e4c5094819a5 asset_id=None content=![跨目录 PNG](../02%20%E8%BF%9B%E9%98%B6%20Stage/%E5%85%B1%E4%BA%AB%20%E7%B4%A0%E6%9D%90/%E8%B7%A8%E7%9B%AE%E5%BD%95%20%E5%9B%BE%E7%89%87.png)
    order_index=4 type=paragraph id=84f3493a-47a5-4541-a33b-80d1022ff19d asset_id=None content=[打开进阶视频课](../02%20%E8%BF%9B%E9%98%B6%20Stage/03%20%E8%A7%86%E9%A2%91%20Lesson.md)
  S02-01 03 视频 Lesson; stage=02 进阶 Stage; content_id=2b00af0b-b862-4a48-9855-9ed30955ccd4; document_id=49d8bde0-288d-4fca-9ad1-89f9267fcf15; blocks=3; source=02 进阶 Stage/03 视频 Lesson.md; source_sha256=183f7b9c94e8ca4c59bc34e270761eeb06cf7ba187f394992154363619b3b26f
    order_index=0 type=heading id=231293a0-8ca9-44c3-87c1-fa80c94ba546 asset_id=None content=第三课：视频演示
    order_index=1 type=paragraph id=201bcceb-9eca-47aa-822d-bd68d615baf5 asset_id=None content=[演示视频素材](../02%20%E8%BF%9B%E9%98%B6%20Stage/%E5%85%B1%E4%BA%AB%20%E7%B4%A0%E6%9D%90/%E6%BC%94%E7%A4%BA%20clip.mp4)
    order_index=2 type=video id=e6e778cf-70f6-466f-a7e7-8a87ca1e8c8c asset_id=None content=演示 clip.mp4
Managed media physical bytes equal Canonical size/checksum:
  id=988d7acc-053d-4dac-9763-303bf63fd553 type=image mime=image/png path=assets/988d7acc-053d-4dac-9763-303bf63fd553-跨目录 图片.png size=1488 sha256=0c479466fd0ea052ca693290293b423068552c091e37922de3944ce7eefdf0d3 canonical_size=1488 canonical_checksum=0c479466fd0ea052ca693290293b423068552c091e37922de3944ce7eefdf0d3 match=True
  id=284f8771-e75c-4418-a1a2-f8e08c8ddcff type=gif mime=image/gif path=assets/284f8771-e75c-4418-a1a2-f8e08c8ddcff-动画 参考.gif size=7493 sha256=eacfdc6858d34f7c3c299ed7fa75a2a9145981098c24b3900986957b9e94c0d2 canonical_size=7493 canonical_checksum=eacfdc6858d34f7c3c299ed7fa75a2a9145981098c24b3900986957b9e94c0d2 match=True
  id=11b5d32b-466e-4be5-8875-cb4353a9e210 type=video mime=video/mp4 path=assets/11b5d32b-466e-4be5-8875-cb4353a9e210-演示 clip.mp4 size=8748 sha256=697f1b863079014da64bc345296d4671197a4d921341bf11ef71c26dc21cf7c6 canonical_size=8748 canonical_checksum=697f1b863079014da64bc345296d4671197a4d921341bf11ef71c26dc21cf7c6 match=True
Asset usages:
  role=content content_item_id=908244b2-e516-434b-b211-8d9ee3943311 block_id=55d58ec3-bf68-44f4-ae28-e4c5094819a5 asset_id=988d7acc-053d-4dac-9763-303bf63fd553
  role=content content_item_id=908244b2-e516-434b-b211-8d9ee3943311 block_id=a61cabde-5cd2-4fa7-b820-29c252e302ad asset_id=284f8771-e75c-4418-a1a2-f8e08c8ddcff
  role=content content_item_id=2b00af0b-b862-4a48-9855-9ed30955ccd4 block_id=e6e778cf-70f6-466f-a7e7-8a87ca1e8c8c asset_id=11b5d32b-466e-4be5-8875-cb4353a9e210
Pre-Confirm folder scan manifest: /tmp/workbench-io-ui-native-final/folder-mapping-validation.json; size=1930; SHA-256=781ea5e90e5f70e668b78b083cc61b4627da87c3e9bb2d75d2a4a965f7f6e2e8; project_json_present=False before adoption.
  source scan: 2 stages, 3 Markdown files, 3 recursive media files, 4 relative references; present=4.
All six pre-Confirm source files still have the same exact size and hash as the before-Confirm proof:
  01 基础 Stage/01 图文 与 跨目录链接 Lesson.md: 500 bytes; 3cc463e94c33fcc1848d980a020dfa91a06bfc6528749af24e714728ebccf448; before_confirm_match=True
  01 基础 Stage/02 动图 Lesson.md: 156 bytes; 6d164fbbcb5d21d592aeaeb6e8fc1d488de0ce9308361910689f903b1874ec70; before_confirm_match=True
  02 进阶 Stage/03 视频 Lesson.md: 155 bytes; 183f7b9c94e8ca4c59bc34e270761eeb06cf7ba187f394992154363619b3b26f; before_confirm_match=True
  02 进阶 Stage/共享 素材/动画 参考.gif: 7493 bytes; eacfdc6858d34f7c3c299ed7fa75a2a9145981098c24b3900986957b9e94c0d2; before_confirm_match=True
  02 进阶 Stage/共享 素材/演示 clip.mp4: 8748 bytes; 697f1b863079014da64bc345296d4671197a4d921341bf11ef71c26dc21cf7c6; before_confirm_match=True
  02 进阶 Stage/共享 素材/跨目录 图片.png: 1488 bytes; 0c479466fd0ea052ca693290293b423068552c091e37922de3944ce7eefdf0d3; before_confirm_match=True
  all_six_unchanged=True; the adopted folder now has project.json as expected (the scan manifest documents that it was absent before Confirm).
Raw domain validation (current Deno source) returned only two schema issues, one for each imported document’s missing schema_version=1.0.0. `migrateProject(raw)` then `validateProjectData` returned zero issues. This is migrated validation, not a raw Canonical Domain0 claim; Native raw-schema defaults parity is tracked separately.
Old Native clone `/tmp/workbench-io-ui-native-final/small/.workspace/project.lock` exists=False. New target lock exists=True.
  pid=18646 process_alive=True; app_instance_id=app-p18646-1791255702343-0-1566519f95591738eb3cd6c03cecb027226bc3383a9abca3; opened_at=2026-10-06T03:21:49.642Z; heartbeat=2026-10-06T03:32:11.902Z
The project `.workspace` contained only project.lock and project.lock.guard at capture time; it had no per-project session sidecar. Canonical, managed media, original source files, and lock metadata were read only.
