   Compiling ai-course-workbench v0.2.6 (/tmp/io-ui-closure-rust-baseline.Bugvel/source/src-tauri)
warning: unused import: `super::*`
 --> src/documents/docx/tests.rs:5:5
  |
5 | use super::*;
  |     ^^^^^^^^
  |
  = note: `#[warn(unused_imports)]` (part of `#[warn(unused)]`) on by default

warning: function `xml_text` is never used
  --> src/documents/fixtures.rs:54:15
   |
54 | pub(crate) fn xml_text(value: &str) -> String {
   |               ^^^^^^^^
   |
   = note: `#[warn(dead_code)]` (part of `#[warn(unused)]`) on by default

warning: function `pdf_literal` is never used
  --> src/documents/fixtures.rs:62:15
   |
62 | pub(crate) fn pdf_literal(value: &str) -> String {
   |               ^^^^^^^^^^^

warning: `ai-course-workbench` (lib test) generated 3 warnings (run `cargo fix --lib -p ai-course-workbench --tests` to apply 1 suggestion)
    Finished `test` profile [unoptimized + debuginfo] target(s) in 18.02s
     Running unittests src/lib.rs (/tmp/io-ui-closure-rust-baseline.Bugvel/cargo-target/debug/deps/ai_course_workbench_lib-cc28423643d1bb57)

running 1 test
baseline_noop_side_effects project_bytes_changed=false recovery_changed=true recovery_backup_changed=false project_backup_changed=false

thread 'tests::unchanged_project_save_does_not_write_project_or_recovery_files' (763449) panicked at src/lib.rs:15526:9:
assertion `left == right` failed
  left: Null
 right: String("unchanged")
note: run with `RUST_BACKTRACE=1` environment variable to display a backtrace
test tests::unchanged_project_save_does_not_write_project_or_recovery_files ... FAILED

failures:

failures:
    tests::unchanged_project_save_does_not_write_project_or_recovery_files

test result: FAILED. 0 passed; 1 failed; 0 ignored; 0 measured; 227 filtered out; finished in 0.06s

error: test failed, to rerun pass `--lib`
