warning: value assigned to `total_bytes` is never read
     --> src/lib.rs:11572:27
      |
11572 |     let mut total_bytes = 0_u64;
      |                           ^^^^^ this value is reassigned later and never used
...
11611 |             total_bytes = contents.len() as u64;
      |             ----------------------------------- `total_bytes` is overwritten here before the previous value is read
      |
      = note: `#[warn(unused_assignments)]` (part of `#[warn(unused)]`) on by default

warning: function `write_project_value_with_warning` is never used
    --> src/lib.rs:2302:4
     |
2302 | fn write_project_value_with_warning(
     |    ^^^^^^^^^^^^^^^^^^^^^^^^^^^^^^^^
     |
     = note: `#[warn(dead_code)]` (part of `#[warn(unused)]`) on by default

warning: function `write_project_value` is never used
    --> src/lib.rs:2314:4
     |
2314 | fn write_project_value(project_dir: &Path, project: &Value) -> Result<(), String> {
     |    ^^^^^^^^^^^^^^^^^^^

warning: unused import: `super::*`
 --> src/documents/docx/tests.rs:5:5
  |
5 | use super::*;
  |     ^^^^^^^^
  |
  = note: `#[warn(unused_imports)]` (part of `#[warn(unused)]`) on by default

warning: function `xml_text` is never used
  --> src/documents/fixtures.rs:54:15
   |
54 | pub(crate) fn xml_text(value: &str) -> String {
   |               ^^^^^^^^

warning: function `pdf_literal` is never used
  --> src/documents/fixtures.rs:62:15
   |
62 | pub(crate) fn pdf_literal(value: &str) -> String {
   |               ^^^^^^^^^^^

warning: `ai-course-workbench` (lib) generated 3 warnings
warning: `ai-course-workbench` (lib test) generated 6 warnings (3 duplicates) (run `cargo fix --lib -p ai-course-workbench --tests` to apply 1 suggestion)
    Finished `test` profile [unoptimized + debuginfo] target(s) in 0.74s
     Running unittests src/lib.rs (/tmp/io-ui-closure-native-qa-prewarm-target/debug/deps/ai_course_workbench_lib-7ed887973fc21486)

running 1 test

thread 'tests::folder_append_keeps_same_basename_documents_from_distinct_selected_stages' (1727362) panicked at src/lib.rs:20082:9:
assertion `left == right` failed
  left: Number(3)
 right: Number(7)
note: run with `RUST_BACKTRACE=1` environment variable to display a backtrace
test tests::folder_append_keeps_same_basename_documents_from_distinct_selected_stages ... FAILED

failures:

failures:
    tests::folder_append_keeps_same_basename_documents_from_distinct_selected_stages

test result: FAILED. 0 passed; 1 failed; 0 ignored; 0 measured; 257 filtered out; finished in 0.10s

error: test failed, to rerun pass `--lib`
