source_commit=dab26b7b09dcde37eba2f59b018b9ac11e7f73e0
source_asset_files=18
codegen_dir_files=21
embedded_payloads_in_signed_executable=18
exact_source_byte_matches=17
index_html_source_sha256=cec3b9cefae4757df158ffc3dbf75c47099ea5b6ea912ed535b1f0baf97e8ec2
index_html_embedded_sha256=13dc4d05d906f9c5075caec01c2a2eeb810aaf266fccc2a97e5c08e5902a37d3
index_html_normalized_dom_event_stream_equal=true (18 events each)
all_embedded_payloads_present=true
stale_codegen_files_excluded=48a05c775a9e07f0e3e83ab6c8782a571e386f0143fa58e64c6df2203fca85d1.css,8bd72b71cb363f647780269c5bf4bb200105d1e75566054780d324f5d7d65194.js,8f3b7e272ab4f381ff0f193907a8c1232870e518662fed3441d1799f00438e2d.js
asset=1226067165963ae3ec12ea97d47c457f9bae87cc8807dd77a3e6c5ad07e137a2.js source=canvas.js decoded_sha256=aae766e171a003676dda3b55906d315593d07befe7dc8adf29a3ea7da053d38f bytes=63831 payload_in_final_executable=true
asset=1274882b0a69c88c8bb1bb4fdfb41134ee5c59e00d571d17ec9352b523334d8a.js source=views.js decoded_sha256=239f0cc84e59ac291052f0792e9275831e615a52dfe9d85ad50402f50a56ec1e bytes=270916 payload_in_final_executable=true
asset=487787e39db9dde2b241d31b047b5924c3f76e29761cd2d03461845a8d051c1b.js source=boot.js decoded_sha256=82ef0e4146b39979d82a3ed7dce301c8384db7b49881b5717c8612eb7d38a69b bytes=3464 payload_in_final_executable=true
asset=4a9dfe18bdafe14f1fdd65641765ec2c5a4bf29a7fb0a1e5f1463b32fb24410f.js source=layout_pages.js decoded_sha256=279102ba24866a563b94aba103e41943f67dec4110a70aae970ee2b191c78164 bytes=17718 payload_in_final_executable=true
asset=5aa9bcd42fa29b052397d4851ca95a6fe044648a1d0db26e7a1f02f796ed9b0b.txt source=vendor/MARKED-LICENSE.txt decoded_sha256=8e3a3f82f59a60958f56ca08f445647c32a4733dc7ca6c2c46f6eb898471ab9c bytes=2942 payload_in_final_executable=true
asset=6d3a832965b424f2406794425e4d0a7dfd827e84a899efc57cd4a3ff010c3bd4.html source=index.html decoded_sha256=13dc4d05d906f9c5075caec01c2a2eeb810aaf266fccc2a97e5c08e5902a37d3 bytes=395 payload_in_final_executable=true
asset=77eda8e48c09c53e6c26350c91d8eba54a1628608e7944b19a07657ca8cccc8f.js source=authoring.js decoded_sha256=00b3d0ab273a595df7c81c049a3adfd4f81550c824b4059fae7b325f5261debc bytes=45112 payload_in_final_executable=true
asset=8062e977d166555d023752d5608ca893ffdba344376ff4ede2bc7479d0e74dff.js source=markdown.js decoded_sha256=64f75e5a7ddb99b5f1e5afb75dfbf7a6698899bfaadc863886f4aa4b38702d58 bytes=34349 payload_in_final_executable=true
asset=83daf00a88dcd84d8091a23bb6e21b269366b0f8c807a116f399c805a88fa5bc.ts source=publication.d.ts decoded_sha256=9f0569e1454933ee9404301a3b2036210b8a8a1a2c8ad01823c530c9feef0429 bytes=5606 payload_in_final_executable=true
asset=9c2ef82776395841f09ee995dbae244d4acbbb84454a4e298fd5c1c1e465160d.css source=styles.css decoded_sha256=807b840e69a705c8b69824573703920aec1cdcecbc43192dc46817cf3b56ecb4 bytes=146816 payload_in_final_executable=true
asset=b6c4600db207aaf77845754570b0a9ab77fc460273a66ffb511e46d72e4475e7.js source=publication.js decoded_sha256=1b8d917296603bee40056b427a1a6fe6db65e59b6fbf1395a6318a5ae78a39d4 bytes=30261 payload_in_final_executable=true
asset=bbe7e9a5916a9aa700acdab982c334510367bc1c3d58b0c0cc5d49d14c3c7e52.ts source=layout_pages.d.ts decoded_sha256=d4a60f26879c322fb9f88de8db4f4f556f94326c9613dfc02066c5a7809050f1 bytes=1363 payload_in_final_executable=true
asset=c2da073eedbe0960ff7cbd05be5f0643acfa27b1aa8753c9749d69c5aa9cacd1.js source=persistence.js decoded_sha256=5bb543a5b09a98796b306a7b2e4843088ddcf6c55ee3652e790ab5ab35c56b95 bytes=19976 payload_in_final_executable=true
asset=cfbc3a56a9f36512d2bad7f32ea61a365c171c05192be9e88d09d5e2bce6e3f4.js source=constants.js decoded_sha256=0c8449d776a4d476316cfa6391b64e441be70883112b7e97e00e809dc47e80b2 bytes=7674 payload_in_final_executable=true
asset=d4e849fb059e8b13b1690effd74d58ead52c5b6dcd592654043f4a1d2fd53c2b.js source=recovery.js decoded_sha256=93796bf2f711869268a301cd1c04b66d82ffdfb1e1121d568d8ee1e9124fca6b bytes=1510 payload_in_final_executable=true
asset=e0550a629b1bc15b6141545d7652e1b1b8775d73532bb8d8d63f8934ad53604f.js source=main.js decoded_sha256=ec367eac55f46df11e59a1cf1733a3b6c4207a72568c1cd89737631b929c6188 bytes=558087 payload_in_final_executable=true
asset=e3ad45f2b5ce342a4c0f53ac2a7a0a10881a40c0d17d2b18b5c89b608a06eca7.js source=ai.js decoded_sha256=d7fe9938a6fb00edce222fab75f8b6d7c14ad4b3e8a6fb96e281212412e7968f bytes=148474 payload_in_final_executable=true
asset=fec5b462cd30e03e18aa63e4c34971a1d9473e444a283a2e8c7f1752ada6f5eb.js source=vendor/marked-18.0.7.esm.js decoded_sha256=fd52a4d9a8eb652477ec1ddea2c48677bf46fcfc82e3801e46ca54359c57164f bytes=41878 payload_in_final_executable=true
