SOURCE_COMMIT=52862b4ab0fe8386cc1dd6ac937d46721e9cca4d
BUILD_APP=/tmp/io-ui-closure-native-qa-prewarm-target/aarch64-apple-darwin/release/bundle/macos/AI Course Workbench QA Preview Final6.app
APP=/tmp/io-ui-closure-native-qa-final6/AI Course Workbench QA Preview Final6.app
COMMAND=ditto BUILD_APP APP; codesign --force --deep --sign - APP
DITTO_EXIT_CODE=0
/tmp/io-ui-closure-native-qa-final6/AI Course Workbench QA Preview Final6.app: replacing existing signature
SIGN_EXIT_CODE=0
/tmp/io-ui-closure-native-qa-final6/AI Course Workbench QA Preview Final6.app: valid on disk
/tmp/io-ui-closure-native-qa-final6/AI Course Workbench QA Preview Final6.app: satisfies its Designated Requirement
VERIFY_EXIT_CODE=0
Executable=/private/tmp/io-ui-closure-native-qa-final6/AI Course Workbench QA Preview Final6.app/Contents/MacOS/ai-course-workbench
Identifier=io.github.wyzh0117.ai-course-workbench.qa.io-ui-closure.final6
Format=app bundle with Mach-O thin (arm64)
CodeDirectory v=20400 size=38743 flags=0x2(adhoc) hashes=1203+3 location=embedded
VersionPlatform=1
VersionMin=720896
VersionSDK=918528
Hash type=sha256 size=32
CandidateCDHash sha256=6574aa40be327bc6b1973e3d64624629ac209837
CandidateCDHashFull sha256=6574aa40be327bc6b1973e3d64624629ac209837efd38b4472ca5319c9e859ba
Hash choices=sha256
CMSDigest=6574aa40be327bc6b1973e3d64624629ac209837efd38b4472ca5319c9e859ba
CMSDigestType=2
Executable Segment base=0
Executable Segment limit=13647872
Executable Segment flags=0x1
Page size=16384
CDHash=6574aa40be327bc6b1973e3d64624629ac209837
Signature=adhoc
Info.plist entries=16
TeamIdentifier=not set
Sealed Resources version=2 rules=13 files=1
Internal requirements count=0 size=12
BUNDLE_IDENTIFIER=io.github.wyzh0117.ai-course-workbench.qa.io-ui-closure.final6
BUNDLE_SHORT_VERSION=0.2.7
BUNDLE_VERSION=0.2.7
EXECUTABLE_ARCHS=arm64
EXECUTABLE_SHA256=30df468290bfb4ad4230e80b74b4ee7e7625bd694791a92a4ed70a69a160d941  /tmp/io-ui-closure-native-qa-final6/AI Course Workbench QA Preview Final6.app/Contents/MacOS/ai-course-workbench
