READ-ONLY NATIVE SMALL AFTER-EDIT / CMD+S PHYSICAL PROOF
Fixture: /tmp/workbench-io-ui-native-final/small
Native app PID: 18646; project id: aaaaaaaa-aaaa-4aaa-8aaa-aaaaaaaaaaaa

Actual UI body sequence source: docs/reports/evidence/io-ui-closure/native-edit-sequence.json
Sequence SHA-256: 4b5f98478fd596453e26b455e87e5ea80e2b86da2e5fe07510dec9b1e950683c
Source pin: 04e9fdf4276fe37b79d7a1ee87656c28865d0fac; 50 settable AX frames, first 03:07:07.468Z, last 03:09:29.178Z, sequence file ended 03:09:29.180Z. This included CUA/inter-orchestration gaps and is not a claim of uninterrupted fixed-cadence typing.
Last visible AX text: "Local conflict draft retained for explicit resolution. Native autosave QA 50."
Canonical block id 00000000-0000-4000-8000-00000000000d stores: "Local conflict draft retained for explicit resolution\\. Native autosave QA 50\\." (literal backslashes precede the punctuation in serialized content).

The physical project.bak exactly matches the Canonical snapshot immediately before Cmd+S:
project.bak: 74,838 bytes, SHA-256 90daa56e6390d117d3fb75b0da29ba4c5a72da3a2013e487fc6e19570fb45c10, project.updated_at 2026-10-06T03:09:28.173Z.
Current project.json after Cmd+S: 74,838 bytes, SHA-256 bd98b19e9407988fcd9fc43437082a792024f9c8bfc53df3de1e4f00ff8c4666, filesystem mtime 2026-10-06T11:11:12+0800, project.updated_at 2026-10-06T03:11:11.965Z.
A parsed JSON comparison found exactly four changed fields: project.updated_at; content_items[0].updated_at; documents[0].updated_at; blocks[1].updated_at. Body/content, assets, requirements and other structure match the pre-Cmd+S backup. Therefore Cmd+S caused a real Canonical replacement with timestamp-only changes; it is not a physical no-op. The final body text was already present in the pre-Cmd+S backup due to autosave.

Both project.json and project.bak pass validateProjectData with 0 issues. Current project: 2 stages, 4 content items, 22 blocks, 8 assets, 1 requirement. All 8 physical asset files under assets/ were SHA-256 checked against their Canonical checksum:
fixture-000.png 1488 B 0c479466fd0ea052ca693290293b423068552c091e37922de3944ce7eefdf0d3
fixture-001.png 1482 B 3cced520167601a8cde0af73da82fa6a035f11e14976d3a19733701546d8078e
fixture-002.png 1503 B e4943822009bebf60c212569ecad21c1fd176fbfb26552974c3e565a931b35aa
fixture-003.png 1519 B 96530624979bf1be2732b5a9b2da93536da71ee9f0cdd99abded5346600dbd80
fixture-00.gif 7493 B eacfdc6858d34f7c3c299ed7fa75a2a9145981098c24b3900986957b9e94c0d2
fixture-00.mp4 8748 B 697f1b863079014da64bc345296d4671197a4d921341bf11ef71c26dc21cf7c6
workbench-io-ui-markdown-final.md (stored with generated id prefix) 122 B bb42001daa09abdc0e81897d5f3abc8c1b512c71f81777ecdb482f7aae419fe6
QA inbox triage item (stored with generated id prefix) 49 B e54c217894764ab188d0ddd0b25b2374617abc0b9bb46748fecf92b614f2c164

.workspace contains index.json (67,398 B; SHA-256 2ff050c75682c7fa20b18d44d2578900724899c1ce6594e84f05456067b397c7), project.lock (206 B), and project.lock.guard (0 B). No recovery journal, snapshot directory, or diagnostics/metrics file was present in this clone at capture. project.lock heartbeat was 2026-10-06T03:21:13.280Z, opened_at 2026-10-06T03:01:42.347Z, pid 18646. Runtime write counters were not captured and remain unknown; hash/mtime evidence does not prove zero physical I/O.
