warning: function `write_project_value_with_warning` is never used
    --> src/lib.rs:2302:4
     |
2302 | fn write_project_value_with_warning(
     |    ^^^^^^^^^^^^^^^^^^^^^^^^^^^^^^^^
     |
     = note: `#[warn(dead_code)]` (part of `#[warn(unused)]`) on by default

warning: function `write_project_value` is never used
    --> src/lib.rs:2314:4
     |
2314 | fn write_project_value(project_dir: &Path, project: &Value) -> Result<(), String> {
     |    ^^^^^^^^^^^^^^^^^^^

warning: unused import: `super::*`
 --> src/documents/docx/tests.rs:5:5
  |
5 | use super::*;
  |     ^^^^^^^^
  |
  = note: `#[warn(unused_imports)]` (part of `#[warn(unused)]`) on by default

warning: function `xml_text` is never used
  --> src/documents/fixtures.rs:54:15
   |
54 | pub(crate) fn xml_text(value: &str) -> String {
   |               ^^^^^^^^

warning: function `pdf_literal` is never used
  --> src/documents/fixtures.rs:62:15
   |
62 | pub(crate) fn pdf_literal(value: &str) -> String {
   |               ^^^^^^^^^^^

warning: `ai-course-workbench` (lib) generated 2 warnings
warning: `ai-course-workbench` (lib test) generated 5 warnings (2 duplicates) (run `cargo fix --lib -p ai-course-workbench --tests` to apply 1 suggestion)
    Finished `test` profile [unoptimized + debuginfo] target(s) in 0.53s
     Running unittests src/lib.rs (/tmp/io-ui-closure-candidate-seeded/debug/deps/ai_course_workbench_lib-7ed887973fc21486)

running 1 test

thread 'tests::restore_requires_a_persisted_backup_and_returns_the_committed_state' (1331939) panicked at src/lib.rs:20224:9:
restore receipt must surface the pre-restore backup durability warning: {"backup_durability_warning":"历史版本已保存，但历史版本目录同步失败: 测试注入：快照目录同步失败","backup_persisted":true,"backup_snapshot_id":"restore-before-f561107d117f65a878bc2d4b","commit_state":"committed","durability_warning":null,"editor_generation":9,"fingerprint":{"exists":true,"hash":"ba4eb9df6a1bde740d66fa52fde5f46f7a32cefb7eaa1edd5262504eb0b63860","mtime_ms":1791244193973,"size":374},"lease_generation":"app-p94099-1791244193923-1-15ef04d3b62bc2207a8c7506a420ffcb3f7e0411b342c267:lease-1","mutation_ack":{"commit_state":"committed","durability_warning":null,"editor_generation":9,"fingerprint":{"exists":true,"hash":"ba4eb9df6a1bde740d66fa52fde5f46f7a32cefb7eaa1edd5262504eb0b63860","mtime_ms":1791244193973,"size":374},"lease_generation":"app-p94099-1791244193923-1-15ef04d3b62bc2207a8c7506a420ffcb3f7e0411b342c267:lease-1","operation_id":"restore-op-9","outcome":"written","project":{"items":[],"project":{"id":"p1","title":"original"},"snapshots":[{"content_hash":"5bfdcbedccf86a49b2fdaf0da30b8d8538eab0bacc9ea8d0f1f8c01fb3dc04bc","created_at":"1791244193969","id":"restore-before-f561107d117f65a878bc2d4b","name":"恢复前备份","note":"恢复旧版本前自动创建"}]},"project_dir":"/private/var/folders/fb/x3zpt1kj2_j8jbr0xg6wxft00000gn/T/acw-native-lock-restore-backup-gate-94099-test-1791244193922-0","project_id":"p1","recovery_warning":null,"revision":9},"operation_id":"restore-op-9","outcome":"written","project":{"items":[],"project":{"id":"p1","title":"original"},"snapshots":[{"content_hash":"5bfdcbedccf86a49b2fdaf0da30b8d8538eab0bacc9ea8d0f1f8c01fb3dc04bc","created_at":"1791244193969","id":"restore-before-f561107d117f65a878bc2d4b","name":"恢复前备份","note":"恢复旧版本前自动创建"}]},"project_dir":"/private/var/folders/fb/x3zpt1kj2_j8jbr0xg6wxft00000gn/T/acw-native-lock-restore-backup-gate-94099-test-1791244193922-0","project_id":"p1","recovery_warning":null,"restored":true,"revision":9,"snapshot_id":"restore-target"}
note: run with `RUST_BACKTRACE=1` environment variable to display a backtrace
test tests::restore_requires_a_persisted_backup_and_returns_the_committed_state ... FAILED

failures:

failures:
    tests::restore_requires_a_persisted_backup_and_returns_the_committed_state

test result: FAILED. 0 passed; 1 failed; 0 ignored; 0 measured; 250 filtered out; finished in 0.07s

error: test failed, to rerun pass `--lib`
