warning: function `write_project_value_with_warning` is never used
    --> src/lib.rs:2302:4
     |
2302 | fn write_project_value_with_warning(
     |    ^^^^^^^^^^^^^^^^^^^^^^^^^^^^^^^^
     |
     = note: `#[warn(dead_code)]` (part of `#[warn(unused)]`) on by default

warning: function `write_project_value` is never used
    --> src/lib.rs:2314:4
     |
2314 | fn write_project_value(project_dir: &Path, project: &Value) -> Result<(), String> {
     |    ^^^^^^^^^^^^^^^^^^^

warning: unused import: `super::*`
 --> src/documents/docx/tests.rs:5:5
  |
5 | use super::*;
  |     ^^^^^^^^
  |
  = note: `#[warn(unused_imports)]` (part of `#[warn(unused)]`) on by default

warning: function `xml_text` is never used
  --> src/documents/fixtures.rs:54:15
   |
54 | pub(crate) fn xml_text(value: &str) -> String {
   |               ^^^^^^^^

warning: function `pdf_literal` is never used
  --> src/documents/fixtures.rs:62:15
   |
62 | pub(crate) fn pdf_literal(value: &str) -> String {
   |               ^^^^^^^^^^^

warning: `ai-course-workbench` (lib) generated 2 warnings
warning: `ai-course-workbench` (lib test) generated 5 warnings (2 duplicates) (run `cargo fix --lib -p ai-course-workbench --tests` to apply 1 suggestion)
    Finished `test` profile [unoptimized + debuginfo] target(s) in 0.82s
     Running unittests src/lib.rs (/tmp/io-ui-closure-candidate-seeded/debug/deps/ai_course_workbench_lib-7ed887973fc21486)

running 1 test
test tests::restore_requires_a_persisted_backup_and_returns_the_committed_state ... ok

test result: ok. 1 passed; 0 failed; 0 ignored; 0 measured; 250 filtered out; finished in 0.09s

     Running unittests src/main.rs (/tmp/io-ui-closure-candidate-seeded/debug/deps/ai_course_workbench-3b1fe38ba1ff0c91)

running 0 tests

test result: ok. 0 passed; 0 failed; 0 ignored; 0 measured; 0 filtered out; finished in 0.00s
