
=== sample=00 captured_at=2026-10-06T04:32:16Z ===
source_pin=7555f02fdbdad1c3aa558b2b85e3cfe6fb8fa3be
qa_process pid=29533 command=/private/tmp/io-ui-closure-native-qa-final3/AI Course Workbench QA Preview Final3.app/Contents/MacOS/ai-course-workbench
file=/tmp/workbench-io-ui-native-final/small/project.json
before bytes=74845 mtime_epoch=1791261135 mtime=Oct  6 12:32:15 2026
1dd27f282cb9baef012c9fb355c62d58beda44def523d039b3fc03b33d33de09  /tmp/workbench-io-ui-native-final/small/project.json
after bytes=74845 mtime_epoch=1791261135 mtime=Oct  6 12:32:15 2026
file=/tmp/workbench-io-ui-native-final/small/project.json.bak absent
{"project_id":"aaaaaaaa-aaaa-4aaa-8aaa-aaaaaaaaaaaa","title":"External canonical title QA","updated_at":"2026-10-06T04:32:15.519Z"}
file=/tmp/workbench-io-ui-native-final/small/.workspace/recovery.json absent
file=/tmp/workbench-io-ui-native-final/small/.workspace/recovery.json.bak absent
file=/tmp/workbench-io-ui-native-final/small/.workspace/project.lock
before bytes=206 mtime_epoch=1791261133 mtime=Oct  6 12:32:13 2026
1fca6db2b30cb05d51a36f2f99014032d97f83893fae624b60e0fb1ecc8d7106  /tmp/workbench-io-ui-native-final/small/.workspace/project.lock
after bytes=206 mtime_epoch=1791261133 mtime=Oct  6 12:32:13 2026
{"pid":29533,"host":"localhost","app_instance_id":"app-p29533-1791260953269-0-157d89e2f784476642a6eee0236a198b56d57e064b8fb58a","opened_at":"2026-10-06T04:29:13.271Z","heartbeat":"2026-10-06T04:32:13.708Z","generation":null}
file=/tmp/workbench-io-ui-native-final/small/.workspace/project.lock.guard
before bytes=0 mtime_epoch=1791255702 mtime=Oct  6 11:01:42 2026
e3b0c44298fc1c149afbf4c8996fb92427ae41e4649b934ca495991b7852b855  /tmp/workbench-io-ui-native-final/small/.workspace/project.lock.guard
after bytes=0 mtime_epoch=1791255702 mtime=Oct  6 11:01:42 2026
guard_holders=
file=/Users/youngi/Library/Application Support/io.github.wyzh0117.ai-course-workbench/.workspace/session.json
before bytes=10731 mtime_epoch=1791210009 mtime=Oct  5 22:20:09 2026
5c506dba39f27a5c89f05b7189f9952410481b0f1c308aad8ee4cca2c1bbc47f  /Users/youngi/Library/Application Support/io.github.wyzh0117.ai-course-workbench/.workspace/session.json
after bytes=10731 mtime_epoch=1791210009 mtime=Oct  5 22:20:09 2026

=== sample=01 captured_at=2026-10-06T04:32:23Z ===
source_pin=7555f02fdbdad1c3aa558b2b85e3cfe6fb8fa3be
qa_process pid=29533 command=/private/tmp/io-ui-closure-native-qa-final3/AI Course Workbench QA Preview Final3.app/Contents/MacOS/ai-course-workbench
file=/tmp/workbench-io-ui-native-final/small/project.json
before bytes=74845 mtime_epoch=1791261140 mtime=Oct  6 12:32:20 2026
2f6cc8326ff3565cd8b4c2b66104d5d3c69136501afb4c2b6f7af8646ae2d624  /tmp/workbench-io-ui-native-final/small/project.json
after bytes=74845 mtime_epoch=1791261140 mtime=Oct  6 12:32:20 2026
file=/tmp/workbench-io-ui-native-final/small/project.json.bak absent
{"project_id":"aaaaaaaa-aaaa-4aaa-8aaa-aaaaaaaaaaaa","title":"External canonical title QA","updated_at":"2026-10-06T04:32:20.039Z"}
file=/tmp/workbench-io-ui-native-final/small/.workspace/recovery.json absent
file=/tmp/workbench-io-ui-native-final/small/.workspace/recovery.json.bak absent
file=/tmp/workbench-io-ui-native-final/small/.workspace/project.lock
before bytes=206 mtime_epoch=1791261138 mtime=Oct  6 12:32:18 2026
dd0c43585596b5192c53b9bf86a4b4179082a897af4f4965a88b1419796ae048  /tmp/workbench-io-ui-native-final/small/.workspace/project.lock
after bytes=206 mtime_epoch=1791261138 mtime=Oct  6 12:32:18 2026
{"pid":29533,"host":"localhost","app_instance_id":"app-p29533-1791260953269-0-157d89e2f784476642a6eee0236a198b56d57e064b8fb58a","opened_at":"2026-10-06T04:29:13.271Z","heartbeat":"2026-10-06T04:32:18.717Z","generation":null}
file=/tmp/workbench-io-ui-native-final/small/.workspace/project.lock.guard
before bytes=0 mtime_epoch=1791255702 mtime=Oct  6 11:01:42 2026
e3b0c44298fc1c149afbf4c8996fb92427ae41e4649b934ca495991b7852b855  /tmp/workbench-io-ui-native-final/small/.workspace/project.lock.guard
after bytes=0 mtime_epoch=1791255702 mtime=Oct  6 11:01:42 2026
guard_holders=
file=/Users/youngi/Library/Application Support/io.github.wyzh0117.ai-course-workbench/.workspace/session.json
before bytes=10731 mtime_epoch=1791210009 mtime=Oct  5 22:20:09 2026
5c506dba39f27a5c89f05b7189f9952410481b0f1c308aad8ee4cca2c1bbc47f  /Users/youngi/Library/Application Support/io.github.wyzh0117.ai-course-workbench/.workspace/session.json
after bytes=10731 mtime_epoch=1791210009 mtime=Oct  5 22:20:09 2026

=== sample=02 captured_at=2026-10-06T04:32:28Z ===
source_pin=7555f02fdbdad1c3aa558b2b85e3cfe6fb8fa3be
qa_process pid=29533 command=/private/tmp/io-ui-closure-native-qa-final3/AI Course Workbench QA Preview Final3.app/Contents/MacOS/ai-course-workbench
file=/tmp/workbench-io-ui-native-final/small/project.json
before bytes=74845 mtime_epoch=1791261140 mtime=Oct  6 12:32:20 2026
2f6cc8326ff3565cd8b4c2b66104d5d3c69136501afb4c2b6f7af8646ae2d624  /tmp/workbench-io-ui-native-final/small/project.json
after bytes=74845 mtime_epoch=1791261140 mtime=Oct  6 12:32:20 2026
file=/tmp/workbench-io-ui-native-final/small/project.json.bak absent
{"project_id":"aaaaaaaa-aaaa-4aaa-8aaa-aaaaaaaaaaaa","title":"External canonical title QA","updated_at":"2026-10-06T04:32:20.039Z"}
file=/tmp/workbench-io-ui-native-final/small/.workspace/recovery.json absent
file=/tmp/workbench-io-ui-native-final/small/.workspace/recovery.json.bak absent
file=/tmp/workbench-io-ui-native-final/small/.workspace/project.lock
before bytes=206 mtime_epoch=1791261148 mtime=Oct  6 12:32:28 2026
eae10073bb677b6c0394488de366ca85a2e4d07d136420b3512fe54e084a6e1a  /tmp/workbench-io-ui-native-final/small/.workspace/project.lock
after bytes=206 mtime_epoch=1791261148 mtime=Oct  6 12:32:28 2026
{"pid":29533,"host":"localhost","app_instance_id":"app-p29533-1791260953269-0-157d89e2f784476642a6eee0236a198b56d57e064b8fb58a","opened_at":"2026-10-06T04:29:13.271Z","heartbeat":"2026-10-06T04:32:28.737Z","generation":null}
file=/tmp/workbench-io-ui-native-final/small/.workspace/project.lock.guard
before bytes=0 mtime_epoch=1791255702 mtime=Oct  6 11:01:42 2026
e3b0c44298fc1c149afbf4c8996fb92427ae41e4649b934ca495991b7852b855  /tmp/workbench-io-ui-native-final/small/.workspace/project.lock.guard
after bytes=0 mtime_epoch=1791255702 mtime=Oct  6 11:01:42 2026
guard_holders=
file=/Users/youngi/Library/Application Support/io.github.wyzh0117.ai-course-workbench/.workspace/session.json
before bytes=10731 mtime_epoch=1791210009 mtime=Oct  5 22:20:09 2026
5c506dba39f27a5c89f05b7189f9952410481b0f1c308aad8ee4cca2c1bbc47f  /Users/youngi/Library/Application Support/io.github.wyzh0117.ai-course-workbench/.workspace/session.json
after bytes=10731 mtime_epoch=1791210009 mtime=Oct  5 22:20:09 2026

=== sample=03 captured_at=2026-10-06T04:32:34Z ===
source_pin=7555f02fdbdad1c3aa558b2b85e3cfe6fb8fa3be
qa_process pid=29533 command=/private/tmp/io-ui-closure-native-qa-final3/AI Course Workbench QA Preview Final3.app/Contents/MacOS/ai-course-workbench
file=/tmp/workbench-io-ui-native-final/small/project.json
before bytes=74845 mtime_epoch=1791261140 mtime=Oct  6 12:32:20 2026
2f6cc8326ff3565cd8b4c2b66104d5d3c69136501afb4c2b6f7af8646ae2d624  /tmp/workbench-io-ui-native-final/small/project.json
after bytes=74845 mtime_epoch=1791261140 mtime=Oct  6 12:32:20 2026
file=/tmp/workbench-io-ui-native-final/small/project.json.bak absent
{"project_id":"aaaaaaaa-aaaa-4aaa-8aaa-aaaaaaaaaaaa","title":"External canonical title QA","updated_at":"2026-10-06T04:32:20.039Z"}
file=/tmp/workbench-io-ui-native-final/small/.workspace/recovery.json absent
file=/tmp/workbench-io-ui-native-final/small/.workspace/recovery.json.bak absent
file=/tmp/workbench-io-ui-native-final/small/.workspace/project.lock
before bytes=206 mtime_epoch=1791261153 mtime=Oct  6 12:32:33 2026
de6f0c15698f10a91d65122ed2b858c0475aed0178925a144cca2240ea71ddac  /tmp/workbench-io-ui-native-final/small/.workspace/project.lock
after bytes=206 mtime_epoch=1791261153 mtime=Oct  6 12:32:33 2026
{"pid":29533,"host":"localhost","app_instance_id":"app-p29533-1791260953269-0-157d89e2f784476642a6eee0236a198b56d57e064b8fb58a","opened_at":"2026-10-06T04:29:13.271Z","heartbeat":"2026-10-06T04:32:33.746Z","generation":null}
file=/tmp/workbench-io-ui-native-final/small/.workspace/project.lock.guard
before bytes=0 mtime_epoch=1791255702 mtime=Oct  6 11:01:42 2026
e3b0c44298fc1c149afbf4c8996fb92427ae41e4649b934ca495991b7852b855  /tmp/workbench-io-ui-native-final/small/.workspace/project.lock.guard
after bytes=0 mtime_epoch=1791255702 mtime=Oct  6 11:01:42 2026
guard_holders=
file=/Users/youngi/Library/Application Support/io.github.wyzh0117.ai-course-workbench/.workspace/session.json
before bytes=10731 mtime_epoch=1791210009 mtime=Oct  5 22:20:09 2026
5c506dba39f27a5c89f05b7189f9952410481b0f1c308aad8ee4cca2c1bbc47f  /Users/youngi/Library/Application Support/io.github.wyzh0117.ai-course-workbench/.workspace/session.json
after bytes=10731 mtime_epoch=1791210009 mtime=Oct  5 22:20:09 2026

=== sample=04 captured_at=2026-10-06T04:32:42Z ===
source_pin=7555f02fdbdad1c3aa558b2b85e3cfe6fb8fa3be
qa_process pid=29533 command=/private/tmp/io-ui-closure-native-qa-final3/AI Course Workbench QA Preview Final3.app/Contents/MacOS/ai-course-workbench
file=/tmp/workbench-io-ui-native-final/small/project.json
before bytes=74845 mtime_epoch=1791261162 mtime=Oct  6 12:32:42 2026
887228123b59114558b4ded5d24e51d428fe669297f2b2781aa373a7d043ef63  /tmp/workbench-io-ui-native-final/small/project.json
after bytes=74845 mtime_epoch=1791261162 mtime=Oct  6 12:32:42 2026
file=/tmp/workbench-io-ui-native-final/small/project.json.bak absent
{"project_id":"aaaaaaaa-aaaa-4aaa-8aaa-aaaaaaaaaaaa","title":"External canonical title QA","updated_at":"2026-10-06T04:32:41.724Z"}
file=/tmp/workbench-io-ui-native-final/small/.workspace/recovery.json absent
file=/tmp/workbench-io-ui-native-final/small/.workspace/recovery.json.bak absent
file=/tmp/workbench-io-ui-native-final/small/.workspace/project.lock
before bytes=206 mtime_epoch=1791261158 mtime=Oct  6 12:32:38 2026
0bd38e06850c861cc2dd2e574fdd80241e1a8a537103fd6f40cd0c5629b4b95a  /tmp/workbench-io-ui-native-final/small/.workspace/project.lock
after bytes=206 mtime_epoch=1791261158 mtime=Oct  6 12:32:38 2026
{"pid":29533,"host":"localhost","app_instance_id":"app-p29533-1791260953269-0-157d89e2f784476642a6eee0236a198b56d57e064b8fb58a","opened_at":"2026-10-06T04:29:13.271Z","heartbeat":"2026-10-06T04:32:38.757Z","generation":null}
file=/tmp/workbench-io-ui-native-final/small/.workspace/project.lock.guard
before bytes=0 mtime_epoch=1791255702 mtime=Oct  6 11:01:42 2026
e3b0c44298fc1c149afbf4c8996fb92427ae41e4649b934ca495991b7852b855  /tmp/workbench-io-ui-native-final/small/.workspace/project.lock.guard
after bytes=0 mtime_epoch=1791255702 mtime=Oct  6 11:01:42 2026
guard_holders=
file=/Users/youngi/Library/Application Support/io.github.wyzh0117.ai-course-workbench/.workspace/session.json
before bytes=10731 mtime_epoch=1791210009 mtime=Oct  5 22:20:09 2026
5c506dba39f27a5c89f05b7189f9952410481b0f1c308aad8ee4cca2c1bbc47f  /Users/youngi/Library/Application Support/io.github.wyzh0117.ai-course-workbench/.workspace/session.json
after bytes=10731 mtime_epoch=1791210009 mtime=Oct  5 22:20:09 2026

=== sample=05 captured_at=2026-10-06T04:32:48Z ===
source_pin=7555f02fdbdad1c3aa558b2b85e3cfe6fb8fa3be
qa_process pid=29533 command=/private/tmp/io-ui-closure-native-qa-final3/AI Course Workbench QA Preview Final3.app/Contents/MacOS/ai-course-workbench
file=/tmp/workbench-io-ui-native-final/small/project.json
before bytes=74845 mtime_epoch=1791261168 mtime=Oct  6 12:32:48 2026
7309f4c4a8749b21129c19cc7c14d8008ed3c79becba30062b5ae0971ff048ad  /tmp/workbench-io-ui-native-final/small/project.json
after bytes=74845 mtime_epoch=1791261168 mtime=Oct  6 12:32:48 2026
file=/tmp/workbench-io-ui-native-final/small/project.json.bak absent
{"project_id":"aaaaaaaa-aaaa-4aaa-8aaa-aaaaaaaaaaaa","title":"External canonical title QA","updated_at":"2026-10-06T04:32:47.986Z"}
file=/tmp/workbench-io-ui-native-final/small/.workspace/recovery.json absent
file=/tmp/workbench-io-ui-native-final/small/.workspace/recovery.json.bak absent
file=/tmp/workbench-io-ui-native-final/small/.workspace/project.lock
before bytes=206 mtime_epoch=1791261163 mtime=Oct  6 12:32:43 2026
e3ba2a25534872a7a0be720d974b7b6bc5d6f2a147f609b368f042f340291b17  /tmp/workbench-io-ui-native-final/small/.workspace/project.lock
after bytes=206 mtime_epoch=1791261163 mtime=Oct  6 12:32:43 2026
{"pid":29533,"host":"localhost","app_instance_id":"app-p29533-1791260953269-0-157d89e2f784476642a6eee0236a198b56d57e064b8fb58a","opened_at":"2026-10-06T04:29:13.271Z","heartbeat":"2026-10-06T04:32:43.768Z","generation":null}
file=/tmp/workbench-io-ui-native-final/small/.workspace/project.lock.guard
before bytes=0 mtime_epoch=1791255702 mtime=Oct  6 11:01:42 2026
e3b0c44298fc1c149afbf4c8996fb92427ae41e4649b934ca495991b7852b855  /tmp/workbench-io-ui-native-final/small/.workspace/project.lock.guard
after bytes=0 mtime_epoch=1791255702 mtime=Oct  6 11:01:42 2026
guard_holders=
file=/Users/youngi/Library/Application Support/io.github.wyzh0117.ai-course-workbench/.workspace/session.json
before bytes=10731 mtime_epoch=1791210009 mtime=Oct  5 22:20:09 2026
5c506dba39f27a5c89f05b7189f9952410481b0f1c308aad8ee4cca2c1bbc47f  /Users/youngi/Library/Application Support/io.github.wyzh0117.ai-course-workbench/.workspace/session.json
after bytes=10731 mtime_epoch=1791210009 mtime=Oct  5 22:20:09 2026

=== sample=06 captured_at=2026-10-06T04:32:53Z ===
source_pin=7555f02fdbdad1c3aa558b2b85e3cfe6fb8fa3be
qa_process pid=29533 command=/private/tmp/io-ui-closure-native-qa-final3/AI Course Workbench QA Preview Final3.app/Contents/MacOS/ai-course-workbench
file=/tmp/workbench-io-ui-native-final/small/project.json
before bytes=74845 mtime_epoch=1791261172 mtime=Oct  6 12:32:52 2026
b3339cd5ccceade4e91d5deb4752d09fc0ea8b5893e6c0384f3ddf2e9858cdeb  /tmp/workbench-io-ui-native-final/small/project.json
after bytes=74845 mtime_epoch=1791261172 mtime=Oct  6 12:32:52 2026
file=/tmp/workbench-io-ui-native-final/small/project.json.bak absent
{"project_id":"aaaaaaaa-aaaa-4aaa-8aaa-aaaaaaaaaaaa","title":"External canonical title QA","updated_at":"2026-10-06T04:32:52.509Z"}
file=/tmp/workbench-io-ui-native-final/small/.workspace/recovery.json absent
file=/tmp/workbench-io-ui-native-final/small/.workspace/recovery.json.bak absent
file=/tmp/workbench-io-ui-native-final/small/.workspace/project.lock
before bytes=206 mtime_epoch=1791261173 mtime=Oct  6 12:32:53 2026
019df61fe189daceb56d32d4d1c5a6f57df3c7ca4a068e2f31cd5d845caf0cca  /tmp/workbench-io-ui-native-final/small/.workspace/project.lock
after bytes=206 mtime_epoch=1791261173 mtime=Oct  6 12:32:53 2026
{"pid":29533,"host":"localhost","app_instance_id":"app-p29533-1791260953269-0-157d89e2f784476642a6eee0236a198b56d57e064b8fb58a","opened_at":"2026-10-06T04:29:13.271Z","heartbeat":"2026-10-06T04:32:53.784Z","generation":null}
file=/tmp/workbench-io-ui-native-final/small/.workspace/project.lock.guard
before bytes=0 mtime_epoch=1791255702 mtime=Oct  6 11:01:42 2026
e3b0c44298fc1c149afbf4c8996fb92427ae41e4649b934ca495991b7852b855  /tmp/workbench-io-ui-native-final/small/.workspace/project.lock.guard
after bytes=0 mtime_epoch=1791255702 mtime=Oct  6 11:01:42 2026
guard_holders=
file=/Users/youngi/Library/Application Support/io.github.wyzh0117.ai-course-workbench/.workspace/session.json
before bytes=10731 mtime_epoch=1791210009 mtime=Oct  5 22:20:09 2026
5c506dba39f27a5c89f05b7189f9952410481b0f1c308aad8ee4cca2c1bbc47f  /Users/youngi/Library/Application Support/io.github.wyzh0117.ai-course-workbench/.workspace/session.json
after bytes=10731 mtime_epoch=1791210009 mtime=Oct  5 22:20:09 2026

=== sample=07 captured_at=2026-10-06T04:32:59Z ===
source_pin=7555f02fdbdad1c3aa558b2b85e3cfe6fb8fa3be
qa_process pid=29533 command=/private/tmp/io-ui-closure-native-qa-final3/AI Course Workbench QA Preview Final3.app/Contents/MacOS/ai-course-workbench
file=/tmp/workbench-io-ui-native-final/small/project.json
before bytes=74845 mtime_epoch=1791261179 mtime=Oct  6 12:32:59 2026
70fb858d137ae8aa6505fecbd45f9a579748be0ac1b4c6bdbce1d08443373eb7  /tmp/workbench-io-ui-native-final/small/project.json
after bytes=74845 mtime_epoch=1791261179 mtime=Oct  6 12:32:59 2026
file=/tmp/workbench-io-ui-native-final/small/project.json.bak absent
{"project_id":"aaaaaaaa-aaaa-4aaa-8aaa-aaaaaaaaaaaa","title":"External canonical title QA","updated_at":"2026-10-06T04:32:58.635Z"}
file=/tmp/workbench-io-ui-native-final/small/.workspace/recovery.json absent
file=/tmp/workbench-io-ui-native-final/small/.workspace/recovery.json.bak absent
file=/tmp/workbench-io-ui-native-final/small/.workspace/project.lock
before bytes=206 mtime_epoch=1791261178 mtime=Oct  6 12:32:58 2026
ee53d45d4aaab92b93443c71b1a988f0bfbb8882e626cec213a812231f7fb92d  /tmp/workbench-io-ui-native-final/small/.workspace/project.lock
after bytes=206 mtime_epoch=1791261178 mtime=Oct  6 12:32:58 2026
{"pid":29533,"host":"localhost","app_instance_id":"app-p29533-1791260953269-0-157d89e2f784476642a6eee0236a198b56d57e064b8fb58a","opened_at":"2026-10-06T04:29:13.271Z","heartbeat":"2026-10-06T04:32:58.793Z","generation":null}
file=/tmp/workbench-io-ui-native-final/small/.workspace/project.lock.guard
before bytes=0 mtime_epoch=1791255702 mtime=Oct  6 11:01:42 2026
e3b0c44298fc1c149afbf4c8996fb92427ae41e4649b934ca495991b7852b855  /tmp/workbench-io-ui-native-final/small/.workspace/project.lock.guard
after bytes=0 mtime_epoch=1791255702 mtime=Oct  6 11:01:42 2026
guard_holders=
file=/Users/youngi/Library/Application Support/io.github.wyzh0117.ai-course-workbench/.workspace/session.json
before bytes=10731 mtime_epoch=1791210009 mtime=Oct  5 22:20:09 2026
5c506dba39f27a5c89f05b7189f9952410481b0f1c308aad8ee4cca2c1bbc47f  /Users/youngi/Library/Application Support/io.github.wyzh0117.ai-course-workbench/.workspace/session.json
after bytes=10731 mtime_epoch=1791210009 mtime=Oct  5 22:20:09 2026

=== sample=08 captured_at=2026-10-06T04:33:04Z ===
source_pin=7555f02fdbdad1c3aa558b2b85e3cfe6fb8fa3be
qa_process pid=29533 command=/private/tmp/io-ui-closure-native-qa-final3/AI Course Workbench QA Preview Final3.app/Contents/MacOS/ai-course-workbench
file=/tmp/workbench-io-ui-native-final/small/project.json
before bytes=74845 mtime_epoch=1791261184 mtime=Oct  6 12:33:04 2026
05a711bc1e6a85fd3fe18dd8248efb317d1363af39e526ca49badde3d1ed5bf5  /tmp/workbench-io-ui-native-final/small/project.json
after bytes=74845 mtime_epoch=1791261184 mtime=Oct  6 12:33:04 2026
file=/tmp/workbench-io-ui-native-final/small/project.json.bak absent
{"project_id":"aaaaaaaa-aaaa-4aaa-8aaa-aaaaaaaaaaaa","title":"External canonical title QA","updated_at":"2026-10-06T04:33:04.494Z"}
file=/tmp/workbench-io-ui-native-final/small/.workspace/recovery.json absent
file=/tmp/workbench-io-ui-native-final/small/.workspace/recovery.json.bak absent
file=/tmp/workbench-io-ui-native-final/small/.workspace/project.lock
before bytes=206 mtime_epoch=1791261183 mtime=Oct  6 12:33:03 2026
a38a4d29ff7e94eb8396b4ea6fe70964f1343eac18c6b75437fb258e481fd2d3  /tmp/workbench-io-ui-native-final/small/.workspace/project.lock
after bytes=206 mtime_epoch=1791261183 mtime=Oct  6 12:33:03 2026
{"pid":29533,"host":"localhost","app_instance_id":"app-p29533-1791260953269-0-157d89e2f784476642a6eee0236a198b56d57e064b8fb58a","opened_at":"2026-10-06T04:29:13.271Z","heartbeat":"2026-10-06T04:33:03.823Z","generation":null}
file=/tmp/workbench-io-ui-native-final/small/.workspace/project.lock.guard
before bytes=0 mtime_epoch=1791255702 mtime=Oct  6 11:01:42 2026
e3b0c44298fc1c149afbf4c8996fb92427ae41e4649b934ca495991b7852b855  /tmp/workbench-io-ui-native-final/small/.workspace/project.lock.guard
after bytes=0 mtime_epoch=1791255702 mtime=Oct  6 11:01:42 2026
guard_holders=
file=/Users/youngi/Library/Application Support/io.github.wyzh0117.ai-course-workbench/.workspace/session.json
before bytes=10731 mtime_epoch=1791210009 mtime=Oct  5 22:20:09 2026
5c506dba39f27a5c89f05b7189f9952410481b0f1c308aad8ee4cca2c1bbc47f  /Users/youngi/Library/Application Support/io.github.wyzh0117.ai-course-workbench/.workspace/session.json
after bytes=10731 mtime_epoch=1791210009 mtime=Oct  5 22:20:09 2026

=== sample=09 captured_at=2026-10-06T04:33:10Z ===
source_pin=7555f02fdbdad1c3aa558b2b85e3cfe6fb8fa3be
qa_process pid=29533 command=/private/tmp/io-ui-closure-native-qa-final3/AI Course Workbench QA Preview Final3.app/Contents/MacOS/ai-course-workbench
file=/tmp/workbench-io-ui-native-final/small/project.json
before bytes=74845 mtime_epoch=1791261189 mtime=Oct  6 12:33:09 2026
cc6b60a35056451c19d31f136a0f02df8d39afe05b122b62ce3521e750bb7eb4  /tmp/workbench-io-ui-native-final/small/project.json
after bytes=74845 mtime_epoch=1791261189 mtime=Oct  6 12:33:09 2026
file=/tmp/workbench-io-ui-native-final/small/project.json.bak absent
{"project_id":"aaaaaaaa-aaaa-4aaa-8aaa-aaaaaaaaaaaa","title":"External canonical title QA","updated_at":"2026-10-06T04:33:09.130Z"}
file=/tmp/workbench-io-ui-native-final/small/.workspace/recovery.json absent
file=/tmp/workbench-io-ui-native-final/small/.workspace/recovery.json.bak absent
file=/tmp/workbench-io-ui-native-final/small/.workspace/project.lock
before bytes=206 mtime_epoch=1791261188 mtime=Oct  6 12:33:08 2026
8780f456f4675b631673a32f979975745c2204c072e3252f1c55f95ec228e040  /tmp/workbench-io-ui-native-final/small/.workspace/project.lock
after bytes=206 mtime_epoch=1791261188 mtime=Oct  6 12:33:08 2026
{"pid":29533,"host":"localhost","app_instance_id":"app-p29533-1791260953269-0-157d89e2f784476642a6eee0236a198b56d57e064b8fb58a","opened_at":"2026-10-06T04:29:13.271Z","heartbeat":"2026-10-06T04:33:08.833Z","generation":null}
file=/tmp/workbench-io-ui-native-final/small/.workspace/project.lock.guard
before bytes=0 mtime_epoch=1791255702 mtime=Oct  6 11:01:42 2026
e3b0c44298fc1c149afbf4c8996fb92427ae41e4649b934ca495991b7852b855  /tmp/workbench-io-ui-native-final/small/.workspace/project.lock.guard
after bytes=0 mtime_epoch=1791255702 mtime=Oct  6 11:01:42 2026
guard_holders=
file=/Users/youngi/Library/Application Support/io.github.wyzh0117.ai-course-workbench/.workspace/session.json
before bytes=10731 mtime_epoch=1791210009 mtime=Oct  5 22:20:09 2026
5c506dba39f27a5c89f05b7189f9952410481b0f1c308aad8ee4cca2c1bbc47f  /Users/youngi/Library/Application Support/io.github.wyzh0117.ai-course-workbench/.workspace/session.json
after bytes=10731 mtime_epoch=1791210009 mtime=Oct  5 22:20:09 2026

=== sample=10 captured_at=2026-10-06T04:33:15Z ===
source_pin=7555f02fdbdad1c3aa558b2b85e3cfe6fb8fa3be
qa_process pid=29533 command=/private/tmp/io-ui-closure-native-qa-final3/AI Course Workbench QA Preview Final3.app/Contents/MacOS/ai-course-workbench
file=/tmp/workbench-io-ui-native-final/small/project.json
before bytes=74845 mtime_epoch=1791261190 mtime=Oct  6 12:33:10 2026
468dc3d3ef621eab9c4d37389d61192f6147623ee25b9b5daf55a1c3e90fb171  /tmp/workbench-io-ui-native-final/small/project.json
after bytes=74845 mtime_epoch=1791261190 mtime=Oct  6 12:33:10 2026
file=/tmp/workbench-io-ui-native-final/small/project.json.bak absent
{"project_id":"aaaaaaaa-aaaa-4aaa-8aaa-aaaaaaaaaaaa","title":"External canonical title QA","updated_at":"2026-10-06T04:33:10.269Z"}
file=/tmp/workbench-io-ui-native-final/small/.workspace/recovery.json absent
file=/tmp/workbench-io-ui-native-final/small/.workspace/recovery.json.bak absent
file=/tmp/workbench-io-ui-native-final/small/.workspace/project.lock
before bytes=206 mtime_epoch=1791261193 mtime=Oct  6 12:33:13 2026
73ee2fb522e47f18811bfffba42d4dd73ae35c8da95d29f2638a90d3bb79e9c5  /tmp/workbench-io-ui-native-final/small/.workspace/project.lock
after bytes=206 mtime_epoch=1791261193 mtime=Oct  6 12:33:13 2026
{"pid":29533,"host":"localhost","app_instance_id":"app-p29533-1791260953269-0-157d89e2f784476642a6eee0236a198b56d57e064b8fb58a","opened_at":"2026-10-06T04:29:13.271Z","heartbeat":"2026-10-06T04:33:13.844Z","generation":null}
file=/tmp/workbench-io-ui-native-final/small/.workspace/project.lock.guard
before bytes=0 mtime_epoch=1791255702 mtime=Oct  6 11:01:42 2026
e3b0c44298fc1c149afbf4c8996fb92427ae41e4649b934ca495991b7852b855  /tmp/workbench-io-ui-native-final/small/.workspace/project.lock.guard
after bytes=0 mtime_epoch=1791255702 mtime=Oct  6 11:01:42 2026
guard_holders=
file=/Users/youngi/Library/Application Support/io.github.wyzh0117.ai-course-workbench/.workspace/session.json
before bytes=10731 mtime_epoch=1791210009 mtime=Oct  5 22:20:09 2026
5c506dba39f27a5c89f05b7189f9952410481b0f1c308aad8ee4cca2c1bbc47f  /Users/youngi/Library/Application Support/io.github.wyzh0117.ai-course-workbench/.workspace/session.json
after bytes=10731 mtime_epoch=1791210009 mtime=Oct  5 22:20:09 2026

=== sample=11 captured_at=2026-10-06T04:33:21Z ===
source_pin=7555f02fdbdad1c3aa558b2b85e3cfe6fb8fa3be
qa_process pid=29533 command=/private/tmp/io-ui-closure-native-qa-final3/AI Course Workbench QA Preview Final3.app/Contents/MacOS/ai-course-workbench
file=/tmp/workbench-io-ui-native-final/small/project.json
before bytes=74845 mtime_epoch=1791261190 mtime=Oct  6 12:33:10 2026
468dc3d3ef621eab9c4d37389d61192f6147623ee25b9b5daf55a1c3e90fb171  /tmp/workbench-io-ui-native-final/small/project.json
after bytes=74845 mtime_epoch=1791261190 mtime=Oct  6 12:33:10 2026
file=/tmp/workbench-io-ui-native-final/small/project.json.bak absent
{"project_id":"aaaaaaaa-aaaa-4aaa-8aaa-aaaaaaaaaaaa","title":"External canonical title QA","updated_at":"2026-10-06T04:33:10.269Z"}
file=/tmp/workbench-io-ui-native-final/small/.workspace/recovery.json absent
file=/tmp/workbench-io-ui-native-final/small/.workspace/recovery.json.bak absent
file=/tmp/workbench-io-ui-native-final/small/.workspace/project.lock
before bytes=206 mtime_epoch=1791261198 mtime=Oct  6 12:33:18 2026
a956e254b46bce52e7a407b4b0ca010258b3d0387b0c86a2c1ea24acdd78274c  /tmp/workbench-io-ui-native-final/small/.workspace/project.lock
after bytes=206 mtime_epoch=1791261198 mtime=Oct  6 12:33:18 2026
{"pid":29533,"host":"localhost","app_instance_id":"app-p29533-1791260953269-0-157d89e2f784476642a6eee0236a198b56d57e064b8fb58a","opened_at":"2026-10-06T04:29:13.271Z","heartbeat":"2026-10-06T04:33:18.853Z","generation":null}
file=/tmp/workbench-io-ui-native-final/small/.workspace/project.lock.guard
before bytes=0 mtime_epoch=1791255702 mtime=Oct  6 11:01:42 2026
e3b0c44298fc1c149afbf4c8996fb92427ae41e4649b934ca495991b7852b855  /tmp/workbench-io-ui-native-final/small/.workspace/project.lock.guard
after bytes=0 mtime_epoch=1791255702 mtime=Oct  6 11:01:42 2026
guard_holders=
file=/Users/youngi/Library/Application Support/io.github.wyzh0117.ai-course-workbench/.workspace/session.json
before bytes=10731 mtime_epoch=1791210009 mtime=Oct  5 22:20:09 2026
5c506dba39f27a5c89f05b7189f9952410481b0f1c308aad8ee4cca2c1bbc47f  /Users/youngi/Library/Application Support/io.github.wyzh0117.ai-course-workbench/.workspace/session.json
after bytes=10731 mtime_epoch=1791210009 mtime=Oct  5 22:20:09 2026

=== sample=12 captured_at=2026-10-06T04:33:26Z ===
source_pin=7555f02fdbdad1c3aa558b2b85e3cfe6fb8fa3be
qa_process pid=29533 command=/private/tmp/io-ui-closure-native-qa-final3/AI Course Workbench QA Preview Final3.app/Contents/MacOS/ai-course-workbench
file=/tmp/workbench-io-ui-native-final/small/project.json
before bytes=74845 mtime_epoch=1791261190 mtime=Oct  6 12:33:10 2026
468dc3d3ef621eab9c4d37389d61192f6147623ee25b9b5daf55a1c3e90fb171  /tmp/workbench-io-ui-native-final/small/project.json
after bytes=74845 mtime_epoch=1791261190 mtime=Oct  6 12:33:10 2026
file=/tmp/workbench-io-ui-native-final/small/project.json.bak absent
{"project_id":"aaaaaaaa-aaaa-4aaa-8aaa-aaaaaaaaaaaa","title":"External canonical title QA","updated_at":"2026-10-06T04:33:10.269Z"}
file=/tmp/workbench-io-ui-native-final/small/.workspace/recovery.json absent
file=/tmp/workbench-io-ui-native-final/small/.workspace/recovery.json.bak absent
file=/tmp/workbench-io-ui-native-final/small/.workspace/project.lock
before bytes=206 mtime_epoch=1791261203 mtime=Oct  6 12:33:23 2026
d017b486fcd91c2dadfb84f8c417110440a857ec975b663d9f0b9dad06458ab7  /tmp/workbench-io-ui-native-final/small/.workspace/project.lock
after bytes=206 mtime_epoch=1791261203 mtime=Oct  6 12:33:23 2026
{"pid":29533,"host":"localhost","app_instance_id":"app-p29533-1791260953269-0-157d89e2f784476642a6eee0236a198b56d57e064b8fb58a","opened_at":"2026-10-06T04:29:13.271Z","heartbeat":"2026-10-06T04:33:23.861Z","generation":null}
file=/tmp/workbench-io-ui-native-final/small/.workspace/project.lock.guard
before bytes=0 mtime_epoch=1791255702 mtime=Oct  6 11:01:42 2026
e3b0c44298fc1c149afbf4c8996fb92427ae41e4649b934ca495991b7852b855  /tmp/workbench-io-ui-native-final/small/.workspace/project.lock.guard
after bytes=0 mtime_epoch=1791255702 mtime=Oct  6 11:01:42 2026
guard_holders=
file=/Users/youngi/Library/Application Support/io.github.wyzh0117.ai-course-workbench/.workspace/session.json
before bytes=10731 mtime_epoch=1791210009 mtime=Oct  5 22:20:09 2026
5c506dba39f27a5c89f05b7189f9952410481b0f1c308aad8ee4cca2c1bbc47f  /Users/youngi/Library/Application Support/io.github.wyzh0117.ai-course-workbench/.workspace/session.json
after bytes=10731 mtime_epoch=1791210009 mtime=Oct  5 22:20:09 2026

=== sample=13 captured_at=2026-10-06T04:33:32Z ===
source_pin=7555f02fdbdad1c3aa558b2b85e3cfe6fb8fa3be
qa_process pid=29533 command=/private/tmp/io-ui-closure-native-qa-final3/AI Course Workbench QA Preview Final3.app/Contents/MacOS/ai-course-workbench
file=/tmp/workbench-io-ui-native-final/small/project.json
before bytes=74845 mtime_epoch=1791261190 mtime=Oct  6 12:33:10 2026
468dc3d3ef621eab9c4d37389d61192f6147623ee25b9b5daf55a1c3e90fb171  /tmp/workbench-io-ui-native-final/small/project.json
after bytes=74845 mtime_epoch=1791261190 mtime=Oct  6 12:33:10 2026
file=/tmp/workbench-io-ui-native-final/small/project.json.bak absent
{"project_id":"aaaaaaaa-aaaa-4aaa-8aaa-aaaaaaaaaaaa","title":"External canonical title QA","updated_at":"2026-10-06T04:33:10.269Z"}
file=/tmp/workbench-io-ui-native-final/small/.workspace/recovery.json absent
file=/tmp/workbench-io-ui-native-final/small/.workspace/recovery.json.bak absent
file=/tmp/workbench-io-ui-native-final/small/.workspace/project.lock
before bytes=206 mtime_epoch=1791261208 mtime=Oct  6 12:33:28 2026
ce6ba65df5ad92654a7fc1e39ec9fe195eb5fd3e69491a4ed35b252f3246511f  /tmp/workbench-io-ui-native-final/small/.workspace/project.lock
after bytes=206 mtime_epoch=1791261208 mtime=Oct  6 12:33:28 2026
{"pid":29533,"host":"localhost","app_instance_id":"app-p29533-1791260953269-0-157d89e2f784476642a6eee0236a198b56d57e064b8fb58a","opened_at":"2026-10-06T04:29:13.271Z","heartbeat":"2026-10-06T04:33:28.872Z","generation":null}
file=/tmp/workbench-io-ui-native-final/small/.workspace/project.lock.guard
before bytes=0 mtime_epoch=1791255702 mtime=Oct  6 11:01:42 2026
e3b0c44298fc1c149afbf4c8996fb92427ae41e4649b934ca495991b7852b855  /tmp/workbench-io-ui-native-final/small/.workspace/project.lock.guard
after bytes=0 mtime_epoch=1791255702 mtime=Oct  6 11:01:42 2026
guard_holders=
file=/Users/youngi/Library/Application Support/io.github.wyzh0117.ai-course-workbench/.workspace/session.json
before bytes=10731 mtime_epoch=1791210009 mtime=Oct  5 22:20:09 2026
5c506dba39f27a5c89f05b7189f9952410481b0f1c308aad8ee4cca2c1bbc47f  /Users/youngi/Library/Application Support/io.github.wyzh0117.ai-course-workbench/.workspace/session.json
after bytes=10731 mtime_epoch=1791210009 mtime=Oct  5 22:20:09 2026

=== sample=14 captured_at=2026-10-06T04:33:37Z ===
source_pin=7555f02fdbdad1c3aa558b2b85e3cfe6fb8fa3be
qa_process pid=29533 command=/private/tmp/io-ui-closure-native-qa-final3/AI Course Workbench QA Preview Final3.app/Contents/MacOS/ai-course-workbench
file=/tmp/workbench-io-ui-native-final/small/project.json
before bytes=74845 mtime_epoch=1791261190 mtime=Oct  6 12:33:10 2026
468dc3d3ef621eab9c4d37389d61192f6147623ee25b9b5daf55a1c3e90fb171  /tmp/workbench-io-ui-native-final/small/project.json
after bytes=74845 mtime_epoch=1791261190 mtime=Oct  6 12:33:10 2026
file=/tmp/workbench-io-ui-native-final/small/project.json.bak absent
{"project_id":"aaaaaaaa-aaaa-4aaa-8aaa-aaaaaaaaaaaa","title":"External canonical title QA","updated_at":"2026-10-06T04:33:10.269Z"}
file=/tmp/workbench-io-ui-native-final/small/.workspace/recovery.json absent
file=/tmp/workbench-io-ui-native-final/small/.workspace/recovery.json.bak absent
file=/tmp/workbench-io-ui-native-final/small/.workspace/project.lock
before bytes=206 mtime_epoch=1791261218 mtime=Oct  6 12:33:38 2026
e6e9b23f21a384adc4037f0e0acae54bdf18e6268dbfb4c185a29f75423c901c  /tmp/workbench-io-ui-native-final/small/.workspace/project.lock
after bytes=206 mtime_epoch=1791261218 mtime=Oct  6 12:33:38 2026
{"pid":29533,"host":"localhost","app_instance_id":"app-p29533-1791260953269-0-157d89e2f784476642a6eee0236a198b56d57e064b8fb58a","opened_at":"2026-10-06T04:29:13.271Z","heartbeat":"2026-10-06T04:33:38.907Z","generation":null}
file=/tmp/workbench-io-ui-native-final/small/.workspace/project.lock.guard
before bytes=0 mtime_epoch=1791255702 mtime=Oct  6 11:01:42 2026
e3b0c44298fc1c149afbf4c8996fb92427ae41e4649b934ca495991b7852b855  /tmp/workbench-io-ui-native-final/small/.workspace/project.lock.guard
after bytes=0 mtime_epoch=1791255702 mtime=Oct  6 11:01:42 2026
guard_holders=
file=/Users/youngi/Library/Application Support/io.github.wyzh0117.ai-course-workbench/.workspace/session.json
before bytes=10731 mtime_epoch=1791210009 mtime=Oct  5 22:20:09 2026
5c506dba39f27a5c89f05b7189f9952410481b0f1c308aad8ee4cca2c1bbc47f  /Users/youngi/Library/Application Support/io.github.wyzh0117.ai-course-workbench/.workspace/session.json
after bytes=10731 mtime_epoch=1791210009 mtime=Oct  5 22:20:09 2026

=== sample=15 captured_at=2026-10-06T04:33:48Z ===
source_pin=7555f02fdbdad1c3aa558b2b85e3cfe6fb8fa3be
qa_process pid=29533 command=/private/tmp/io-ui-closure-native-qa-final3/AI Course Workbench QA Preview Final3.app/Contents/MacOS/ai-course-workbench
file=/tmp/workbench-io-ui-native-final/small/project.json
before bytes=74845 mtime_epoch=1791261190 mtime=Oct  6 12:33:10 2026
468dc3d3ef621eab9c4d37389d61192f6147623ee25b9b5daf55a1c3e90fb171  /tmp/workbench-io-ui-native-final/small/project.json
after bytes=74845 mtime_epoch=1791261190 mtime=Oct  6 12:33:10 2026
file=/tmp/workbench-io-ui-native-final/small/project.json.bak absent
{"project_id":"aaaaaaaa-aaaa-4aaa-8aaa-aaaaaaaaaaaa","title":"External canonical title QA","updated_at":"2026-10-06T04:33:10.269Z"}
file=/tmp/workbench-io-ui-native-final/small/.workspace/recovery.json absent
file=/tmp/workbench-io-ui-native-final/small/.workspace/recovery.json.bak absent
file=/tmp/workbench-io-ui-native-final/small/.workspace/project.lock
before bytes=206 mtime_epoch=1791261223 mtime=Oct  6 12:33:43 2026
affcc5e412950a7e73a2b5d537bccbdc8a4c648449a071848759b1daf2b357a3  /tmp/workbench-io-ui-native-final/small/.workspace/project.lock
after bytes=206 mtime_epoch=1791261223 mtime=Oct  6 12:33:43 2026
{"pid":29533,"host":"localhost","app_instance_id":"app-p29533-1791260953269-0-157d89e2f784476642a6eee0236a198b56d57e064b8fb58a","opened_at":"2026-10-06T04:29:13.271Z","heartbeat":"2026-10-06T04:33:43.935Z","generation":null}
file=/tmp/workbench-io-ui-native-final/small/.workspace/project.lock.guard
before bytes=0 mtime_epoch=1791255702 mtime=Oct  6 11:01:42 2026
e3b0c44298fc1c149afbf4c8996fb92427ae41e4649b934ca495991b7852b855  /tmp/workbench-io-ui-native-final/small/.workspace/project.lock.guard
after bytes=0 mtime_epoch=1791255702 mtime=Oct  6 11:01:42 2026
guard_holders=
file=/Users/youngi/Library/Application Support/io.github.wyzh0117.ai-course-workbench/.workspace/session.json
before bytes=10731 mtime_epoch=1791210009 mtime=Oct  5 22:20:09 2026
5c506dba39f27a5c89f05b7189f9952410481b0f1c308aad8ee4cca2c1bbc47f  /Users/youngi/Library/Application Support/io.github.wyzh0117.ai-course-workbench/.workspace/session.json
after bytes=10731 mtime_epoch=1791210009 mtime=Oct  5 22:20:09 2026

=== sample=16 captured_at=2026-10-06T04:33:53Z ===
source_pin=7555f02fdbdad1c3aa558b2b85e3cfe6fb8fa3be
qa_process pid=29533 command=/private/tmp/io-ui-closure-native-qa-final3/AI Course Workbench QA Preview Final3.app/Contents/MacOS/ai-course-workbench
file=/tmp/workbench-io-ui-native-final/small/project.json
before bytes=74845 mtime_epoch=1791261190 mtime=Oct  6 12:33:10 2026
468dc3d3ef621eab9c4d37389d61192f6147623ee25b9b5daf55a1c3e90fb171  /tmp/workbench-io-ui-native-final/small/project.json
after bytes=74845 mtime_epoch=1791261190 mtime=Oct  6 12:33:10 2026
file=/tmp/workbench-io-ui-native-final/small/project.json.bak absent
{"project_id":"aaaaaaaa-aaaa-4aaa-8aaa-aaaaaaaaaaaa","title":"External canonical title QA","updated_at":"2026-10-06T04:33:10.269Z"}
file=/tmp/workbench-io-ui-native-final/small/.workspace/recovery.json absent
file=/tmp/workbench-io-ui-native-final/small/.workspace/recovery.json.bak absent
file=/tmp/workbench-io-ui-native-final/small/.workspace/project.lock
before bytes=206 mtime_epoch=1791261233 mtime=Oct  6 12:33:53 2026
be6dfda6e3502a669cf2be3df411b9305bf151e5c6e6337ecf6e15569ed7a467  /tmp/workbench-io-ui-native-final/small/.workspace/project.lock
after bytes=206 mtime_epoch=1791261233 mtime=Oct  6 12:33:53 2026
{"pid":29533,"host":"localhost","app_instance_id":"app-p29533-1791260953269-0-157d89e2f784476642a6eee0236a198b56d57e064b8fb58a","opened_at":"2026-10-06T04:29:13.271Z","heartbeat":"2026-10-06T04:33:53.964Z","generation":null}
file=/tmp/workbench-io-ui-native-final/small/.workspace/project.lock.guard
before bytes=0 mtime_epoch=1791255702 mtime=Oct  6 11:01:42 2026
e3b0c44298fc1c149afbf4c8996fb92427ae41e4649b934ca495991b7852b855  /tmp/workbench-io-ui-native-final/small/.workspace/project.lock.guard
after bytes=0 mtime_epoch=1791255702 mtime=Oct  6 11:01:42 2026
guard_holders=
file=/Users/youngi/Library/Application Support/io.github.wyzh0117.ai-course-workbench/.workspace/session.json
before bytes=10731 mtime_epoch=1791210009 mtime=Oct  5 22:20:09 2026
5c506dba39f27a5c89f05b7189f9952410481b0f1c308aad8ee4cca2c1bbc47f  /Users/youngi/Library/Application Support/io.github.wyzh0117.ai-course-workbench/.workspace/session.json
after bytes=10731 mtime_epoch=1791210009 mtime=Oct  5 22:20:09 2026

=== sample=17 captured_at=2026-10-06T04:34:01Z ===
source_pin=7555f02fdbdad1c3aa558b2b85e3cfe6fb8fa3be
qa_process pid=29533 command=/private/tmp/io-ui-closure-native-qa-final3/AI Course Workbench QA Preview Final3.app/Contents/MacOS/ai-course-workbench
file=/tmp/workbench-io-ui-native-final/small/project.json
before bytes=74845 mtime_epoch=1791261190 mtime=Oct  6 12:33:10 2026
468dc3d3ef621eab9c4d37389d61192f6147623ee25b9b5daf55a1c3e90fb171  /tmp/workbench-io-ui-native-final/small/project.json
after bytes=74845 mtime_epoch=1791261190 mtime=Oct  6 12:33:10 2026
file=/tmp/workbench-io-ui-native-final/small/project.json.bak absent
{"project_id":"aaaaaaaa-aaaa-4aaa-8aaa-aaaaaaaaaaaa","title":"External canonical title QA","updated_at":"2026-10-06T04:33:10.269Z"}
file=/tmp/workbench-io-ui-native-final/small/.workspace/recovery.json absent
file=/tmp/workbench-io-ui-native-final/small/.workspace/recovery.json.bak absent
file=/tmp/workbench-io-ui-native-final/small/.workspace/project.lock
before bytes=206 mtime_epoch=1791261238 mtime=Oct  6 12:33:58 2026
7763d7af6668f8f610a45eca7dcc786a281b47fc8fb65e9269244678b23a78ea  /tmp/workbench-io-ui-native-final/small/.workspace/project.lock
after bytes=206 mtime_epoch=1791261238 mtime=Oct  6 12:33:58 2026
{"pid":29533,"host":"localhost","app_instance_id":"app-p29533-1791260953269-0-157d89e2f784476642a6eee0236a198b56d57e064b8fb58a","opened_at":"2026-10-06T04:29:13.271Z","heartbeat":"2026-10-06T04:33:58.978Z","generation":null}
file=/tmp/workbench-io-ui-native-final/small/.workspace/project.lock.guard
before bytes=0 mtime_epoch=1791255702 mtime=Oct  6 11:01:42 2026
e3b0c44298fc1c149afbf4c8996fb92427ae41e4649b934ca495991b7852b855  /tmp/workbench-io-ui-native-final/small/.workspace/project.lock.guard
after bytes=0 mtime_epoch=1791255702 mtime=Oct  6 11:01:42 2026
guard_holders=
file=/Users/youngi/Library/Application Support/io.github.wyzh0117.ai-course-workbench/.workspace/session.json
before bytes=10731 mtime_epoch=1791210009 mtime=Oct  5 22:20:09 2026
5c506dba39f27a5c89f05b7189f9952410481b0f1c308aad8ee4cca2c1bbc47f  /Users/youngi/Library/Application Support/io.github.wyzh0117.ai-course-workbench/.workspace/session.json
after bytes=10731 mtime_epoch=1791210009 mtime=Oct  5 22:20:09 2026

=== sample=18 captured_at=2026-10-06T04:34:07Z ===
source_pin=7555f02fdbdad1c3aa558b2b85e3cfe6fb8fa3be
qa_process pid=29533 command=/private/tmp/io-ui-closure-native-qa-final3/AI Course Workbench QA Preview Final3.app/Contents/MacOS/ai-course-workbench
file=/tmp/workbench-io-ui-native-final/small/project.json
before bytes=74845 mtime_epoch=1791261190 mtime=Oct  6 12:33:10 2026
468dc3d3ef621eab9c4d37389d61192f6147623ee25b9b5daf55a1c3e90fb171  /tmp/workbench-io-ui-native-final/small/project.json
after bytes=74845 mtime_epoch=1791261190 mtime=Oct  6 12:33:10 2026
file=/tmp/workbench-io-ui-native-final/small/project.json.bak absent
{"project_id":"aaaaaaaa-aaaa-4aaa-8aaa-aaaaaaaaaaaa","title":"External canonical title QA","updated_at":"2026-10-06T04:33:10.269Z"}
file=/tmp/workbench-io-ui-native-final/small/.workspace/recovery.json absent
file=/tmp/workbench-io-ui-native-final/small/.workspace/recovery.json.bak absent
file=/tmp/workbench-io-ui-native-final/small/.workspace/project.lock
before bytes=206 mtime_epoch=1791261243 mtime=Oct  6 12:34:03 2026
2d1e4cf1ab56d9c2d6b716af7a7c2b3527408afe01c38a5d133f24816bf1e432  /tmp/workbench-io-ui-native-final/small/.workspace/project.lock
after bytes=206 mtime_epoch=1791261243 mtime=Oct  6 12:34:03 2026
{"pid":29533,"host":"localhost","app_instance_id":"app-p29533-1791260953269-0-157d89e2f784476642a6eee0236a198b56d57e064b8fb58a","opened_at":"2026-10-06T04:29:13.271Z","heartbeat":"2026-10-06T04:34:03.994Z","generation":null}
file=/tmp/workbench-io-ui-native-final/small/.workspace/project.lock.guard
before bytes=0 mtime_epoch=1791255702 mtime=Oct  6 11:01:42 2026
e3b0c44298fc1c149afbf4c8996fb92427ae41e4649b934ca495991b7852b855  /tmp/workbench-io-ui-native-final/small/.workspace/project.lock.guard
after bytes=0 mtime_epoch=1791255702 mtime=Oct  6 11:01:42 2026
guard_holders=
file=/Users/youngi/Library/Application Support/io.github.wyzh0117.ai-course-workbench/.workspace/session.json
before bytes=10731 mtime_epoch=1791210009 mtime=Oct  5 22:20:09 2026
5c506dba39f27a5c89f05b7189f9952410481b0f1c308aad8ee4cca2c1bbc47f  /Users/youngi/Library/Application Support/io.github.wyzh0117.ai-course-workbench/.workspace/session.json
after bytes=10731 mtime_epoch=1791210009 mtime=Oct  5 22:20:09 2026

=== sample=19 captured_at=2026-10-06T04:34:13Z ===
source_pin=7555f02fdbdad1c3aa558b2b85e3cfe6fb8fa3be
qa_process pid=29533 command=/private/tmp/io-ui-closure-native-qa-final3/AI Course Workbench QA Preview Final3.app/Contents/MacOS/ai-course-workbench
file=/tmp/workbench-io-ui-native-final/small/project.json
before bytes=74845 mtime_epoch=1791261190 mtime=Oct  6 12:33:10 2026
468dc3d3ef621eab9c4d37389d61192f6147623ee25b9b5daf55a1c3e90fb171  /tmp/workbench-io-ui-native-final/small/project.json
after bytes=74845 mtime_epoch=1791261190 mtime=Oct  6 12:33:10 2026
file=/tmp/workbench-io-ui-native-final/small/project.json.bak absent
{"project_id":"aaaaaaaa-aaaa-4aaa-8aaa-aaaaaaaaaaaa","title":"External canonical title QA","updated_at":"2026-10-06T04:33:10.269Z"}
file=/tmp/workbench-io-ui-native-final/small/.workspace/recovery.json absent
file=/tmp/workbench-io-ui-native-final/small/.workspace/recovery.json.bak absent
file=/tmp/workbench-io-ui-native-final/small/.workspace/project.lock
before bytes=206 mtime_epoch=1791261249 mtime=Oct  6 12:34:09 2026
669398a19d8e22be48eb5baf0110a97f2fdeb2c3984db5e38830ba615355879c  /tmp/workbench-io-ui-native-final/small/.workspace/project.lock
after bytes=206 mtime_epoch=1791261249 mtime=Oct  6 12:34:09 2026
{"pid":29533,"host":"localhost","app_instance_id":"app-p29533-1791260953269-0-157d89e2f784476642a6eee0236a198b56d57e064b8fb58a","opened_at":"2026-10-06T04:29:13.271Z","heartbeat":"2026-10-06T04:34:09.005Z","generation":null}
file=/tmp/workbench-io-ui-native-final/small/.workspace/project.lock.guard
before bytes=0 mtime_epoch=1791255702 mtime=Oct  6 11:01:42 2026
e3b0c44298fc1c149afbf4c8996fb92427ae41e4649b934ca495991b7852b855  /tmp/workbench-io-ui-native-final/small/.workspace/project.lock.guard
after bytes=0 mtime_epoch=1791255702 mtime=Oct  6 11:01:42 2026
guard_holders=
file=/Users/youngi/Library/Application Support/io.github.wyzh0117.ai-course-workbench/.workspace/session.json
before bytes=10731 mtime_epoch=1791210009 mtime=Oct  5 22:20:09 2026
5c506dba39f27a5c89f05b7189f9952410481b0f1c308aad8ee4cca2c1bbc47f  /Users/youngi/Library/Application Support/io.github.wyzh0117.ai-course-workbench/.workspace/session.json
after bytes=10731 mtime_epoch=1791210009 mtime=Oct  5 22:20:09 2026

=== sample=20 captured_at=2026-10-06T04:34:18Z ===
source_pin=7555f02fdbdad1c3aa558b2b85e3cfe6fb8fa3be
qa_process pid=29533 command=/private/tmp/io-ui-closure-native-qa-final3/AI Course Workbench QA Preview Final3.app/Contents/MacOS/ai-course-workbench
file=/tmp/workbench-io-ui-native-final/small/project.json
before bytes=74845 mtime_epoch=1791261190 mtime=Oct  6 12:33:10 2026
468dc3d3ef621eab9c4d37389d61192f6147623ee25b9b5daf55a1c3e90fb171  /tmp/workbench-io-ui-native-final/small/project.json
after bytes=74845 mtime_epoch=1791261190 mtime=Oct  6 12:33:10 2026
file=/tmp/workbench-io-ui-native-final/small/project.json.bak absent
{"project_id":"aaaaaaaa-aaaa-4aaa-8aaa-aaaaaaaaaaaa","title":"External canonical title QA","updated_at":"2026-10-06T04:33:10.269Z"}
file=/tmp/workbench-io-ui-native-final/small/.workspace/recovery.json absent
file=/tmp/workbench-io-ui-native-final/small/.workspace/recovery.json.bak absent
file=/tmp/workbench-io-ui-native-final/small/.workspace/project.lock
before bytes=206 mtime_epoch=1791261254 mtime=Oct  6 12:34:14 2026
283559497c248e60d935138a0d00e1b484cfa9a24bbe02ea7dac6b25bed8674d  /tmp/workbench-io-ui-native-final/small/.workspace/project.lock
after bytes=206 mtime_epoch=1791261259 mtime=Oct  6 12:34:19 2026
{"pid":29533,"host":"localhost","app_instance_id":"app-p29533-1791260953269-0-157d89e2f784476642a6eee0236a198b56d57e064b8fb58a","opened_at":"2026-10-06T04:29:13.271Z","heartbeat":"2026-10-06T04:34:19.022Z","generation":null}
file=/tmp/workbench-io-ui-native-final/small/.workspace/project.lock.guard
before bytes=0 mtime_epoch=1791255702 mtime=Oct  6 11:01:42 2026
e3b0c44298fc1c149afbf4c8996fb92427ae41e4649b934ca495991b7852b855  /tmp/workbench-io-ui-native-final/small/.workspace/project.lock.guard
after bytes=0 mtime_epoch=1791255702 mtime=Oct  6 11:01:42 2026
guard_holders=
file=/Users/youngi/Library/Application Support/io.github.wyzh0117.ai-course-workbench/.workspace/session.json
before bytes=10731 mtime_epoch=1791210009 mtime=Oct  5 22:20:09 2026
5c506dba39f27a5c89f05b7189f9952410481b0f1c308aad8ee4cca2c1bbc47f  /Users/youngi/Library/Application Support/io.github.wyzh0117.ai-course-workbench/.workspace/session.json
after bytes=10731 mtime_epoch=1791210009 mtime=Oct  5 22:20:09 2026
