warning: unused import: `super::*`
 --> src/documents/docx/tests.rs:5:5
  |
5 | use super::*;
  |     ^^^^^^^^
  |
  = note: `#[warn(unused_imports)]` (part of `#[warn(unused)]`) on by default

warning: function `xml_text` is never used
  --> src/documents/fixtures.rs:54:15
   |
54 | pub(crate) fn xml_text(value: &str) -> String {
   |               ^^^^^^^^
   |
   = note: `#[warn(dead_code)]` (part of `#[warn(unused)]`) on by default

warning: function `pdf_literal` is never used
  --> src/documents/fixtures.rs:62:15
   |
62 | pub(crate) fn pdf_literal(value: &str) -> String {
   |               ^^^^^^^^^^^

warning: `ai-course-workbench` (lib test) generated 3 warnings (run `cargo fix --lib -p ai-course-workbench --tests` to apply 1 suggestion)
    Finished `test` profile [unoptimized + debuginfo] target(s) in 0.52s
     Running unittests src/lib.rs (/tmp/io-ui-closure-candidate-seeded/debug/deps/ai_course_workbench_lib-cc28423643d1bb57)

running 4 tests
test tests::session_target_subprocess_writer ... ok
test tests::session_payloads_carry_reader_position_but_never_credentials ... ok
test tests::native_session_saves_merge_project_slots_and_restore_a_b_a_positions ... ok
test tests::native_session_target_lock_serializes_writers_across_processes ... ok

test result: ok. 4 passed; 0 failed; 0 ignored; 0 measured; 236 filtered out; finished in 0.26s
