/tmp/io-ui-closure-native-qa-final/AI Course Workbench QA Preview.app: replacing existing signature
/tmp/io-ui-closure-native-qa-final/AI Course Workbench QA Preview.app: valid on disk
/tmp/io-ui-closure-native-qa-final/AI Course Workbench QA Preview.app: satisfies its Designated Requirement
Executable=/private/tmp/io-ui-closure-native-qa-final/AI Course Workbench QA Preview.app/Contents/MacOS/ai-course-workbench
Identifier=io.github.wyzh0117.ai-course-workbench.qa.io-ui-closure
Format=app bundle with Mach-O thin (arm64)
CodeDirectory v=20400 size=38768 flags=0x2(adhoc) hashes=1204+3 location=embedded
VersionPlatform=1
VersionMin=720896
VersionSDK=918528
Hash type=sha256 size=32
CandidateCDHash sha256=0c9e4a73f335246a0d255c9f20f0acd18cfbff2b
CandidateCDHashFull sha256=0c9e4a73f335246a0d255c9f20f0acd18cfbff2b2e929fa3ab937245c00ccaf2
Hash choices=sha256
CMSDigest=0c9e4a73f335246a0d255c9f20f0acd18cfbff2b2e929fa3ab937245c00ccaf2
CMSDigestType=2
Executable Segment base=0
Executable Segment limit=13664256
Executable Segment flags=0x1
Page size=16384
CDHash=0c9e4a73f335246a0d255c9f20f0acd18cfbff2b
Signature=adhoc
Info.plist entries=16
TeamIdentifier=not set
Sealed Resources version=2 rules=13 files=1
Internal requirements count=0 size=12
io.github.wyzh0117.ai-course-workbench.qa.io-ui-closure
AI Course Workbench QA Preview
0.2.7
0.2.7
adhoc_sign_exit=0
deep_strict_verify_exit=0
