   Compiling ai-course-workbench v0.2.6 (/tmp/io-ui-closure-rust-baseline.Bugvel/source/src-tauri)
warning: unused import: `super::*`
 --> src/documents/docx/tests.rs:5:5
  |
5 | use super::*;
  |     ^^^^^^^^
  |
  = note: `#[warn(unused_imports)]` (part of `#[warn(unused)]`) on by default

warning: function `xml_text` is never used
  --> src/documents/fixtures.rs:54:15
   |
54 | pub(crate) fn xml_text(value: &str) -> String {
   |               ^^^^^^^^
   |
   = note: `#[warn(dead_code)]` (part of `#[warn(unused)]`) on by default

warning: function `pdf_literal` is never used
  --> src/documents/fixtures.rs:62:15
   |
62 | pub(crate) fn pdf_literal(value: &str) -> String {
   |               ^^^^^^^^^^^

warning: `ai-course-workbench` (lib test) generated 3 warnings (run `cargo fix --lib -p ai-course-workbench --tests` to apply 1 suggestion)
    Finished `test` profile [unoptimized + debuginfo] target(s) in 9.86s
     Running unittests src/lib.rs (/tmp/io-ui-closure-rust-baseline.Bugvel/cargo-target/debug/deps/ai_course_workbench_lib-cc28423643d1bb57)

running 1 test

thread 'tests::project_save_reads_the_full_manifest_at_most_twice' (759587) panicked at src/lib.rs:15539:9:
save read project.json 5 times
note: run with `RUST_BACKTRACE=1` environment variable to display a backtrace
test tests::project_save_reads_the_full_manifest_at_most_twice ... FAILED

failures:

failures:
    tests::project_save_reads_the_full_manifest_at_most_twice

test result: FAILED. 0 passed; 1 failed; 0 ignored; 0 measured; 227 filtered out; finished in 0.02s

error: test failed, to rerun pass `--lib`
