READ-ONLY NATIVE FOLDER ADOPTION PHYSICAL PROOF — CAPTURED AFTER UI INSERTED MP4

Observed on 2026-10-06 after project.updated_at=2026-10-06T03:27:00.640Z (UTC). This capture is after the root's real UI action inserting the MP4 into lesson 2 and before the later Flow reorder/Undo/Redo reported at 03:28Z. It is a historical snapshot, not a claim about the later current order.

Target project root: /tmp/workbench-io-ui-F-mapping-native-final
Canonical project.json: 17,634 bytes; SHA-256 ba56ee2e77062c6c3262ad34cd3236546d6db1bb964da1ae5cf22df96b008520
Project id=76b79ed1-1f3e-4540-ae1f-0b30dc5d821a; title=workbench-io-ui-F-mapping-native-final; updated_at=2026-10-06T03:27:00.640Z.

This state follows the adoption snapshot previously captured at 16,806 bytes / SHA-256 384af9c34dcae065503e13ff3dbda9f64c61e934fb3a4014fef0ae410b9ba4cd (2 stages, 2 lessons, 7 blocks, 3 managed media rows, 2 asset usages). The subsequent UI insert added one video block and its asset usage; this capture is 8 blocks and 3 usages. The project changed because of an authorized real UI edit, not because of this verifier.

Current raw JSON counts: stages=2, content_items=2, documents=2, blocks=8, assets=3, asset_usages=3.
Current lessons:
- S01-01 “01 图文 与 跨目录链接 Lesson”, stage “01 基础 Stage”, document 99ace535-cd67-497a-bd14-dec2a9ab2ccc, 5 blocks; imported from `01 基础 Stage/01 图文 与 跨目录链接 Lesson.md`, source SHA-256 3cc463e94c33fcc1848d980a020dfa91a06bfc6528749af24e714728ebccf448.
- S02-01 “03 视频 Lesson”, stage “02 进阶 Stage”, document 49d8bde0-288d-4fca-9ad1-89f9267fcf15, 3 blocks; imported from `02 进阶 Stage/03 视频 Lesson.md`, source SHA-256 183f7b9c94e8ca4c59bc34e270761eeb06cf7ba187f394992154363619b3b26f.

The first lesson has PNG and GIF Markdown image blocks. Each maps to a real `asset_usages` row and a managed Canonical asset. Its cross-lesson Markdown link remains in the paragraph. The second lesson has its source Markdown hyperlink plus the subsequently inserted video block; that video block maps to MP4 asset id 11b5d32b-466e-4be5-8875-cb4353a9e210.

Managed media bytes match Canonical sizes and checksums:
- PNG id 988d7acc-053d-4dac-9763-303bf63fd553; `assets/988d7acc-053d-4dac-9763-303bf63fd553-跨目录 图片.png`; 1,488 B; SHA-256 0c479466fd0ea052ca693290293b423068552c091e37922de3944ce7eefdf0d3.
- GIF id 284f8771-e75c-4418-a1a2-f8e08c8ddcff; `assets/284f8771-e75c-4418-a1a2-f8e08c8ddcff-动画 参考.gif`; 7,493 B; SHA-256 eacfdc6858d34f7c3c299ed7fa75a2a9145981098c24b3900986957b9e94c0d2.
- MP4 id 11b5d32b-466e-4be5-8875-cb4353a9e210; `assets/11b5d32b-466e-4be5-8875-cb4353a9e210-演示 clip.mp4`; 8,748 B; SHA-256 697f1b863079014da64bc345296d4671197a4d921341bf11ef71c26dc21cf7c6.

Folder scan manifest `/tmp/workbench-io-ui-native-final/folder-mapping-validation.json`, SHA-256 781ea5e90e5f70e668b78b083cc61b4627da87c3e9bb2d75d2a4a965f7f6e2e8, recorded 2 stage directories, 3 Markdown files, 3 recursive media files, and 4/4 relative references present. The scan happened before Confirm and recorded no `project.json`; after adoption, the selected folder is now the project root and its Canonical `project.json` is expected. Root imported 2 Markdown documents + 3 media files; the third Markdown lesson was not selected. Do not describe these five source inputs as five Canonical asset rows.

All six original source files remained unchanged after Confirm relative to the pre-Confirm physical proof:
- `01 基础 Stage/01 图文 与 跨目录链接 Lesson.md`: 500 B, 3cc463e94c33fcc1848d980a020dfa91a06bfc6528749af24e714728ebccf448.
- `01 基础 Stage/02 动图 Lesson.md`: 156 B, 6d164fbbcb5d21d592aeaeb6e8fc1d488de0ce9308361910689f903b1874ec70.
- `02 进阶 Stage/03 视频 Lesson.md`: 155 B, 183f7b9c94e8ca4c59bc34e270761eeb06cf7ba187f394992154363619b3b26f.
- GIF: 7,493 B, eacfdc6858d34f7c3c299ed7fa75a2a9145981098c24b3900986957b9e94c0d2.
- MP4: 8,748 B, 697f1b863079014da64bc345296d4671197a4d921341bf11ef71c26dc21cf7c6.
- PNG: 1,488 B, 0c479466fd0ea052ca693290293b423068552c091e37922de3944ce7eefdf0d3.

Deno domain check of this current raw JSON returned three legacy/default issues: missing `layout_pages`, and missing `schema_version=1.0.0` on each of the two document records. `migrateProject(raw)` followed by `validateProjectData` returned zero issues. This is a migrated-domain validation, not a raw Canonical Domain0 claim. The Native/raw-defaults parity check was delegated to the Native owner.

Lease snapshot: old clone `/tmp/workbench-io-ui-native-final/small/.workspace/project.lock` absent. New mapping target `.workspace/project.lock` names PID 18646, app instance `app-p18646-1791255702343-0-1566519f95591738eb3cd6c03cecb027226bc3383a9abca3`, opened_at 2026-10-06T03:21:49.642Z; `ps` showed that process alive. No Native UI action was performed by this verifier.
