/tmp/io-ui-closure-native-qa-final2/AI Course Workbench QA Preview.app: valid on disk
/tmp/io-ui-closure-native-qa-final2/AI Course Workbench QA Preview.app: satisfies its Designated Requirement
Executable=/private/tmp/io-ui-closure-native-qa-final2/AI Course Workbench QA Preview.app/Contents/MacOS/ai-course-workbench
Identifier=io.github.wyzh0117.ai-course-workbench.qa.io-ui-closure
Format=app bundle with Mach-O thin (arm64)
CodeDirectory v=20400 size=38704 flags=0x2(adhoc) hashes=1202+3 location=embedded
VersionPlatform=1
VersionMin=720896
VersionSDK=918528
Hash type=sha256 size=32
CandidateCDHash sha256=02071613ac21676efb768a2493a054a361939234
CandidateCDHashFull sha256=02071613ac21676efb768a2493a054a3619392349a3ca2a27b8d4396c82c6061
Hash choices=sha256
CMSDigest=02071613ac21676efb768a2493a054a3619392349a3ca2a27b8d4396c82c6061
CMSDigestType=2
Executable Segment base=0
Executable Segment limit=13631488
Executable Segment flags=0x1
Page size=16384
CDHash=02071613ac21676efb768a2493a054a361939234
Signature=adhoc
Info.plist entries=16
TeamIdentifier=not set
Sealed Resources version=2 rules=13 files=1
Internal requirements count=0 size=12
{
  "CFBundleDevelopmentRegion" => "English"
  "CFBundleDisplayName" => "AI Course Workbench QA Preview"
  "CFBundleExecutable" => "ai-course-workbench"
  "CFBundleIconFile" => "icon.icns"
  "CFBundleIdentifier" => "io.github.wyzh0117.ai-course-workbench.qa.io-ui-closure"
  "CFBundleInfoDictionaryVersion" => "6.0"
  "CFBundleName" => "AI Course Workbench QA Preview"
  "CFBundlePackageType" => "APPL"
  "CFBundleShortVersionString" => "0.2.7"
  "CFBundleVersion" => "0.2.7"
  "CSResourcesFileMapped" => true
  "LSApplicationCategoryType" => "public.app-category.education"
  "LSMinimumSystemVersion" => "11.0"
  "LSRequiresCarbon" => true
  "NSHighResolutionCapable" => true
  "NSHumanReadableCopyright" => "AI Course Workbench"
}
/tmp/io-ui-closure-native-qa-final2/AI Course Workbench QA Preview.app/Contents/MacOS/ai-course-workbench: Mach-O 64-bit executable arm64
arm64
executable_sha256=c80c06ae10275e144be6ec3ea4e6eb9524c017281a80a9470a937ec33b96fdf4
