source_commit=04e9fdf4276fe37b79d7a1ee87656c28865d0fac
source_asset_files=18
codegen_directory_files=24
exact_source_byte_matches=17
exact_source_assets_present_in_signed_executable=17
nonmatching_codegen_files=7
asset={"file":"e3ad45f2b5ce342a4c0f53ac2a7a0a10881a40c0d17d2b18b5c89b608a06eca7.js","source":"ai.js","sourceSha256":"d7fe9938a6fb00edce222fab75f8b6d7c14ad4b3e8a6fb96e281212412e7968f","decodedSha256":"d7fe9938a6fb00edce222fab75f8b6d7c14ad4b3e8a6fb96e281212412e7968f","decodedBytes":148474,"compressedSha256":"c035d07b6705679a2a830aa7269b15b3d5a44bf639de8503abb0be56906bb030","compressedBytes":34706,"embeddedInSignedExecutable":true}
asset={"file":"77eda8e48c09c53e6c26350c91d8eba54a1628608e7944b19a07657ca8cccc8f.js","source":"authoring.js","sourceSha256":"00b3d0ab273a595df7c81c049a3adfd4f81550c824b4059fae7b325f5261debc","decodedSha256":"00b3d0ab273a595df7c81c049a3adfd4f81550c824b4059fae7b325f5261debc","decodedBytes":45112,"compressedSha256":"aa18b0979c748e9ad0bb758f99a4f7e55faf2c9ae74d599df2d59de461597d33","compressedBytes":11402,"embeddedInSignedExecutable":true}
asset={"file":"487787e39db9dde2b241d31b047b5924c3f76e29761cd2d03461845a8d051c1b.js","source":"boot.js","sourceSha256":"82ef0e4146b39979d82a3ed7dce301c8384db7b49881b5717c8612eb7d38a69b","decodedSha256":"82ef0e4146b39979d82a3ed7dce301c8384db7b49881b5717c8612eb7d38a69b","decodedBytes":3464,"compressedSha256":"986eaaf5470cf2f4b59243836306281f743f089c839866e86fe13f0475f74931","compressedBytes":1282,"embeddedInSignedExecutable":true}
asset={"file":"1226067165963ae3ec12ea97d47c457f9bae87cc8807dd77a3e6c5ad07e137a2.js","source":"canvas.js","sourceSha256":"aae766e171a003676dda3b55906d315593d07befe7dc8adf29a3ea7da053d38f","decodedSha256":"aae766e171a003676dda3b55906d315593d07befe7dc8adf29a3ea7da053d38f","decodedBytes":63831,"compressedSha256":"8ea0e575e4d438960317119d81f1c27977389710e49db940c9440cf93af5c8bf","compressedBytes":16336,"embeddedInSignedExecutable":true}
asset={"file":"cfbc3a56a9f36512d2bad7f32ea61a365c171c05192be9e88d09d5e2bce6e3f4.js","source":"constants.js","sourceSha256":"0c8449d776a4d476316cfa6391b64e441be70883112b7e97e00e809dc47e80b2","decodedSha256":"0c8449d776a4d476316cfa6391b64e441be70883112b7e97e00e809dc47e80b2","decodedBytes":7674,"compressedSha256":"8875e1ca4802f2957bf5b5d88a8c562e694d494d30bd53f56767b98abd9dbf05","compressedBytes":2863,"embeddedInSignedExecutable":true}
asset={"file":"bbe7e9a5916a9aa700acdab982c334510367bc1c3d58b0c0cc5d49d14c3c7e52.ts","source":"layout_pages.d.ts","sourceSha256":"d4a60f26879c322fb9f88de8db4f4f556f94326c9613dfc02066c5a7809050f1","decodedSha256":"d4a60f26879c322fb9f88de8db4f4f556f94326c9613dfc02066c5a7809050f1","decodedBytes":1363,"compressedSha256":"dcbc70c1403f0a22b7424a0282d43e1f9ad7b13bb8c632492e8e4242d85f51f9","compressedBytes":384,"embeddedInSignedExecutable":true}
asset={"file":"4a9dfe18bdafe14f1fdd65641765ec2c5a4bf29a7fb0a1e5f1463b32fb24410f.js","source":"layout_pages.js","sourceSha256":"279102ba24866a563b94aba103e41943f67dec4110a70aae970ee2b191c78164","decodedSha256":"279102ba24866a563b94aba103e41943f67dec4110a70aae970ee2b191c78164","decodedBytes":17718,"compressedSha256":"05d7201966bfdddd6ceadb1b402096515c4c411fb00667ba749c69b817971ff6","compressedBytes":4019,"embeddedInSignedExecutable":true}
asset={"file":"11ac2855f90a3d31231aeea4677415f8e0f84206199e755aecf2b8578e7bda80.js","source":"main.js","sourceSha256":"e6c124f898d9ebe75241010d4d39023408e9c884cace7c480e5c8eda459572da","decodedSha256":"e6c124f898d9ebe75241010d4d39023408e9c884cace7c480e5c8eda459572da","decodedBytes":569956,"compressedSha256":"edd665ca2cc4107cc0af629fc7a157b66f6237102c2baebc24268a24614bfc7b","compressedBytes":116127,"embeddedInSignedExecutable":true}
asset={"file":"8062e977d166555d023752d5608ca893ffdba344376ff4ede2bc7479d0e74dff.js","source":"markdown.js","sourceSha256":"64f75e5a7ddb99b5f1e5afb75dfbf7a6698899bfaadc863886f4aa4b38702d58","decodedSha256":"64f75e5a7ddb99b5f1e5afb75dfbf7a6698899bfaadc863886f4aa4b38702d58","decodedBytes":34349,"compressedSha256":"f0f2e5475138718ed6e320d55630610362c9e7ddddee3bbe488ed7d9aec03e8f","compressedBytes":9498,"embeddedInSignedExecutable":true}
asset={"file":"516ae640ac2a8b380ae2dd1240cc12cf84e6936c3164f04f41cae7968a1348d6.js","source":"persistence.js","sourceSha256":"52ad186b2b6dff3b2cbdb809ee8e4088baaca57159b2ac04505245069442746f","decodedSha256":"52ad186b2b6dff3b2cbdb809ee8e4088baaca57159b2ac04505245069442746f","decodedBytes":21890,"compressedSha256":"cbdd71cd1b8b4d8bc6dc203218f1fcd76d714ceb8f48a449a8b93aecb8dfd7da","compressedBytes":4667,"embeddedInSignedExecutable":true}
asset={"file":"83daf00a88dcd84d8091a23bb6e21b269366b0f8c807a116f399c805a88fa5bc.ts","source":"publication.d.ts","sourceSha256":"9f0569e1454933ee9404301a3b2036210b8a8a1a2c8ad01823c530c9feef0429","decodedSha256":"9f0569e1454933ee9404301a3b2036210b8a8a1a2c8ad01823c530c9feef0429","decodedBytes":5606,"compressedSha256":"940bba9f752a3f2fc12538043a73635e7b9ee3d525f50a314da98bd96e8708e4","compressedBytes":1499,"embeddedInSignedExecutable":true}
asset={"file":"b6c4600db207aaf77845754570b0a9ab77fc460273a66ffb511e46d72e4475e7.js","source":"publication.js","sourceSha256":"1b8d917296603bee40056b427a1a6fe6db65e59b6fbf1395a6318a5ae78a39d4","decodedSha256":"1b8d917296603bee40056b427a1a6fe6db65e59b6fbf1395a6318a5ae78a39d4","decodedBytes":30261,"compressedSha256":"d096ecc515f7dc576ec7bb2f1f4c4d498aa34c930b48929d27f8065a3f04e35f","compressedBytes":7343,"embeddedInSignedExecutable":true}
asset={"file":"d4e849fb059e8b13b1690effd74d58ead52c5b6dcd592654043f4a1d2fd53c2b.js","source":"recovery.js","sourceSha256":"93796bf2f711869268a301cd1c04b66d82ffdfb1e1121d568d8ee1e9124fca6b","decodedSha256":"93796bf2f711869268a301cd1c04b66d82ffdfb1e1121d568d8ee1e9124fca6b","decodedBytes":1510,"compressedSha256":"1b36253b90269b90c654ecbf7db698880d21a89217a56028ee66c7ca6c99cb69","compressedBytes":515,"embeddedInSignedExecutable":true}
asset={"file":"9c2ef82776395841f09ee995dbae244d4acbbb84454a4e298fd5c1c1e465160d.css","source":"styles.css","sourceSha256":"807b840e69a705c8b69824573703920aec1cdcecbc43192dc46817cf3b56ecb4","decodedSha256":"807b840e69a705c8b69824573703920aec1cdcecbc43192dc46817cf3b56ecb4","decodedBytes":146816,"compressedSha256":"03a87edbc413e9cde235186028d0e19ff12562d91e28a858355976d2483debf6","compressedBytes":25010,"embeddedInSignedExecutable":true}
asset={"file":"fec5b462cd30e03e18aa63e4c34971a1d9473e444a283a2e8c7f1752ada6f5eb.js","source":"vendor/marked-18.0.7.esm.js","sourceSha256":"fd52a4d9a8eb652477ec1ddea2c48677bf46fcfc82e3801e46ca54359c57164f","decodedSha256":"fd52a4d9a8eb652477ec1ddea2c48677bf46fcfc82e3801e46ca54359c57164f","decodedBytes":41878,"compressedSha256":"8d8c7c8f78cf7c3a67c961acbf19276965fd46761c0ef695a286a8ffc4d95df3","compressedBytes":12380,"embeddedInSignedExecutable":true}
asset={"file":"5aa9bcd42fa29b052397d4851ca95a6fe044648a1d0db26e7a1f02f796ed9b0b.txt","source":"vendor/MARKED-LICENSE.txt","sourceSha256":"8e3a3f82f59a60958f56ca08f445647c32a4733dc7ca6c2c46f6eb898471ab9c","decodedSha256":"8e3a3f82f59a60958f56ca08f445647c32a4733dc7ca6c2c46f6eb898471ab9c","decodedBytes":2942,"compressedSha256":"fa5301a5bd550ea613a3369cff7701e0a981f5a9bc09fa28912351822c567719","compressedBytes":1357,"embeddedInSignedExecutable":true}
asset={"file":"c2e3ef9954524b9b204ad22c7511447235382c4f56c0b6cfb96bfd22ecc67c20.js","source":"views.js","sourceSha256":"736a305904c1f240437fbf2d37db0da6d42f49c6adc7de0b2646789bf213ffcd","decodedSha256":"736a305904c1f240437fbf2d37db0da6d42f49c6adc7de0b2646789bf213ffcd","decodedBytes":271154,"compressedSha256":"59cbb29cd5900d2b63d38e9b7e3f25f10085e3e33c4aa571ed004fcb6091c0c2","compressedBytes":59857,"embeddedInSignedExecutable":true}
extra_candidate file=11ac2855f90a3d31231aeea4677415f8e0f84206199e755aecf2b8578e7bda80.js decoded_sha256=e6c124f898d9ebe75241010d4d39023408e9c884cace7c480e5c8eda459572da bytes=569956 payload_in_signed_executable=true
extra_candidate file=516ae640ac2a8b380ae2dd1240cc12cf84e6936c3164f04f41cae7968a1348d6.js decoded_sha256=52ad186b2b6dff3b2cbdb809ee8e4088baaca57159b2ac04505245069442746f bytes=21890 payload_in_signed_executable=true
embedded_index file=6d3a832965b424f2406794425e4d0a7dfd827e84a899efc57cd4a3ff010c3bd4.html bytes=395 sha256=13dc4d05d906f9c5075caec01c2a2eeb810aaf266fccc2a97e5c08e5902a37d3 payload_in_signed_executable=true
extra_candidate file=c2e3ef9954524b9b204ad22c7511447235382c4f56c0b6cfb96bfd22ecc67c20.js decoded_sha256=736a305904c1f240437fbf2d37db0da6d42f49c6adc7de0b2646789bf213ffcd bytes=271154 payload_in_signed_executable=true
index_html_source_sha256=cec3b9cefae4757df158ffc3dbf75c47099ea5b6ea912ed535b1f0baf97e8ec2
index_html_embedded_sha256=13dc4d05d906f9c5075caec01c2a2eeb810aaf266fccc2a97e5c08e5902a37d3
index_html_normalized_dom_events_source=17 embedded=17 equal=False
source_events=[('start', 'html', (('lang', 'zh-CN'),)), ('start', 'head', ()), ('empty', 'meta', (('charset', 'UTF-8'),)), ('empty', 'meta', (('content', 'width=device-width, initial-scale=1'), ('name', 'viewport'))), ('empty', 'meta', (('content', '#f7f8fc'), ('name', 'theme-color'))), ('start', 'title', ()), ('data', 'AI Course Workbench'), ('end', 'title'), ('empty', 'link', (('href', '/styles.css'), ('rel', 'stylesheet'))), ('start', 'script', (('src', '/boot.js'),)), ('end', 'script'), ('end', 'head'), ('start', 'body', ()), ('start', 'main', (('aria-live', 'polite'), ('id', 'app'))), ('end', 'main'), ('end', 'body'), ('end', 'html')]
embedded_events=[('start', 'html', (('lang', 'zh-CN'),)), ('start', 'head', ()), ('start', 'meta', (('charset', 'UTF-8'),)), ('start', 'meta', (('content', 'width=device-width, initial-scale=1'), ('name', 'viewport'))), ('start', 'meta', (('content', '#f7f8fc'), ('name', 'theme-color'))), ('start', 'title', ()), ('data', 'AI Course Workbench'), ('end', 'title'), ('start', 'link', (('href', '/styles.css'), ('rel', 'stylesheet'))), ('start', 'script', (('src', '/boot.js'),)), ('end', 'script'), ('end', 'head'), ('start', 'body', ()), ('start', 'main', (('aria-live', 'polite'), ('id', 'app'))), ('end', 'main'), ('end', 'body'), ('end', 'html')]
source_exact_assets=17/18 (includes source files excluding transformed index.html)
index_payload_in_signed_executable=true
exact_source_assets_in_signed_executable=17/17
unmatched_codegen_payloads_in_signed_executable=none
index_html_source_sha256=cec3b9cefae4757df158ffc3dbf75c47099ea5b6ea912ed535b1f0baf97e8ec2
index_html_embedded_sha256=13dc4d05d906f9c5075caec01c2a2eeb810aaf266fccc2a97e5c08e5902a37d3
index_html_normalized_dom_event_stream_equal=True source_events=17 embedded_events=17
