{
  "captured_at": "2026-10-06T04:44:31.795Z",
  "source_pin": "7555f02fdbdad1c3aa558b2b85e3cfe6fb8fa3be",
  "root": "/tmp/workbench-io-ui-native-final/history-fault",
  "ui_result_reported": "snapshot restore failed with a permission error and said project content was unchanged",
  "canonical": {
    "bytes": 69270,
    "sha256": "64b9b83fdbbea3eb2da223c2b368aef031ba644096719a09c9e10643898267be",
    "expected_sha256": "64b9b83fdbbea3eb2da223c2b368aef031ba644096719a09c9e10643898267be",
    "unchanged": true,
    "project_id": "dddddddd-dddd-4ddd-8ddd-dddddddddddd",
    "title": "F-history unindexed prior snapshot",
    "updated_at": "2026-08-15T12:00:00.000Z",
    "domain_issues": []
  },
  "recovery_journal": {
    "bytes": 63330,
    "sha256": "9450c0a19537aa7005a0db89d140c141857ec3945f84c89bd46ace1f328575dc",
    "transaction_id": "add3f113-f78e-437a-9a30-02dfa186e387",
    "project_id": "dddddddd-dddd-4ddd-8ddd-dddddddddddd",
    "canonical_revision": "2026-08-15T12:00:00.000Z",
    "saved_at": "2026-10-06T04:21:14.538Z",
    "candidate_title": "F-history recovery candidate fault final"
  },
  "snapshot_store_before_permission_restore": {
    "path": "/tmp/workbench-io-ui-native-final/history-fault/.workspace/snapshots",
    "mode_before_restore": "40555",
    "file_count_before_restore": 10,
    "files_match_original_clone": true,
    "files": [
      {
        "name": "1fd63b8f-6f70-4c57-a614-1652ac2591fa.json",
        "bytes": 69584,
        "sha256": "ae2559e8e66fd65757ed0f1004a343ad461a2b09001de590306b13da83148808"
      },
      {
        "name": "1fd63b8f-6f70-4c57-a614-1652ac2591fa.meta.json",
        "bytes": 265,
        "sha256": "930a7e2559b1118d61a9bebc28535c07e053afe9deaf1aba865c497afb1ab399"
      },
      {
        "name": "e5b8bafa-6e52-4754-bd0f-69cecafc0ba3.json",
        "bytes": 68969,
        "sha256": "ee46a931ad6172928032ae8cf9dbb3c7fa60cb365f46b9e0a16b1203b54ae1be"
      },
      {
        "name": "e5b8bafa-6e52-4754-bd0f-69cecafc0ba3.meta.json",
        "bytes": 286,
        "sha256": "e9e23f3fd8107c762ff04888bb1437668bea06f22cd932fe430ee0c405b1bb79"
      },
      {
        "name": "history_corrupt_20261006.json",
        "bytes": 30,
        "sha256": "0b2cc6cac164a6170248e19b780455299bc2617a744bbfe4c6b283fe6f4dc51a"
      },
      {
        "name": "history_incomplete_20261006.json",
        "bytes": 68972,
        "sha256": "cd31885f33812bc0c9d35464e54c866721457bd2666752af43246506bc6409c3"
      },
      {
        "name": "history_incomplete_20261006.meta.json",
        "bytes": 174,
        "sha256": "53a2dac98b14e50bda6bdf55edc21b084bbd3b208817c67e0813f9c8412963f3"
      },
      {
        "name": "history_named_20261006.json",
        "bytes": 68973,
        "sha256": "078415fead41496736f495068d35daabd5740c5dc3ca08302acca2919d828396"
      },
      {
        "name": "history_named_20261006.meta.json",
        "bytes": 293,
        "sha256": "ae606c19570820c05501ddc33fc2bfa5b7a64c3356bfaaeddac56d1d086d9dc1"
      },
      {
        "name": "history_unindexed_20261006.json",
        "bytes": 68972,
        "sha256": "1669e0c858a1d63aeda8be4431a7af1cdfb00859824dc319f521cb6896732a1d"
      }
    ],
    "index_bytes": 63110,
    "index_sha256": "27261247b315e5ab689652b41c50da72acb030e2002b5c32eba7e2216bd8366f",
    "index_matches_original_clone": true
  },
  "canonical_backup_present": false,
  "permission_restored_at": "2026-10-06T04:44:31.798Z",
  "snapshot_store_after_permission_restore": {
    "path": "/tmp/workbench-io-ui-native-final/history-fault/.workspace/snapshots",
    "mode_octal": "40755",
    "expected_mode_octal": "40755"
  }
}
