
running 230 tests
test documents::docx::tests::docx_missing_numbering_falls_back_to_bullets ... ok
test documents::docx::tests::docx_unsupported_object_only_warns_and_keeps_reading ... ok
test documents::docx::tests::docx_restores_structure_in_document_order ... ok
test documents::docx::tests::docx_table_extras_and_anchor_links_degrade_with_warning ... ok
test documents::docx::tests::docx_embedded_images_follow_document_order ... ok
test documents::docx::tests::docx_ignores_headers_footers_and_layout_parts ... ok
test documents::docx::tests::docx_broken_containers_are_errors_not_panics ... ok
test documents::epub::tests::epub_broken_archives_are_chinese_errors_not_panics ... ok
test documents::epub::tests::epub_css_script_and_title_never_enter_blocks ... ok
test documents::epub::tests::epub_encryption_declaration_and_foreign_entries_are_data_only ... ok
test documents::docx::tests::docx_archive_entries_are_data_only ... ok
test documents::epub::tests::epub_imageless_book_has_no_images_and_no_warnings ... ok
test documents::epub::tests::epub_heading_levels_come_from_tags_and_class_hints ... ok
test documents::epub::tests::epub_data_uri_images_are_decoded_into_assets ... ok
test documents::epub::tests::epub_inline_formatting_becomes_markdown_not_html ... ok
test documents::epub::tests::epub_landmarks_and_semantic_types_do_not_invent_headings ... ok
test documents::epub::tests::epub_images_follow_the_ref_name_and_image_refs_contract ... ok
test documents::epub::tests::epub_quote_and_code_blocks_keep_their_content ... ok
test documents::epub::tests::epub_textless_spine_is_not_usable_text ... ok
test documents::epub::tests::epub_links_follow_internal_external_and_scheme_rules ... ok
test documents::epub::tests::epub_nested_lists_use_gfm_prefixes_and_cap_recursion ... ok
test documents::epub::tests::epub_tables_become_gfm_and_uneven_rows_degrade_loudly ... ok
test documents::latex::tests::latex_block_and_table_helpers_are_pure ... ok
test documents::epub::tests::epub_unbalanced_markup_keeps_every_word ... ok
test documents::latex::tests::latex_comments_and_tex_escapes_are_literal ... ok
test documents::latex::tests::latex_degrades_display_math_and_environments ... ok
test documents::latex::tests::latex_degrades_inline_math_but_keeps_source ... ok
test documents::latex::tests::latex_converts_itemize_with_nested_enumerate ... ok
test documents::epub::tests::epub_reads_chapters_in_spine_order ... ok
test documents::epub::tests::epub_unresolvable_images_only_warn_and_keep_text ... ok
test documents::latex::tests::latex_includegraphics_emits_a_percent_encoded_local_image_reference ... ok
test documents::latex::tests::latex_maps_part_and_chapter_to_top_levels ... ok
test documents::latex::tests::latex_footnote_and_cross_reference_are_inlined ... ok
test documents::epub::tests::epub_unsupported_media_and_math_are_reported_not_dropped ... ok
test documents::epub::tests::epub_damaged_package_parts_degrade_without_losing_the_book ... ok
test documents::latex::tests::latex_multicolumn_is_flattened_with_warning ... ok
test documents::latex::tests::latex_never_touches_disk_for_includes_and_graphics ... ok
test documents::latex::tests::latex_preserves_inline_formatting_and_links ... ok
test documents::latex::tests::latex_renders_enumerate_and_description ... ok
test documents::latex::tests::latex_quote_and_verbatim_environments ... ok
test documents::latex::tests::latex_recognizes_sectioning_and_paragraphs ... ok
test documents::latex::tests::latex_tabular_becomes_gfm_table ... ok
test documents::latex::tests::latex_tolerates_unterminated_environment_and_garbage_bytes ... ok
test documents::latex::tests::latex_unknown_environment_keeps_content_as_blocks ... ok
test documents::latex::tests::latex_unknown_macro_keeps_readable_text_with_warning ... ok
test documents::pdf::tests::pdf_blank_page_and_empty_content_stream_are_not_errors ... ok
test documents::pdf::tests::pdf_font_size_thresholds_decide_heading_levels ... ok
test documents::pdf::tests::pdf_flate_decoded_content_stream_is_extracted ... ok
test documents::pdf::tests::pdf_corrupt_compressed_stream_never_claims_success ... ok
test documents::pdf::tests::pdf_cid_font_without_tounicode_never_fabricates_text ... ok
test documents::pdf::tests::pdf_block_ir_shape_matches_the_contract ... ok
test documents::pdf::tests::pdf_damaged_offsets_and_trailers_fail_loudly ... ok
test documents::pdf::tests::pdf_image_xobject_is_reported_but_not_imported ... ok
test documents::pdf::tests::pdf_form_xobject_content_is_extracted ... ok
test documents::pdf::tests::pdf_form_fields_and_annotations_are_warned_about ... ok
test documents::pdf::tests::pdf_hex_string_decodes_utf16_be_text ... ok
test documents::pdf::tests::pdf_literal_string_escapes_decode_exactly ... ok
test documents::pdf::tests::pdf_non_pdf_and_missing_cross_reference_table_are_errors ... ok
test documents::pdf::tests::pdf_missing_page_and_non_stream_contents_degrade_honestly ... ok
test documents::pdf::tests::pdf_line_breaks_and_paragraph_merging_follow_the_rules ... ok
test documents::pdf::tests::pdf_scanned_document_keeps_only_a_reference ... ok
test documents::pdf::tests::pdf_stream_length_declared_outside_the_dictionary_is_recovered ... ok
test documents::pdf::tests::pdf_show_operators_produce_the_same_visible_text ... ok
test documents::pdf::tests::pdf_tounicode_cmap_decodes_cid_codes ... ok
test documents::pdf::tests::pdf_two_pages_keep_page_and_reading_order ... ok
test documents::epub::tests::epub_utf16_and_entities_decode_to_readable_text ... ok
test documents::pdf::tests::pdf_stream_length_longer_than_the_file_is_survivable ... ok
test documents::plaintext::tests::decoder_covers_utf32_and_windows_1252 ... ok
test documents::pdf::tests::pdf_unsupported_filter_is_reported_not_skipped_silently ... ok
test documents::plaintext::tests::looks_like_text_rejects_control_dense_payload ... ok
test documents::pdf::tests::pdf_whitespace_is_collapsed_not_dropped ... ok
test documents::plaintext::tests::plain_text_does_not_invent_headings ... ok
test documents::plaintext::tests::plain_text_detects_utf16_with_bom ... ok
test documents::plaintext::tests::plain_text_accepts_utf8_bom_and_crlf ... ok
test documents::pdf::tests::pdf_xref_stream_and_object_stream_documents_are_supported ... ok
test documents::plaintext::tests::plain_text_reports_control_chars_and_empty_file ... ok
test documents::plaintext::tests::plain_text_reports_unpaired_surrogates_as_degraded ... ok
test documents::plaintext::tests::plain_text_rejects_binary_and_truncated_encodings ... ok
test documents::plaintext::tests::plain_text_falls_back_to_gb18030 ... ok
test documents::plaintext::tests::plain_text_splits_paragraphs_on_blank_lines ... ok
test documents::tests::block_shape_matches_adopt_markdown_blocks_ir ... ok
test documents::tests::extension_and_support_are_case_insensitive ... ok
test documents::tests::markdown_passes_through_without_blocks ... ok
test documents::tests::images_are_deduped_and_keyed_by_ref_name ... ok
test documents::tests::markdown_helpers_mirror_javascript ... ok
test documents::tests::path_helpers_handle_relative_references ... ok
test documents::tests::unsupported_and_oversized_are_errors_not_panics ... ok
test documents::tests::unsupported_image_keeps_text_and_warns ... ok
test documents::tests::warnings_are_deduped_and_capped ... ok
test paged_export::tests::projection_notices_must_match_canonical_legacy_grid_ambiguity ... ok
test paged_export::tests::projection_validation_rejects_stale_and_out_of_bounds_pages ... ok
test paged_export::tests::legacy_grid_notice_uses_canonical_section_and_root_placement_buckets ... ok
test paged_export::tests::paged_html_keeps_text_live_and_positions_real_media ... ok
test paged_export::tests::xml_text_drops_invalid_control_characters ... ok
test paged_export::tests::pptx_has_editable_text_image_shapes_and_valid_package_relationships ... ok
test paged_export::tests::zip_writer_uses_stored_entries_with_crc32 ... ok
test registry::tests::a_folder_recorded_under_a_new_id_retires_the_row_that_claimed_it ... ok
test paged_export::tests::semantic_export_keeps_editable_runs_and_inline_asset_images ... ok
test registry::tests::a_record_without_a_location_refreshes_the_stored_path ... ok
test registry::tests::a_same_id_at_two_live_paths_is_reported_as_a_copy_and_never_merged ... ok
test registry::tests::availability_marks_a_missing_folder_for_the_launcher ... ok
test registry::tests::record_input_accepts_both_argument_spellings ... ok
test registry::tests::relocate_follows_the_id_and_refuses_a_mismatch ... ok
test registry::tests::relocating_a_row_to_its_own_path_replaces_it_instead_of_deleting_it ... ok
test registry::tests::reopening_a_moved_project_updates_the_stored_path ... ok
test registry::tests::reopening_the_same_project_refreshes_only_last_opened_at ... ok
test registry::tests::a_damaged_registry_reads_as_empty_and_keeps_a_backup ... ok
test registry::tests::a_recorded_project_roundtrips_through_the_file ... ok
test tests::adding_media_without_context_preserves_existing_asset_usages ... ok
test tests::ai_cancel_aborts_a_registered_handle ... ok
test tests::ai_cancel_unknown_request_is_a_harmless_no_op ... ok
test registry::tests::a_foreign_record_shape_is_dropped_rather_than_echoed ... ok
test registry::tests::several_projects_sort_newest_first ... ok
test registry::tests::removing_a_row_touches_nothing_else_and_only_deletes_the_row ... ok
test tests::ai_complete_rejects_credential_shaped_request_fields ... ok
test tests::ai_complete_rejects_non_https_and_unparseable_urls ... ok
test tests::active_lock_heartbeats_and_blocks_a_second_instance ... ok
test tests::ai_complete_requires_a_stored_credential_when_auth_is_requested ... ok
test documents::tests::oversized_block_is_split_and_warned ... ok
test tests::a_blueprint_draft_creates_no_formal_course_rows ... ok
test tests::ai_connection_list_on_an_empty_store_returns_empty_collections ... ok
test tests::ai_complete_cancel_aborts_an_in_flight_request ... ok
test tests::ai_connection_and_secret_delete_report_removed ... ok
test tests::ai_connection_round_trip_reports_configured_without_the_key ... ok
test tests::ai_connection_save_rejects_credential_shaped_provider_fields ... ok
test tests::ai_execution_append_collapses_pre_existing_duplicate_ids ... ok
test tests::ai_credentials_require_confirmation_before_cross_origin_reuse ... ok
test tests::ai_execution_append_mints_an_id_when_none_is_supplied ... ok
test tests::ai_execution_append_keeps_short_credentials_from_shredding_text ... ok
test tests::ai_execution_append_reports_a_log_failure_not_a_course_save_failure ... ok
test tests::ai_execution_append_replaces_an_existing_record_by_id ... ok
test tests::ai_execution_append_sanitises_and_truncates_records ... ok
test tests::ai_execution_append_scrubs_pasted_credentials_from_free_text ... ok
test tests::ai_execution_list_returns_newest_first_and_honours_limit ... ok
test tests::ai_execution_store_is_bounded_to_two_hundred_records ... ok
test tests::ai_missing_or_invalid_credential_origin_stays_unbound ... ok
test tests::ai_execution_upsert_keeps_the_bound_and_newest_first_order ... ok
test tests::ai_payloads_accept_both_invoke_shapes ... ok
test tests::ai_plaintext_migration_failure_keeps_the_source_file ... ok
test tests::ai_plaintext_provider_store_migrates_to_test_secure_store ... ok
test tests::ai_complete_stops_redirects_and_rejects_bad_request_shapes ... ok
test tests::ai_complete_posts_with_the_injected_credential_and_parses_json ... ok
test tests::ai_complete_skips_auth_for_endpoints_without_a_header ... ok
test tests::app_instance_ids_are_pid_scoped_and_unique ... ok
test tests::ai_model_probe_is_transient_and_connection_test_sends_only_a_small_fixed_prompt ... ok
test tests::ai_provider_excerpts_keep_identifiers_but_drop_encoded_keys ... ok
test tests::ai_secret_set_never_echoes_the_value_on_any_path ... ok
test tests::ai_protocols_post_to_the_saved_loopback_endpoints_with_protocol_auth ... ok
test tests::exporting_beside_project_never_copies_an_asset_onto_itself ... ok
test tests::ai_complete_maps_provider_statuses_and_stream_responses ... ok
test tests::asset_rename_moves_a_managed_markdown_source_file ... ok
test tests::asset_read_returns_project_asset_bytes_and_rejects_unsafe_paths ... ok
test tests::extreme_heartbeat_is_malformed_without_overflow ... ok
test tests::asset_rename_moves_the_managed_file_and_rewrites_its_paths ... ok
test tests::asset_rename_refuses_unsafe_names_and_collisions ... ok
test tests::external_modification_blocks_native_save_and_reload_refreshes_baseline ... ok
test tests::folder_adopt_case_c_never_replaces_a_usable_project ... ok
test tests::folder_adopt_cleans_only_its_staging_when_a_later_markdown_ref_escapes ... ok
test tests::folder_adopt_case_c_keeps_unusable_manifest_as_backup ... ok
test tests::folder_adopt_directory_media_skips_symlink_escape ... ok
test tests::folder_adopt_ignores_client_supplied_blocks_for_a_native_document ... ok
test tests::folder_adopt_directory_media_leaves_listed_paths_alone ... ok
test tests::folder_adopt_marks_latex_math_as_degraded_and_surfaces_the_warning ... ok
test tests::folder_adopt_rejects_unconfirmed_plan ... ok
test tests::folder_adopt_keeps_a_scanned_pdf_as_a_source_reference_without_a_lesson ... ok
test tests::folder_adopt_one_broken_document_does_not_fail_the_batch ... ok
test tests::folder_adopt_parses_docx_body_and_materialises_embedded_image ... ok
test tests::folder_adopt_refuses_document_paths_that_escape_the_chosen_folder ... ok
test tests::folder_adopt_same_name_different_bytes_gets_distinct_asset_paths ... ok
test tests::folder_adopt_skips_ignore_and_unselected_entries ... ok
test tests::folder_adopt_selected_lesson_folder_groups_checked_documents ... ok
test tests::folder_adopt_reuses_identical_checksum_and_keeps_original_bytes ... ok
test tests::folder_adopt_preserves_semantic_images_across_selected_formats ... ok
test tests::folder_adopt_selected_directory_imports_descendant_media_only ... ok
test tests::folder_adopt_tallies_unchecked_documents_as_deliberate_skips ... ok
test tests::folder_adopt_unselected_directory_imports_no_descendants ... ok
test tests::folder_adopt_warns_for_missing_markdown_images_and_keeps_the_original_reference ... ok
test tests::folder_read_preview_rejects_intermediate_symlink_escape ... ok
test tests::folder_read_preview_rejects_path_escape ... ok
test tests::folder_read_preview_returns_image_kind_with_bytes ... ok
test tests::folder_read_preview_returns_markdown_text_without_mutating_files ... ok
test documents::pdf::tests::pdf_source_over_max_bytes_is_rejected_before_parsing ... ok
test tests::folder_adopt_writes_canonical_copies_assets_and_leaves_originals ... ok
test tests::folder_read_preview_shows_pdf_and_docx_without_mutating_the_project ... ok
test tests::folder_scan_lists_directory_without_reading_its_contents ... ok
test tests::folder_scan_rejects_symlink_escape_and_skips_symlink_children ... ok
test tests::full_course_export_accepts_an_explicit_null_content_item ... ok
test tests::heading_lines_open_a_new_stage_and_an_empty_input_still_starts_somewhere ... ok
test tests::folder_scan_documents_obeys_selected_stage_and_lesson_rows ... ok
test tests::folder_append_skips_a_duplicate_markdown_before_resolving_a_stale_target ... ok
test tests::foreign_owner_stops_heartbeat_without_retry ... ok
test tests::heartbeat_parser_requires_trimmed_padded_post_epoch_dates ... ok
test tests::keychain_add_arguments_carry_the_secret_as_the_value_of_dash_w ... ok
test tests::keychain_read_and_delete_arguments_target_the_same_item_as_the_write ... ok
test tests::launch_project_dir_argument_is_parsed_and_validated ... ok
test tests::model_ids_parse_from_the_shapes_real_providers_return ... ok
test tests::native_markdown_and_html_export_used_asset_references ... ok
test tests::native_markdown_ref_check_handles_gfm_nested_lists_references_and_code ... ok
test tests::folder_scan_lists_direct_children_and_skips_managed_entries ... ok
test tests::heartbeat_does_not_revive_an_expired_same_owner_lease ... ok
test tests::malformed_fresh_lock_blocks_but_stale_lock_is_recoverable ... ok
test tests::native_preflight_requires_target_for_mixed_course_page_sizes ... ok
test tests::native_preflight_blocks_ambiguous_legacy_grid_without_projection_notice ... ok
test tests::folder_append_skips_a_duplicate_document_until_allow_duplicate_is_set ... ok
test tests::native_merge_resolution_requires_the_inspected_disk_fingerprint ... ok
test tests::open_failure_rolls_back_new_lease_and_unopened_save_is_rejected ... ok
test tests::pure_project_read_does_not_create_a_lease_or_workspace ... ok
test tests::release_without_registered_lease_has_no_side_effect ... ok
test tests::native_save_rejects_a_stale_client_after_an_internal_project_write ... ok
test tests::project_guard_blocks_release_until_write_scope_finishes ... ok
test tests::seed_outline_lines_become_stages_and_contents ... ok
test tests::session_payloads_carry_reader_position_but_never_credentials ... ok
test tests::project_create_allows_strategy_a_in_nonempty_folder_without_moving_files ... ok
test tests::same_owner_reacquire_replaces_stopped_heartbeat_handle ... ok
test tests::paged_pptx_run_requires_revision_bound_warning_acknowledgement ... ok
test tests::siwc_id_token_requires_rs256_issuer_audience_nonce_and_expiry ... ok
test tests::siwc_cancel_terminates_callback_and_status_never_contains_credentials ... ok
test tests::restore_requires_a_persisted_backup_and_returns_the_committed_state ... ok
test tests::siwc_logout_waits_for_refresh_and_cannot_be_undone_by_it ... ok
test tests::siwc_model_visibility_and_responses_requests_use_only_the_selected_account_token ... ok
test tests::snapshot_create_is_idempotent_and_refuses_content_conflict ... ok
test tests::ai_errors_never_echo_the_request_url ... ok
test tests::siwc_logout_revokes_then_erases_only_the_selected_account ... ok
test tests::stale_takeover_stops_old_heartbeat_and_non_owner_cannot_release ... ok
test tests::transient_heartbeat_error_retries_with_bounded_backoff ... ok
test tests::valid_heartbeat_controls_staleness_not_lock_mtime ... ok
test tests::snapshot_listing_is_read_only_and_isolates_corrupt_files ... ok
test tests::siwc_refresh_is_deduplicated_and_credentials_are_account_isolated ... ok
test tests::folder_append_preserves_existing_project_and_rolls_back_failed_commit ... ok
test tests::same_owner_reacquire_reuses_live_heartbeat_handle ... ok

test result: ok. 230 passed; 0 failed; 0 ignored; 0 measured; 0 filtered out; finished in 2.03s

candidate_t2_compact_ack_exit_code=0
