warning: unused import: `super::*`
 --> src/documents/docx/tests.rs:5:5
  |
5 | use super::*;
  |     ^^^^^^^^
  |
  = note: `#[warn(unused_imports)]` (part of `#[warn(unused)]`) on by default

warning: function `xml_text` is never used
  --> src/documents/fixtures.rs:54:15
   |
54 | pub(crate) fn xml_text(value: &str) -> String {
   |               ^^^^^^^^
   |
   = note: `#[warn(dead_code)]` (part of `#[warn(unused)]`) on by default

warning: function `pdf_literal` is never used
  --> src/documents/fixtures.rs:62:15
   |
62 | pub(crate) fn pdf_literal(value: &str) -> String {
   |               ^^^^^^^^^^^

warning: `ai-course-workbench` (lib test) generated 3 warnings (run `cargo fix --lib -p ai-course-workbench --tests` to apply 1 suggestion)
    Finished `test` profile [unoptimized + debuginfo] target(s) in 0.64s
     Running unittests src/lib.rs (/tmp/io-ui-closure-candidate-seeded/debug/deps/ai_course_workbench_lib-cc28423643d1bb57)

running 2 tests
test tests::asset_preview_batch_echoes_bindings_and_isolates_item_failures ... ok
test tests::asset_preview_batch_caps_items_and_defers_beyond_raw_budget ... ok

test result: ok. 2 passed; 0 failed; 0 ignored; 0 measured; 243 filtered out; finished in 0.18s
