baseline_commit=dfcb23e88b08b246e03b1576eb9471627e510548
archive=/tmp/io-ui-closure-rust-baseline.Bugvel/source
cargo_target=/tmp/io-ui-closure-rust-baseline.Bugvel/cargo-target
rustc 1.98.1 (48a229cea 2026-09-01)
cargo 1.98.1 (797e8a9bc 2026-08-05)
cargo_fmt_status=0
   Compiling proc-macro2 v1.0.107
   Compiling unicode-ident v1.0.26
   Compiling quote v1.0.47
   Compiling libc v0.2.189
   Compiling cfg-if v1.0.5
   Compiling serde_core v1.0.229
   Compiling memchr v2.8.3
   Compiling itoa v1.0.18
   Compiling shlex v2.0.1
   Compiling smallvec v1.16.1
   Compiling find-msvc-tools v0.1.13
   Compiling writeable v0.6.4
   Compiling cc v1.4.7
   Compiling litemap v0.8.3
   Compiling siphasher v1.0.3
   Compiling utf8_iter v1.0.4
   Compiling phf_shared v0.13.1
   Compiling icu_normalizer_data v2.3.0
   Compiling zmij v1.0.23
   Compiling icu_properties_data v2.3.0
   Compiling fastrand v2.5.0
   Compiling phf_generator v0.13.1
   Compiling stable_deref_trait v1.2.1
   Compiling autocfg v1.5.1
   Compiling log v0.4.34
   Compiling serde v1.0.229
   Compiling bytes v1.12.1
   Compiling syn v3.0.6
   Compiling syn v2.0.119
   Compiling fnv v1.0.7
   Compiling hashbrown v0.17.1
   Compiling time-core v0.1.9
   Compiling equivalent v1.0.2
   Compiling num-conv v0.2.2
   Compiling deranged v0.5.8
   Compiling thiserror v2.0.20
   Compiling powerfmt v0.2.0
   Compiling winnow v1.0.4
   Compiling phf_codegen v0.13.1
   Compiling indexmap v2.14.2
   Compiling strsim v0.11.1
   Compiling toml_parser v1.1.3+spec-1.1.0
   Compiling alloc-no-stdlib v2.0.4
   Compiling toml_writer v1.1.2+spec-1.1.0
   Compiling typeid v1.0.3
   Compiling serde_json v1.0.151
   Compiling ident_case v1.0.1
   Compiling alloc-stdlib v0.2.4
   Compiling erased-serde v0.4.10
   Compiling parking_lot_core v0.9.12
   Compiling byteorder v1.5.0
   Compiling aho-corasick v1.1.5
   Compiling new_debug_unreachable v1.0.6
   Compiling unic-char-range v0.9.0
   Compiling unic-common v0.9.0
   Compiling version_check v0.9.5
   Compiling thiserror v1.0.69
   Compiling scopeguard v1.2.0
   Compiling regex-syntax v0.8.11
   Compiling lock_api v0.4.14
   Compiling unic-ucd-version v0.9.0
   Compiling unic-char-property v0.9.0
   Compiling string_cache_codegen v0.6.1
   Compiling precomputed-hash v0.1.1
   Compiling getrandom v0.4.3
   Compiling web_atoms v0.2.6
   Compiling parking_lot v0.12.5
   Compiling synstructure v0.14.0
   Compiling darling_core v0.24.1
   Compiling unic-ucd-ident v0.9.0
   Compiling bitflags v2.13.2
   Compiling serde_spanned v1.1.1
   Compiling quick-xml v0.42.0
   Compiling anyhow v1.0.104
   Compiling base64 v0.23.1
   Compiling regex-automata v0.4.18
   Compiling string_cache v0.9.0
   Compiling http v1.5.0
   Compiling semver v1.0.28
   Compiling objc2-exception-helper v0.1.1
   Compiling zerofrom-derive v0.1.8
   Compiling yoke-derive v0.8.3
   Compiling serde_derive v1.0.229
   Compiling zerovec-derive v0.11.6
   Compiling displaydoc v0.2.7
   Compiling phf_macros v0.13.1
   Compiling thiserror-impl v2.0.20
   Compiling zerofrom v0.1.8
   Compiling thiserror-impl v1.0.69
   Compiling same-file v1.0.6
   Compiling yoke v0.8.3
   Compiling phf v0.13.1
   Compiling zerovec v0.11.8
   Compiling zerotrie v0.2.5
   Compiling darling_macro v0.24.1
   Compiling darling v0.24.1
   Compiling regex v1.13.1
   Compiling tinystr v0.8.4
   Compiling potential_utf v0.1.6
   Compiling serde_with_macros v3.23.0
   Compiling icu_locale_core v2.3.0
   Compiling icu_collections v2.3.0
   Compiling percent-encoding v2.3.2
   Compiling dunce v1.0.5
   Compiling dtoa v1.0.11
   Compiling ctor-proc-macro v0.0.7
   Compiling form_urlencoded v1.2.2
   Compiling dtoa-short v0.3.5
   Compiling walkdir v2.5.0
   Compiling ctor v0.8.0
   Compiling derive_more-impl v2.1.1
   Compiling cssparser-macros v0.6.1
   Compiling uuid v1.26.1
   Compiling icu_provider v2.3.1
   Compiling tendril v0.5.1
   Compiling selectors v0.36.1
   Compiling toml_datetime v1.1.1+spec-1.1.0
   Compiling indexmap v1.9.3
   Compiling camino v1.2.6
   Compiling glob v0.3.4
   Compiling icu_properties v2.3.0
   Compiling icu_normalizer v2.3.0
   Compiling base64 v0.21.7
   Compiling swift-rs v1.0.8
   Compiling markup5ever v0.38.0
   Compiling toml v1.1.6+spec-1.1.0
   Compiling derive_more v2.1.1
   Compiling cssparser v0.36.0
   Compiling serde_derive_internals v0.29.1
   Compiling servo_arc v0.4.3
   Compiling typenum v1.20.1
   Compiling hashbrown v0.12.3
   Compiling schemars v0.8.22
   Compiling bit-vec v0.8.0
   Compiling objc2 v0.6.4
   Compiling idna_adapter v1.2.2
   Compiling idna v1.1.0
   Compiling rustc-hash v2.1.3
   Compiling bit-set v0.8.0
   Compiling schemars_derive v0.8.22
   Compiling url v2.5.8
   Compiling html5ever v0.38.0
   Compiling cargo-platform v0.1.9
   Compiling jsonptr v0.6.3
   Compiling cfb v0.7.3
   Compiling brotli-decompressor v5.0.3
   Compiling time v0.3.55
   Compiling simd-adler32 v0.3.10
   Compiling dyn-clone v1.0.20
   Compiling objc2-encode v4.1.0
   Compiling foldhash v0.2.0
   Compiling serde-untagged v0.1.9
   Compiling dom_query v0.27.0
   Compiling infer v0.19.0
   Compiling json-patch v3.0.1
   Compiling brotli v8.0.4
   Compiling urlpattern v0.3.0
   Compiling cargo_metadata v0.19.2
   Compiling serde_with v3.23.0
   Compiling generic-array v0.14.7
   Compiling plist v1.10.1
   Compiling crc32fast v1.5.2
   Compiling adler2 v2.0.1
   Compiling option-ext v0.2.0
   Compiling miniz_oxide v0.9.1
   Compiling objc2-core-foundation v0.3.2
   Compiling block2 v0.6.2
   Compiling dirs-sys v0.5.0
   Compiling pin-project-lite v0.2.17
   Compiling once_cell v1.21.4
   Compiling dirs v6.0.0
   Compiling hybrid-array v0.4.15
   Compiling rustc_version v0.4.1
   Compiling time-macros v0.2.32
   Compiling toml_datetime v0.7.5+spec-1.1.0
   Compiling winnow v0.7.15
   Compiling core-foundation-sys v0.8.7
   Compiling tauri-utils v2.9.3
   Compiling objc2-foundation v0.3.2
   Compiling embed-resource v3.0.11
   Compiling heck v0.5.0
   Compiling tauri-winres v0.3.6
   Compiling tokio-macros v2.7.2
   Compiling mio v1.2.3
   Compiling socket2 v0.6.5
   Compiling ring v0.17.14
   Compiling toml v0.9.12+spec-1.1.0
   Compiling tokio v1.53.1
   Compiling miniz_oxide v0.8.9
   Compiling fdeflate v0.3.7
   Compiling cargo_toml v0.22.3
   Compiling raw-window-handle v0.6.2
   Compiling crossbeam-utils v0.8.23
   Compiling bitflags v1.3.2
   Compiling crypto-common v0.2.2
   Compiling dpi v0.1.2
   Compiling cookie v0.18.2
   Compiling getrandom v0.2.15
   Compiling zlib-rs v0.6.8
   Compiling untrusted v0.9.0
   Compiling objc2-app-kit v0.3.2
   Compiling block-buffer v0.10.4
   Compiling crypto-common v0.1.7
   Compiling core-foundation v0.10.1
   Compiling flate2 v1.1.10
   Compiling foreign-types-macros v0.2.4
   Compiling cpufeatures v0.2.17
   Compiling base64 v0.22.1
   Compiling foreign-types-shared v0.3.1
   Compiling futures-core v0.3.31
   Compiling foreign-types v0.5.0
   Compiling png v0.17.16
   Compiling tauri-build v2.6.3
   Compiling tauri-plugin v2.6.3
   Compiling core-graphics-types v0.2.0
   Compiling digest v0.10.7
   Compiling crossbeam-channel v0.5.17
   Compiling block-padding v0.4.2
   Compiling dispatch2 v0.3.1
   Compiling num-traits v0.2.19
   Compiling slab v0.4.9
   Compiling tauri-runtime v2.11.3
   Compiling wry v0.55.1
   Compiling inout v0.2.2
   Compiling sha2 v0.10.9
   Compiling ico v0.5.0
   Compiling core-graphics v0.25.0
   Compiling tracing-core v0.1.33
   Compiling http v0.2.12
   Compiling rustls v0.21.12
   Compiling objc2-web-kit v0.3.2
   Compiling httparse v1.9.5
   Compiling getrandom v0.3.4
   Compiling futures-sink v0.3.31
   Compiling pin-utils v0.1.0
   Compiling unicode-segmentation v1.13.3
   Compiling futures-task v0.3.31
   Compiling tauri-runtime-wry v2.11.4
   Compiling futures-util v0.3.31
   Compiling keyboard-types v0.7.0
   Compiling tokio-util v0.7.13
   Compiling tao v0.35.3
   Compiling tracing v0.1.41
   Compiling tauri-codegen v2.6.3
   Compiling cipher v0.5.2
   Compiling png v0.18.1
   Compiling rustls-webpki v0.101.7
   Compiling sct v0.7.1
   Compiling block-buffer v0.12.1
   Compiling serialize-to-javascript-impl v0.1.2
   Compiling system-configuration-sys v0.5.0
   Compiling try-lock v0.2.5
   Compiling mime v0.3.17
   Compiling rand_core v0.10.1
   Compiling const-oid v0.10.2
   Compiling digest v0.11.3
   Compiling serialize-to-javascript v0.1.2
   Compiling want v0.3.1
   Compiling muda v0.19.3
   Compiling num-integer v0.1.47
   Compiling h2 v0.3.26
   Compiling http-body v0.4.6
   Compiling window-vibrancy v0.6.0
   Compiling futures-channel v0.3.31
   Compiling serde_repr v0.1.21
   Compiling cpufeatures v0.3.1
   Compiling socket2 v0.5.8
   Compiling httpdate v1.0.3
   Compiling rfd v0.16.0
   Compiling http-range v0.1.5
   Compiling embed_plist v1.2.2
   Compiling tinyvec v1.13.3
   Compiling tower-service v0.3.3
   Compiling num-bigint v0.4.8
   Compiling unicode-normalization v0.1.25
   Compiling chacha20 v0.10.2
   Compiling tauri v2.11.6
   Compiling tauri-plugin-fs v2.5.2
   Compiling tauri-macros v2.6.3
   Compiling tauri-plugin-dialog v2.7.3
   Compiling core-foundation v0.9.4
   Compiling encoding_rs v0.8.35
   Compiling tokio-rustls v0.24.1
   Compiling ryu v1.0.18
   Compiling unicode-width v0.2.2
   Compiling hyper v0.14.32
   Compiling cpubits v0.1.1
   Compiling unicode-bidi v0.3.18
   Compiling unicode-properties v0.1.4
   Compiling bumpalo v3.20.3
   Compiling pulldown-cmark v0.13.4
   Compiling zopfli v0.8.3
   Compiling stringprep v0.1.5
   Compiling aes v0.9.3
   Compiling getopts v0.2.24
   Compiling serde_urlencoded v0.7.1
   Compiling system-configuration v0.5.1
   Compiling simple_asn1 v0.6.4
   Compiling rand v0.10.3
   Compiling ai-course-workbench v0.2.6 (/tmp/io-ui-closure-rust-baseline.Bugvel/source/src-tauri)
   Compiling sha2 v0.11.0
   Compiling md-5 v0.11.0
   Compiling cbc v0.2.1
   Compiling ecb v0.2.1
   Compiling pem v3.0.6
   Compiling rustls-pemfile v1.0.4
   Compiling hyper-rustls v0.24.2
   Compiling nom v8.0.0
   Compiling rangemap v1.8.0
   Compiling weezl v0.2.1
   Compiling unicase v2.9.0
   Compiling pulldown-cmark-escape v0.11.0
   Compiling webpki-roots v0.25.4
   Compiling ipnet v2.10.1
   Compiling sync_wrapper v0.1.2
   Compiling jsonwebtoken v9.3.1
   Compiling reqwest v0.11.27
   Compiling zip v4.0.0
   Compiling lopdf v0.45.0
warning: unused import: `super::*`
 --> src/documents/docx/tests.rs:5:5
  |
5 | use super::*;
  |     ^^^^^^^^
  |
  = note: `#[warn(unused_imports)]` (part of `#[warn(unused)]`) on by default

warning: function `xml_text` is never used
  --> src/documents/fixtures.rs:54:15
   |
54 | pub(crate) fn xml_text(value: &str) -> String {
   |               ^^^^^^^^
   |
   = note: `#[warn(dead_code)]` (part of `#[warn(unused)]`) on by default

warning: function `pdf_literal` is never used
  --> src/documents/fixtures.rs:62:15
   |
62 | pub(crate) fn pdf_literal(value: &str) -> String {
   |               ^^^^^^^^^^^

warning: `ai-course-workbench` (lib test) generated 3 warnings (run `cargo fix --lib -p ai-course-workbench --tests` to apply 1 suggestion)
    Finished `test` profile [unoptimized + debuginfo] target(s) in 21m 00s
     Running unittests src/lib.rs (/tmp/io-ui-closure-rust-baseline.Bugvel/cargo-target/debug/deps/ai_course_workbench_lib-cc28423643d1bb57)

running 222 tests
test documents::docx::tests::docx_unsupported_object_only_warns_and_keeps_reading ... ok
test documents::docx::tests::docx_missing_numbering_falls_back_to_bullets ... ok
test documents::docx::tests::docx_ignores_headers_footers_and_layout_parts ... ok
test documents::docx::tests::docx_embedded_images_follow_document_order ... ok
test documents::docx::tests::docx_restores_structure_in_document_order ... ok
test documents::docx::tests::docx_table_extras_and_anchor_links_degrade_with_warning ... ok
test documents::epub::tests::epub_css_script_and_title_never_enter_blocks ... ok
test documents::epub::tests::epub_broken_archives_are_chinese_errors_not_panics ... ok
test documents::epub::tests::epub_encryption_declaration_and_foreign_entries_are_data_only ... ok
test documents::docx::tests::docx_archive_entries_are_data_only ... ok
test documents::docx::tests::docx_broken_containers_are_errors_not_panics ... ok
test documents::epub::tests::epub_data_uri_images_are_decoded_into_assets ... ok
test documents::epub::tests::epub_imageless_book_has_no_images_and_no_warnings ... ok
test documents::epub::tests::epub_inline_formatting_becomes_markdown_not_html ... ok
test documents::epub::tests::epub_heading_levels_come_from_tags_and_class_hints ... ok
test documents::epub::tests::epub_links_follow_internal_external_and_scheme_rules ... ok
test documents::epub::tests::epub_quote_and_code_blocks_keep_their_content ... ok
test documents::epub::tests::epub_landmarks_and_semantic_types_do_not_invent_headings ... ok
test documents::epub::tests::epub_images_follow_the_ref_name_and_image_refs_contract ... ok
test documents::epub::tests::epub_textless_spine_is_not_usable_text ... ok
test documents::epub::tests::epub_reads_chapters_in_spine_order ... ok
test documents::epub::tests::epub_tables_become_gfm_and_uneven_rows_degrade_loudly ... ok
test documents::latex::tests::latex_block_and_table_helpers_are_pure ... ok
test documents::epub::tests::epub_unresolvable_images_only_warn_and_keep_text ... ok
test documents::epub::tests::epub_nested_lists_use_gfm_prefixes_and_cap_recursion ... ok
test documents::latex::tests::latex_comments_and_tex_escapes_are_literal ... ok
test documents::latex::tests::latex_converts_itemize_with_nested_enumerate ... ok
test documents::latex::tests::latex_degrades_inline_math_but_keeps_source ... ok
test documents::latex::tests::latex_degrades_display_math_and_environments ... ok
test documents::latex::tests::latex_includegraphics_emits_a_percent_encoded_local_image_reference ... ok
test documents::latex::tests::latex_footnote_and_cross_reference_are_inlined ... ok
test documents::latex::tests::latex_maps_part_and_chapter_to_top_levels ... ok
test documents::latex::tests::latex_never_touches_disk_for_includes_and_graphics ... ok
test documents::epub::tests::epub_unbalanced_markup_keeps_every_word ... ok
test documents::latex::tests::latex_multicolumn_is_flattened_with_warning ... ok
test documents::epub::tests::epub_unsupported_media_and_math_are_reported_not_dropped ... ok
test documents::latex::tests::latex_renders_enumerate_and_description ... ok
test documents::latex::tests::latex_preserves_inline_formatting_and_links ... ok
test documents::latex::tests::latex_recognizes_sectioning_and_paragraphs ... ok
test documents::latex::tests::latex_tolerates_unterminated_environment_and_garbage_bytes ... ok
test documents::latex::tests::latex_tabular_becomes_gfm_table ... ok
test documents::latex::tests::latex_quote_and_verbatim_environments ... ok
test documents::latex::tests::latex_unknown_macro_keeps_readable_text_with_warning ... ok
test documents::latex::tests::latex_unknown_environment_keeps_content_as_blocks ... ok
test documents::pdf::tests::pdf_flate_decoded_content_stream_is_extracted ... ok
test documents::pdf::tests::pdf_corrupt_compressed_stream_never_claims_success ... ok
test documents::pdf::tests::pdf_cid_font_without_tounicode_never_fabricates_text ... ok
test documents::pdf::tests::pdf_blank_page_and_empty_content_stream_are_not_errors ... ok
test documents::pdf::tests::pdf_block_ir_shape_matches_the_contract ... ok
test documents::epub::tests::epub_damaged_package_parts_degrade_without_losing_the_book ... ok
test documents::pdf::tests::pdf_damaged_offsets_and_trailers_fail_loudly ... ok
test documents::pdf::tests::pdf_form_fields_and_annotations_are_warned_about ... ok
test documents::pdf::tests::pdf_hex_string_decodes_utf16_be_text ... ok
test documents::pdf::tests::pdf_font_size_thresholds_decide_heading_levels ... ok
test documents::pdf::tests::pdf_form_xobject_content_is_extracted ... ok
test documents::pdf::tests::pdf_image_xobject_is_reported_but_not_imported ... ok
test documents::pdf::tests::pdf_non_pdf_and_missing_cross_reference_table_are_errors ... ok
test documents::pdf::tests::pdf_literal_string_escapes_decode_exactly ... ok
test documents::pdf::tests::pdf_scanned_document_keeps_only_a_reference ... ok
test documents::pdf::tests::pdf_missing_page_and_non_stream_contents_degrade_honestly ... ok
test documents::pdf::tests::pdf_show_operators_produce_the_same_visible_text ... ok
test documents::pdf::tests::pdf_line_breaks_and_paragraph_merging_follow_the_rules ... ok
test documents::epub::tests::epub_utf16_and_entities_decode_to_readable_text ... ok
test documents::pdf::tests::pdf_stream_length_longer_than_the_file_is_survivable ... ok
test documents::pdf::tests::pdf_unsupported_filter_is_reported_not_skipped_silently ... ok
test documents::plaintext::tests::looks_like_text_rejects_control_dense_payload ... ok
test documents::pdf::tests::pdf_stream_length_declared_outside_the_dictionary_is_recovered ... ok
test documents::plaintext::tests::decoder_covers_utf32_and_windows_1252 ... ok
test documents::pdf::tests::pdf_two_pages_keep_page_and_reading_order ... ok
test documents::plaintext::tests::plain_text_accepts_utf8_bom_and_crlf ... ok
test documents::plaintext::tests::plain_text_detects_utf16_with_bom ... ok
test documents::plaintext::tests::plain_text_does_not_invent_headings ... ok
test documents::plaintext::tests::plain_text_rejects_binary_and_truncated_encodings ... ok
test documents::plaintext::tests::plain_text_falls_back_to_gb18030 ... ok
test documents::plaintext::tests::plain_text_reports_unpaired_surrogates_as_degraded ... ok
test documents::pdf::tests::pdf_tounicode_cmap_decodes_cid_codes ... ok
test documents::plaintext::tests::plain_text_reports_control_chars_and_empty_file ... ok
test documents::plaintext::tests::plain_text_splits_paragraphs_on_blank_lines ... ok
test documents::tests::markdown_passes_through_without_blocks ... ok
test documents::tests::extension_and_support_are_case_insensitive ... ok
test documents::tests::markdown_helpers_mirror_javascript ... ok
test documents::tests::images_are_deduped_and_keyed_by_ref_name ... ok
test documents::tests::block_shape_matches_adopt_markdown_blocks_ir ... ok
test documents::tests::path_helpers_handle_relative_references ... ok
test documents::tests::unsupported_image_keeps_text_and_warns ... ok
test documents::pdf::tests::pdf_whitespace_is_collapsed_not_dropped ... ok
test documents::tests::unsupported_and_oversized_are_errors_not_panics ... ok
test documents::pdf::tests::pdf_xref_stream_and_object_stream_documents_are_supported ... ok
test paged_export::tests::legacy_grid_notice_uses_canonical_section_and_root_placement_buckets ... ok
test paged_export::tests::paged_html_keeps_text_live_and_positions_real_media ... ok
test paged_export::tests::projection_validation_rejects_stale_and_out_of_bounds_pages ... ok
test documents::tests::warnings_are_deduped_and_capped ... ok
test paged_export::tests::xml_text_drops_invalid_control_characters ... ok
test paged_export::tests::zip_writer_uses_stored_entries_with_crc32 ... ok
test paged_export::tests::projection_notices_must_match_canonical_legacy_grid_ambiguity ... ok
test registry::tests::a_folder_recorded_under_a_new_id_retires_the_row_that_claimed_it ... ok
test registry::tests::a_record_without_a_location_refreshes_the_stored_path ... ok
test registry::tests::a_same_id_at_two_live_paths_is_reported_as_a_copy_and_never_merged ... ok
test paged_export::tests::semantic_export_keeps_editable_runs_and_inline_asset_images ... ok
test paged_export::tests::pptx_has_editable_text_image_shapes_and_valid_package_relationships ... ok
test registry::tests::availability_marks_a_missing_folder_for_the_launcher ... ok
test registry::tests::record_input_accepts_both_argument_spellings ... ok
test registry::tests::relocate_follows_the_id_and_refuses_a_mismatch ... ok
test registry::tests::relocating_a_row_to_its_own_path_replaces_it_instead_of_deleting_it ... ok
test registry::tests::reopening_a_moved_project_updates_the_stored_path ... ok
test registry::tests::reopening_the_same_project_refreshes_only_last_opened_at ... ok
test registry::tests::a_recorded_project_roundtrips_through_the_file ... ok
test registry::tests::a_damaged_registry_reads_as_empty_and_keeps_a_backup ... ok
test tests::adding_media_without_context_preserves_existing_asset_usages ... ok
test registry::tests::a_foreign_record_shape_is_dropped_rather_than_echoed ... ok
test tests::ai_cancel_unknown_request_is_a_harmless_no_op ... ok
test tests::ai_cancel_aborts_a_registered_handle ... ok
test registry::tests::several_projects_sort_newest_first ... ok
test documents::tests::oversized_block_is_split_and_warned ... ok
test registry::tests::removing_a_row_touches_nothing_else_and_only_deletes_the_row ... ok
test tests::active_lock_heartbeats_and_blocks_a_second_instance ... ok
test tests::ai_complete_rejects_credential_shaped_request_fields ... ok
test tests::ai_complete_rejects_non_https_and_unparseable_urls ... ok
test tests::ai_complete_requires_a_stored_credential_when_auth_is_requested ... ok
test tests::a_blueprint_draft_creates_no_formal_course_rows ... ok
test tests::ai_connection_list_on_an_empty_store_returns_empty_collections ... ok
test tests::ai_complete_cancel_aborts_an_in_flight_request ... ok
test tests::ai_connection_round_trip_reports_configured_without_the_key ... ok
test tests::ai_connection_and_secret_delete_report_removed ... ok
test tests::ai_connection_save_rejects_credential_shaped_provider_fields ... ok
test tests::ai_execution_append_collapses_pre_existing_duplicate_ids ... ok
test tests::ai_credentials_require_confirmation_before_cross_origin_reuse ... ok
test tests::ai_execution_append_keeps_short_credentials_from_shredding_text ... ok
test tests::ai_execution_append_mints_an_id_when_none_is_supplied ... ok
test tests::ai_execution_append_reports_a_log_failure_not_a_course_save_failure ... ok
test tests::ai_execution_append_replaces_an_existing_record_by_id ... ok
test tests::ai_execution_append_sanitises_and_truncates_records ... ok
test tests::ai_execution_append_scrubs_pasted_credentials_from_free_text ... ok
test tests::ai_execution_list_returns_newest_first_and_honours_limit ... ok
test tests::ai_complete_skips_auth_for_endpoints_without_a_header ... ok
test tests::ai_complete_stops_redirects_and_rejects_bad_request_shapes ... ok
test tests::ai_complete_posts_with_the_injected_credential_and_parses_json ... ok
test tests::ai_payloads_accept_both_invoke_shapes ... ok
test tests::ai_execution_store_is_bounded_to_two_hundred_records ... ok
test tests::ai_plaintext_migration_failure_keeps_the_source_file ... ok
test tests::ai_execution_upsert_keeps_the_bound_and_newest_first_order ... ok
test tests::ai_plaintext_provider_store_migrates_to_test_secure_store ... ok
test documents::pdf::tests::pdf_source_over_max_bytes_is_rejected_before_parsing ... ok
test tests::app_instance_ids_are_pid_scoped_and_unique ... ok
test tests::ai_missing_or_invalid_credential_origin_stays_unbound ... ok
test tests::ai_secret_set_never_echoes_the_value_on_any_path ... ok
test tests::ai_provider_excerpts_keep_identifiers_but_drop_encoded_keys ... ok
test tests::ai_model_probe_is_transient_and_connection_test_sends_only_a_small_fixed_prompt ... ok
test tests::exporting_beside_project_never_copies_an_asset_onto_itself ... ok
test tests::asset_rename_moves_a_managed_markdown_source_file ... ok
test tests::asset_read_returns_project_asset_bytes_and_rejects_unsafe_paths ... ok
test tests::asset_rename_refuses_unsafe_names_and_collisions ... ok
test tests::ai_complete_maps_provider_statuses_and_stream_responses ... ok
test tests::extreme_heartbeat_is_malformed_without_overflow ... ok
test tests::asset_rename_moves_the_managed_file_and_rewrites_its_paths ... ok
test tests::external_modification_blocks_native_save_and_reload_refreshes_baseline ... ok
test tests::folder_adopt_cleans_only_its_staging_when_a_later_markdown_ref_escapes ... ok
test tests::folder_adopt_case_c_keeps_unusable_manifest_as_backup ... ok
test tests::ai_protocols_post_to_the_saved_loopback_endpoints_with_protocol_auth ... ok
test tests::folder_adopt_case_c_never_replaces_a_usable_project ... ok
test tests::folder_adopt_directory_media_leaves_listed_paths_alone ... ok
test tests::folder_adopt_ignores_client_supplied_blocks_for_a_native_document ... ok
test tests::folder_adopt_directory_media_skips_symlink_escape ... ok
test tests::folder_adopt_rejects_unconfirmed_plan ... ok
test tests::folder_adopt_marks_latex_math_as_degraded_and_surfaces_the_warning ... ok
test tests::folder_adopt_keeps_a_scanned_pdf_as_a_source_reference_without_a_lesson ... ok
test tests::folder_adopt_one_broken_document_does_not_fail_the_batch ... ok
test tests::folder_adopt_parses_docx_body_and_materialises_embedded_image ... ok
test tests::folder_adopt_refuses_document_paths_that_escape_the_chosen_folder ... ok
test tests::folder_adopt_same_name_different_bytes_gets_distinct_asset_paths ... ok
test tests::folder_adopt_skips_ignore_and_unselected_entries ... ok
test tests::folder_adopt_selected_lesson_folder_groups_checked_documents ... ok
test tests::folder_adopt_selected_directory_imports_descendant_media_only ... ok
test tests::folder_adopt_unselected_directory_imports_no_descendants ... ok
test tests::folder_adopt_reuses_identical_checksum_and_keeps_original_bytes ... ok
test tests::folder_adopt_tallies_unchecked_documents_as_deliberate_skips ... ok
test tests::folder_read_preview_rejects_intermediate_symlink_escape ... ok
test tests::folder_read_preview_rejects_path_escape ... ok
test tests::folder_adopt_preserves_semantic_images_across_selected_formats ... ok
test tests::folder_read_preview_returns_image_kind_with_bytes ... ok
test tests::folder_adopt_warns_for_missing_markdown_images_and_keeps_the_original_reference ... ok
test tests::folder_read_preview_returns_markdown_text_without_mutating_files ... ok
test tests::folder_read_preview_shows_pdf_and_docx_without_mutating_the_project ... ok
test tests::folder_append_skips_a_duplicate_markdown_before_resolving_a_stale_target ... ok
test tests::folder_adopt_writes_canonical_copies_assets_and_leaves_originals ... ok
test tests::folder_scan_lists_directory_without_reading_its_contents ... ok
test tests::folder_scan_rejects_symlink_escape_and_skips_symlink_children ... ok
test tests::full_course_export_accepts_an_explicit_null_content_item ... ok
test tests::heartbeat_parser_requires_trimmed_padded_post_epoch_dates ... ok
test tests::heading_lines_open_a_new_stage_and_an_empty_input_still_starts_somewhere ... ok
test tests::keychain_add_arguments_carry_the_secret_as_the_value_of_dash_w ... ok
test tests::keychain_read_and_delete_arguments_target_the_same_item_as_the_write ... ok
test tests::folder_scan_documents_obeys_selected_stage_and_lesson_rows ... ok
test tests::model_ids_parse_from_the_shapes_real_providers_return ... ok
test tests::native_markdown_and_html_export_used_asset_references ... ok
test tests::native_markdown_ref_check_handles_gfm_nested_lists_references_and_code ... ok
test tests::launch_project_dir_argument_is_parsed_and_validated ... ok
test tests::folder_scan_lists_direct_children_and_skips_managed_entries ... ok
test tests::malformed_fresh_lock_blocks_but_stale_lock_is_recoverable ... ok
test tests::native_preflight_blocks_ambiguous_legacy_grid_without_projection_notice ... ok
test tests::native_preflight_requires_target_for_mixed_course_page_sizes ... ok
test tests::folder_append_skips_a_duplicate_document_until_allow_duplicate_is_set ... ok
test tests::open_failure_rolls_back_new_lease_and_unopened_save_is_rejected ... ok
test tests::release_without_registered_lease_has_no_side_effect ... ok
test tests::native_merge_resolution_requires_the_inspected_disk_fingerprint ... ok
test tests::seed_outline_lines_become_stages_and_contents ... ok
test tests::native_save_rejects_a_stale_client_after_an_internal_project_write ... ok
test tests::session_payloads_carry_reader_position_but_never_credentials ... ok
test tests::project_guard_blocks_release_until_write_scope_finishes ... ok
test tests::project_create_allows_strategy_a_in_nonempty_folder_without_moving_files ... ok
test tests::paged_pptx_run_requires_revision_bound_warning_acknowledgement ... ok
test tests::siwc_id_token_requires_rs256_issuer_audience_nonce_and_expiry ... ok
test tests::same_owner_reacquire_replaces_stopped_heartbeat_handle ... ok
test tests::stale_takeover_stops_old_heartbeat_and_non_owner_cannot_release ... ok
test tests::siwc_cancel_terminates_callback_and_status_never_contains_credentials ... ok
test tests::siwc_logout_waits_for_refresh_and_cannot_be_undone_by_it ... ok
test tests::valid_heartbeat_controls_staleness_not_lock_mtime ... ok
test tests::siwc_model_visibility_and_responses_requests_use_only_the_selected_account_token ... ok
test tests::siwc_refresh_is_deduplicated_and_credentials_are_account_isolated ... ok
test tests::siwc_logout_revokes_then_erases_only_the_selected_account ... ok
test tests::folder_append_preserves_existing_project_and_rolls_back_failed_commit ... ok
test tests::ai_errors_never_echo_the_request_url ... ok

test result: ok. 222 passed; 0 failed; 0 ignored; 0 measured; 0 filtered out; finished in 1.71s

     Running unittests src/main.rs (/tmp/io-ui-closure-rust-baseline.Bugvel/cargo-target/debug/deps/ai_course_workbench-9a4df4ea9bb3a599)

running 0 tests

test result: ok. 0 passed; 0 failed; 0 ignored; 0 measured; 0 filtered out; finished in 0.00s

   Doc-tests ai_course_workbench_lib

running 0 tests

test result: ok. 0 passed; 0 failed; 0 ignored; 0 measured; 0 filtered out; finished in 0.00s

cargo_test_status=0
   Compiling ai-course-workbench v0.2.6 (/tmp/io-ui-closure-rust-baseline.Bugvel/source/src-tauri)
    Finished `dev` profile [unoptimized + debuginfo] target(s) in 8.99s
cargo_build_status=0
baseline_root=/tmp/io-ui-closure-rust-baseline.Bugvel
